12-31 18:46:08.028 17003 17029 E Weex    : Weex tickerList 0 
12-31 18:46:08.028 17003 17029 E Weex    : WeexRender layout start 0
12-31 18:46:08.028 17003 17029 E Weex    : WeexRender layout end used 0.005371
12-31 18:46:08.044 17003 17003 E Weex    : Weex window Invalidate
12-31 18:46:08.044 17003 17632 E Weex    : Weex Window::requestNextFrame 0xd77f8f10
12-31 18:46:08.044 17003 17632 E Weex    : Weex Window::requestNextFrame page not null
12-31 18:46:08.044 17003 17632 E Weex    : Weex mRequestFrame 0
12-31 18:46:08.044 17003 17029 E Weex    : Weex onFrame 0 1
12-31 18:46:08.044 17003 17029 E Weex    : Weex tickerList 0 
12-31 18:46:08.044 17003 17029 E Weex    : WeexRender layout start 0
12-31 18:46:08.044 17003 17029 E Weex    : WeexRender layout end used 0.006348
12-31 18:46:08.060 17003 17003 E Weex    : Weex window Invalidate
12-31 18:46:08.061 17003 17632 E Weex    : Weex Window::requestNextFrame 0xd77f8f10
12-31 18:46:08.061 17003 17632 E Weex    : Weex Window::requestNextFrame page not null
12-31 18:46:08.061 17003 17632 E Weex    : Weex mRequestFrame 0
12-31 18:46:08.061 17003 17029 E Weex    : Weex onFrame 0 1
12-31 18:46:08.061 17003 17029 E Weex    : Weex tickerList 0 
12-31 18:46:08.061 17003 17029 E Weex    : WeexRender layout start 0
12-31 18:46:08.061 17003 17029 E Weex    : WeexRender layout end used 0.006348
12-31 18:46:08.077 17003 17003 E Weex    : Weex window Invalidate
12-31 18:46:08.078 17003 17632 E Weex    : Weex Window::requestNextFrame 0xd77f8f10
12-31 18:46:08.078 17003 17632 E Weex    : Weex Window::requestNextFrame page not null
12-31 18:46:08.078 17003 17632 E Weex    : Weex mRequestFrame 0
12-31 18:46:08.078 17003 17029 E Weex    : Weex onFrame 0 1
12-31 18:46:08.078 17003 17029 E Weex    : Weex tickerList 0 
12-31 18:46:08.078 17003 17029 E Weex    : WeexRender layout start 0
12-31 18:46:08.078 17003 17029 E Weex    : WeexRender layout end used 0.006104
12-31 18:46:08.094 17003 17003 E Weex    : Weex window Invalidate
12-31 18:46:08.094 17003 17632 E Weex    : Weex Window::requestNextFrame 0xd77f8f10
12-31 18:46:08.094 17003 17632 E Weex    : Weex Window::requestNextFrame page not null
12-31 18:46:08.094 17003 17632 E Weex    : Weex mRequestFrame 0
12-31 18:46:08.095 17003 17029 E Weex    : Weex onFrame 0 1
12-31 18:46:08.095 17003 17029 E Weex    : Weex tickerList 0 
12-31 18:46:08.095 17003 17029 E Weex    : WeexRender layout start 0
12-31 18:46:08.095 17003 17029 E Weex    : WeexRender layout end used 0.005859
12-31 18:46:08.111 17003 17003 E Weex    : Weex window Invalidate
12-31 18:46:08.111 17003 17632 E Weex    : Weex Window::requestNextFrame 0xd77f8f10
12-31 18:46:08.111 17003 17632 E Weex    : Weex Window::requestNextFrame page not null
12-31 18:46:08.111 17003 17632 E Weex    : Weex mRequestFrame 0
12-31 18:46:08.112 17003 17029 E Weex    : Weex onFrame 0 1
12-31 18:46:08.112 17003 17029 E Weex    : Weex tickerList 0 
12-31 18:46:08.112 17003 17029 E Weex    : WeexRender layout start 0
12-31 18:46:08.112 17003 17029 E Weex    : WeexRender layout end used 0.005615
12-31 18:46:08.128 17003 17003 E Weex    : Weex window Invalidate
12-31 18:46:08.128 17003 17632 E Weex    : Weex Window::requestNextFrame 0xd77f8f10
12-31 18:46:08.128 17003 17632 E Weex    : Weex Window::requestNextFrame page not null
12-31 18:46:08.128 17003 17632 E Weex    : Weex mRequestFrame 0
12-31 18:46:08.129 17003 17029 E Weex    : Weex onFrame 0 1
12-31 18:46:08.129 17003 17029 E Weex    : Weex tickerList 0 
12-31 18:46:08.129 17003 17029 E Weex    : WeexRender layout start 0
12-31 18:46:08.129 17003 17029 E Weex    : WeexRender layout end used 0.006104
12-31 18:46:08.145 17003 17003 E Weex    : Weex window Invalidate
12-31 18:46:08.145 17003 17632 E Weex    : Weex Window::requestNextFrame 0xd77f8f10
12-31 18:46:08.145 17003 17632 E Weex    : Weex Window::requestNextFrame page not null
12-31 18:46:08.145 17003 17632 E Weex    : Weex mRequestFrame 0
12-31 18:46:08.146 17003 17029 E Weex    : Weex onFrame 0 1
12-31 18:46:08.146 17003 17029 E Weex    : Weex tickerList 0 
12-31 18:46:08.146 17003 17029 E Weex    : WeexRender layout start 0
12-31 18:46:08.146 17003 17029 E Weex    : WeexRender layout end used 0.007324
12-31 18:46:08.162 17003 17003 E Weex    : Weex window Invalidate
12-31 18:46:08.162 17003 17632 E Weex    : Weex Window::requestNextFrame 0xd77f8f10
12-31 18:46:08.162 17003 17632 E Weex    : Weex Window::requestNextFrame page not null
12-31 18:46:08.162 17003 17632 E Weex    : Weex mRequestFrame 0
12-31 18:46:08.163 17003 17029 E Weex    : Weex onFrame 0 1
12-31 18:46:08.163 17003 17029 E Weex    : Weex tickerList 0 
12-31 18:46:08.163 17003 17029 E Weex    : WeexRender layout start 0
12-31 18:46:08.163 17003 17029 E Weex    : WeexRender layout end used 0.006104
12-31 18:46:08.179 17003 17003 E Weex    : Weex window Invalidate
12-31 18:46:08.179 17003 17632 E Weex    : Weex Window::requestNextFrame 0xd77f8f10
12-31 18:46:08.179 17003 17632 E Weex    : Weex Window::requestNextFrame page not null
12-31 18:46:08.179 17003 17632 E Weex    : Weex mRequestFrame 0
12-31 18:46:08.180 17003 17029 E Weex    : Weex onFrame 0 1
12-31 18:46:08.180 17003 17029 E Weex    : Weex tickerList 0 
12-31 18:46:08.180 17003 17029 E Weex    : WeexRender layout start 0
12-31 18:46:08.180 17003 17029 E Weex    : WeexRender layout end used 0.007324
12-31 18:46:08.196 17003 17003 E Weex    : Weex window Invalidate
12-31 18:46:08.196 17003 17632 E Weex    : Weex Window::requestNextFrame 0xd77f8f10
12-31 18:46:08.196 17003 17632 E Weex    : Weex Window::requestNextFrame page not null
12-31 18:46:08.196 17003 17632 E Weex    : Weex mRequestFrame 0
12-31 18:46:08.196 17003 17029 E Weex    : Weex onFrame 0 1
12-31 18:46:08.196 17003 17029 E Weex    : Weex tickerList 0 
12-31 18:46:08.196 17003 17029 E Weex    : WeexRender layout start 0
12-31 18:46:08.196 17003 17029 E Weex    : WeexRender layout end used 0.006836
12-31 18:46:08.212 17003 17003 E Weex    : Weex window Invalidate
12-31 18:46:08.213 17003 17632 E Weex    : Weex Window::requestNextFrame 0xd77f8f10
12-31 18:46:08.213 17003 17632 E Weex    : Weex Window::requestNextFrame page not null
12-31 18:46:08.213 17003 17632 E Weex    : Weex mRequestFrame 0
12-31 18:46:08.213 17003 17029 E Weex    : Weex onFrame 0 1
12-31 18:46:08.213 17003 17029 E Weex    : Weex tickerList 0 
12-31 18:46:08.213 17003 17029 E Weex    : WeexRender layout start 0
12-31 18:46:08.213 17003 17029 E Weex    : WeexRender layout end used 0.006348
12-31 18:46:08.229 17003 17003 E Weex    : Weex window Invalidate
12-31 18:46:08.230 17003 17632 E Weex    : Weex Window::requestNextFrame 0xd77f8f10
12-31 18:46:08.230 17003 17632 E Weex    : Weex Window::requestNextFrame page not null
12-31 18:46:08.230 17003 17632 E Weex    : Weex mRequestFrame 0
12-31 18:46:08.230 17003 17029 E Weex    : Weex onFrame 0 1
12-31 18:46:08.230 17003 17029 E Weex    : Weex tickerList 0 
12-31 18:46:08.230 17003 17029 E Weex    : WeexRender layout start 0
12-31 18:46:08.230 17003 17029 E Weex    : WeexRender layout end used 0.006104
12-31 18:46:08.246 17003 17003 E Weex    : Weex window Invalidate
12-31 18:46:08.246 17003 17632 E Weex    : Weex Window::requestNextFrame 0xd77f8f10
12-31 18:46:08.246 17003 17632 E Weex    : Weex Window::requestNextFrame page not null
12-31 18:46:08.246 17003 17632 E Weex    : Weex mRequestFrame 0
12-31 18:46:08.247 17003 17029 E Weex    : Weex onFrame 0 1
12-31 18:46:08.247 17003 17029 E Weex    : Weex tickerList 0 
12-31 18:46:08.247 17003 17029 E Weex    : WeexRender layout start 0
12-31 18:46:08.247 17003 17029 E Weex    : WeexRender layout end used 0.005615
12-31 18:46:08.263 17003 17003 E Weex    : Weex window Invalidate
12-31 18:46:08.263 17003 17632 E Weex    : Weex Window::requestNextFrame 0xd77f8f10
12-31 18:46:08.263 17003 17632 E Weex    : Weex Window::requestNextFrame page not null
12-31 18:46:08.264 17003 17632 E Weex    : Weex mRequestFrame 0
12-31 18:46:08.264 17003 17029 E Weex    : Weex onFrame 0 1
12-31 18:46:08.264 17003 17029 E Weex    : Weex tickerList 0 
12-31 18:46:08.264 17003 17029 E Weex    : WeexRender layout start 0
12-31 18:46:08.264 17003 17029 E Weex    : WeexRender layout end used 0.012939
12-31 18:46:08.280 17003 17003 E Weex    : Weex window Invalidate
12-31 18:46:08.280 17003 17632 E Weex    : Weex Window::requestNextFrame 0xd77f8f10
12-31 18:46:08.280 17003 17632 E Weex    : Weex Window::requestNextFrame page not null
12-31 18:46:08.280 17003 17632 E Weex    : Weex mRequestFrame 0
12-31 18:46:08.281 17003 17029 E Weex    : Weex onFrame 0 1
12-31 18:46:08.281 17003 17029 E Weex    : Weex tickerList 0 
12-31 18:46:08.281 17003 17029 E Weex    : WeexRender layout start 0
12-31 18:46:08.281 17003 17029 E Weex    : WeexRender layout end used 0.014648
12-31 18:46:08.297 17003 17003 E Weex    : Weex window Invalidate
12-31 18:46:08.297 17003 17632 E Weex    : Weex Window::requestNextFrame 0xd77f8f10
12-31 18:46:08.297 17003 17632 E Weex    : Weex Window::requestNextFrame page not null
12-31 18:46:08.297 17003 17632 E Weex    : Weex mRequestFrame 0
12-31 18:46:08.297 17003 17029 E Weex    : Weex onFrame 0 1
12-31 18:46:08.297 17003 17029 E Weex    : Weex tickerList 0 
12-31 18:46:08.297 17003 17029 E Weex    : WeexRender layout start 0
12-31 18:46:08.297 17003 17029 E Weex    : WeexRender layout end used 0.012939
12-31 18:46:08.314 17003 17003 E Weex    : Weex window Invalidate
12-31 18:46:08.314 17003 17632 E Weex    : Weex Window::requestNextFrame 0xd77f8f10
12-31 18:46:08.314 17003 17632 E Weex    : Weex Window::requestNextFrame page not null
12-31 18:46:08.314 17003 17632 E Weex    : Weex mRequestFrame 0
12-31 18:46:08.314 17003 17029 E Weex    : Weex onFrame 0 1
12-31 18:46:08.314 17003 17029 E Weex    : Weex tickerList 0 
12-31 18:46:08.314 17003 17029 E Weex    : WeexRender layout start 0
12-31 18:46:08.314 17003 17029 E Weex    : WeexRender layout end used 0.013184
12-31 18:46:08.331 17003 17003 E Weex    : Weex window Invalidate
12-31 18:46:08.331 17003 17632 E Weex    : Weex Window::requestNextFrame 0xd77f8f10
12-31 18:46:08.331 17003 17632 E Weex    : Weex Window::requestNextFrame page not null
12-31 18:46:08.331 17003 17632 E Weex    : Weex mRequestFrame 0
12-31 18:46:08.331 17003 17029 E Weex    : Weex onFrame 0 1
12-31 18:46:08.331 17003 17029 E Weex    : Weex tickerList 0 
12-31 18:46:08.331 17003 17029 E Weex    : WeexRender layout start 0
12-31 18:46:08.331 17003 17029 E Weex    : WeexRender layout end used 0.013916
12-31 18:46:08.348 17003 17003 E Weex    : Weex window Invalidate
12-31 18:46:08.348 17003 17632 E Weex    : Weex Window::requestNextFrame 0xd77f8f10
12-31 18:46:08.348 17003 17632 E Weex    : Weex Window::requestNextFrame page not null
12-31 18:46:08.348 17003 17632 E Weex    : Weex mRequestFrame 0
12-31 18:46:08.348 17003 17029 E Weex    : Weex onFrame 0 1
12-31 18:46:08.348 17003 17029 E Weex    : Weex tickerList 0 
12-31 18:46:08.348 17003 17029 E Weex    : WeexRender layout start 0
12-31 18:46:08.348 17003 17029 E Weex    : WeexRender layout end used 0.012451
12-31 18:46:08.365 17003 17003 E Weex    : Weex window Invalidate
12-31 18:46:08.365 17003 17632 E Weex    : Weex Window::requestNextFrame 0xd77f8f10
12-31 18:46:08.365 17003 17632 E Weex    : Weex Window::requestNextFrame page not null
12-31 18:46:08.365 17003 17632 E Weex    : Weex mRequestFrame 0
12-31 18:46:08.365 17003 17029 E Weex    : Weex onFrame 0 1
12-31 18:46:08.365 17003 17029 E Weex    : Weex tickerList 0 
12-31 18:46:08.365 17003 17029 E Weex    : WeexRender layout start 0
12-31 18:46:08.365 17003 17029 E Weex    : WeexRender layout end used 0.013428
12-31 18:46:08.381 17003 17003 E Weex    : Weex window Invalidate
12-31 18:46:08.381 17003 17632 E Weex    : Weex Window::requestNextFrame 0xd77f8f10
12-31 18:46:08.382 17003 17632 E Weex    : Weex Window::requestNextFrame page not null
12-31 18:46:08.382 17003 17632 E Weex    : Weex mRequestFrame 0
12-31 18:46:08.382 17003 17029 E Weex    : Weex onFrame 0 1
12-31 18:46:08.382 17003 17029 E Weex    : Weex tickerList 0 
12-31 18:46:08.382 17003 17029 E Weex    : WeexRender layout start 0
12-31 18:46:08.382 17003 17029 E Weex    : WeexRender layout end used 0.015137
12-31 18:46:08.398 17003 17003 E Weex    : Weex window Invalidate
12-31 18:46:08.399 17003 17632 E Weex    : Weex Window::requestNextFrame 0xd77f8f10
12-31 18:46:08.399 17003 17632 E Weex    : Weex Window::requestNextFrame page not null
12-31 18:46:08.399 17003 17632 E Weex    : Weex mRequestFrame 0
12-31 18:46:08.399 17003 17029 E Weex    : Weex onFrame 0 1
12-31 18:46:08.399 17003 17029 E Weex    : Weex tickerList 0 
12-31 18:46:08.399 17003 17029 E Weex    : WeexRender layout start 0
12-31 18:46:08.399 17003 17029 E Weex    : WeexRender layout end used 0.056641
12-31 18:46:08.415 17003 17003 E Weex    : Weex window Invalidate
12-31 18:46:08.416 17003 17632 E Weex    : Weex Window::requestNextFrame 0xd77f8f10
12-31 18:46:08.416 17003 17632 E Weex    : Weex Window::requestNextFrame page not null
12-31 18:46:08.416 17003 17632 E Weex    : Weex mRequestFrame 0
12-31 18:46:08.416 17003 17029 E Weex    : Weex onFrame 0 1
12-31 18:46:08.416 17003 17029 E Weex    : Weex tickerList 0 
12-31 18:46:08.416 17003 17029 E Weex    : WeexRender layout start 0
12-31 18:46:08.416 17003 17029 E Weex    : WeexRender layout end used 0.013428
12-31 18:46:08.432 17003 17003 E Weex    : Weex window Invalidate
12-31 18:46:08.433 17003 17632 E Weex    : Weex Window::requestNextFrame 0xd77f8f10
12-31 18:46:08.433 17003 17632 E Weex    : Weex Window::requestNextFrame page not null
12-31 18:46:08.433 17003 17632 E Weex    : Weex mRequestFrame 0
12-31 18:46:08.433 17003 17029 E Weex    : Weex onFrame 0 1
12-31 18:46:08.433 17003 17029 E Weex    : Weex tickerList 0 
12-31 18:46:08.433 17003 17029 E Weex    : WeexRender layout start 0
12-31 18:46:08.433 17003 17029 E Weex    : WeexRender layout end used 0.012451
12-31 18:46:08.449 17003 17003 E Weex    : Weex window Invalidate
12-31 18:46:08.449 17003 17632 E Weex    : Weex Window::requestNextFrame 0xd77f8f10
12-31 18:46:08.449 17003 17632 E Weex    : Weex Window::requestNextFrame page not null
12-31 18:46:08.449 17003 17632 E Weex    : Weex mRequestFrame 0
12-31 18:46:08.449 17003 17029 E Weex    : Weex onFrame 0 1
12-31 18:46:08.449 17003 17029 E Weex    : Weex tickerList 0 
12-31 18:46:08.449 17003 17029 E Weex    : WeexRender layout start 0
12-31 18:46:08.449 17003 17029 E Weex    : WeexRender layout end used 0.012451
12-31 18:46:08.466 17003 17003 E Weex    : Weex window Invalidate
12-31 18:46:08.466 17003 17632 E Weex    : Weex Window::requestNextFrame 0xd77f8f10
12-31 18:46:08.466 17003 17632 E Weex    : Weex Window::requestNextFrame page not null
12-31 18:46:08.466 17003 17632 E Weex    : Weex mRequestFrame 0
12-31 18:46:08.467 17003 17029 E Weex    : Weex onFrame 0 1
12-31 18:46:08.467 17003 17029 E Weex    : Weex tickerList 0 
12-31 18:46:08.467 17003 17029 E Weex    : WeexRender layout start 0
12-31 18:46:08.467 17003 17029 E Weex    : WeexRender layout end used 0.015625
12-31 18:46:08.483 17003 17003 E Weex    : Weex window Invalidate
12-31 18:46:08.483 17003 17632 E Weex    : Weex Window::requestNextFrame 0xd77f8f10
12-31 18:46:08.483 17003 17632 E Weex    : Weex Window::requestNextFrame page not null
12-31 18:46:08.483 17003 17632 E Weex    : Weex mRequestFrame 0
12-31 18:46:08.484 17003 17029 E Weex    : Weex onFrame 0 1
12-31 18:46:08.484 17003 17029 E Weex    : Weex tickerList 0 
12-31 18:46:08.484 17003 17029 E Weex    : WeexRender layout start 0
12-31 18:46:08.484 17003 17029 E Weex    : WeexRender layout end used 0.017334
12-31 18:46:08.500 17003 17003 E Weex    : Weex window Invalidate
12-31 18:46:08.500 17003 17632 E Weex    : Weex Window::requestNextFrame 0xd77f8f10
12-31 18:46:08.500 17003 17632 E Weex    : Weex Window::requestNextFrame page not null
12-31 18:46:08.500 17003 17632 E Weex    : Weex mRequestFrame 0
12-31 18:46:08.500 17003 17029 E Weex    : Weex onFrame 0 1
12-31 18:46:08.500 17003 17029 E Weex    : Weex tickerList 0 
12-31 18:46:08.500 17003 17029 E Weex    : WeexRender layout start 0
12-31 18:46:08.500 17003 17029 E Weex    : WeexRender layout end used 0.015625
12-31 18:46:08.517 17003 17003 E Weex    : Weex window Invalidate
12-31 18:46:08.517 17003 17632 E Weex    : Weex Window::requestNextFrame 0xd77f8f10
12-31 18:46:08.517 17003 17632 E Weex    : Weex Window::requestNextFrame page not null
12-31 18:46:08.517 17003 17632 E Weex    : Weex mRequestFrame 0
12-31 18:46:08.517 17003 17029 E Weex    : Weex onFrame 0 1
12-31 18:46:08.517 17003 17029 E Weex    : Weex tickerList 0 
12-31 18:46:08.517 17003 17029 E Weex    : WeexRender layout start 0
12-31 18:46:08.517 17003 17029 E Weex    : WeexRender layout end used 0.013428
12-31 18:46:08.534 17003 17003 E Weex    : Weex window Invalidate
12-31 18:46:08.534 17003 17632 E Weex    : Weex Window::requestNextFrame 0xd77f8f10
12-31 18:46:08.534 17003 17632 E Weex    : Weex Window::requestNextFrame page not null
12-31 18:46:08.534 17003 17632 E Weex    : Weex mRequestFrame 0
12-31 18:46:08.534 17003 17029 E Weex    : Weex onFrame 0 1
12-31 18:46:08.534 17003 17029 E Weex    : Weex tickerList 0 
12-31 18:46:08.534 17003 17029 E Weex    : WeexRender layout start 0
12-31 18:46:08.534 17003 17029 E Weex    : WeexRender layout end used 0.012451
12-31 18:46:08.551 17003 17003 E Weex    : Weex window Invalidate
12-31 18:46:08.551 17003 17632 E Weex    : Weex Window::requestNextFrame 0xd77f8f10
12-31 18:46:08.551 17003 17632 E Weex    : Weex Window::requestNextFrame page not null
12-31 18:46:08.551 17003 17632 E Weex    : Weex mRequestFrame 0
12-31 18:46:08.551 17003 17029 E Weex    : Weex onFrame 0 1
12-31 18:46:08.551 17003 17029 E Weex    : Weex tickerList 0 
12-31 18:46:08.551 17003 17029 E Weex    : WeexRender layout start 0
12-31 18:46:08.551 17003 17029 E Weex    : WeexRender layout end used 0.013916
12-31 18:46:08.567 17003 17003 E Weex    : Weex window Invalidate
12-31 18:46:08.568 17003 17632 E Weex    : Weex Window::requestNextFrame 0xd77f8f10
12-31 18:46:08.568 17003 17632 E Weex    : Weex Window::requestNextFrame page not null
12-31 18:46:08.568 17003 17632 E Weex    : Weex mRequestFrame 0
12-31 18:46:08.568 17003 17029 E Weex    : Weex onFrame 0 1
12-31 18:46:08.568 17003 17029 E Weex    : Weex tickerList 0 
12-31 18:46:08.568 17003 17029 E Weex    : WeexRender layout start 0
12-31 18:46:08.569 17003 17029 E Weex    : WeexRender layout end used 0.044678
12-31 18:46:08.585 17003 17003 E Weex    : Weex window Invalidate
12-31 18:46:08.585 17003 17632 E Weex    : Weex Window::requestNextFrame 0xd77f8f10
12-31 18:46:08.585 17003 17632 E Weex    : Weex Window::requestNextFrame page not null
12-31 18:46:08.585 17003 17632 E Weex    : Weex mRequestFrame 0
12-31 18:46:08.585 17003 17029 E Weex    : Weex onFrame 0 1
12-31 18:46:08.585 17003 17029 E Weex    : Weex tickerList 0 
12-31 18:46:08.585 17003 17029 E Weex    : WeexRender layout start 0
12-31 18:46:08.585 17003 17029 E Weex    : WeexRender layout end used 0.047363
12-31 18:46:08.601 17003 17003 E Weex    : Weex window Invalidate
12-31 18:46:08.601 17003 17632 E Weex    : Weex Window::requestNextFrame 0xd77f8f10
12-31 18:46:08.601 17003 17632 E Weex    : Weex Window::requestNextFrame page not null
12-31 18:46:08.601 17003 17632 E Weex    : Weex mRequestFrame 0
12-31 18:46:08.601 17003 17029 E Weex    : Weex onFrame 0 1
12-31 18:46:08.601 17003 17029 E Weex    : Weex tickerList 0 
12-31 18:46:08.601 17003 17029 E Weex    : WeexRender layout start 0
12-31 18:46:08.602 17003 17029 E Weex    : WeexRender layout end used 0.018311
12-31 18:46:08.618 17003 17003 E Weex    : Weex window Invalidate
12-31 18:46:08.618 17003 17632 E Weex    : Weex Window::requestNextFrame 0xd77f8f10
12-31 18:46:08.618 17003 17632 E Weex    : Weex Window::requestNextFrame page not null
12-31 18:46:08.618 17003 17632 E Weex    : Weex mRequestFrame 0
12-31 18:46:08.619 17003 17029 E Weex    : Weex onFrame 0 1
12-31 18:46:08.619 17003 17029 E Weex    : Weex tickerList 0 
12-31 18:46:08.619 17003 17029 E Weex    : WeexRender layout start 0
12-31 18:46:08.619 17003 17029 E Weex    : WeexRender layout end used 0.017822
12-31 18:46:08.636 17003 17003 E Weex    : Weex window Invalidate
12-31 18:46:08.636 17003 17632 E Weex    : Weex Window::requestNextFrame 0xd77f8f10
12-31 18:46:08.636 17003 17632 E Weex    : Weex Window::requestNextFrame page not null
12-31 18:46:08.636 17003 17632 E Weex    : Weex mRequestFrame 0
12-31 18:46:08.636 17003 17029 E Weex    : Weex onFrame 0 1
12-31 18:46:08.636 17003 17029 E Weex    : Weex tickerList 0 
12-31 18:46:08.636 17003 17029 E Weex    : WeexRender layout start 0
12-31 18:46:08.637 17003 17029 E Weex    : WeexRender layout end used 0.018555
12-31 18:46:08.652 17003 17003 E Weex    : Weex window Invalidate
12-31 18:46:08.652 17003 17632 E Weex    : Weex Window::requestNextFrame 0xd77f8f10
12-31 18:46:08.652 17003 17632 E Weex    : Weex Window::requestNextFrame page not null
12-31 18:46:08.653 17003 17632 E Weex    : Weex mRequestFrame 0
12-31 18:46:08.653 17003 17029 E Weex    : Weex onFrame 0 1
12-31 18:46:08.653 17003 17029 E Weex    : Weex tickerList 0 
12-31 18:46:08.653 17003 17029 E Weex    : WeexRender layout start 0
12-31 18:46:08.653 17003 17029 E Weex    : WeexRender layout end used 0.017578
12-31 18:46:08.669 17003 17003 E Weex    : Weex window Invalidate
12-31 18:46:08.669 17003 17632 E Weex    : Weex Window::requestNextFrame 0xd77f8f10
12-31 18:46:08.669 17003 17632 E Weex    : Weex Window::requestNextFrame page not null
12-31 18:46:08.669 17003 17632 E Weex    : Weex mRequestFrame 0
12-31 18:46:08.669 17003 17029 E Weex    : Weex onFrame 0 1
12-31 18:46:08.669 17003 17029 E Weex    : Weex tickerList 0 
12-31 18:46:08.669 17003 17029 E Weex    : WeexRender layout start 0
12-31 18:46:08.670 17003 17029 E Weex    : WeexRender layout end used 0.018555
12-31 18:46:09.076 17003 17029 E Weex    : Page Remove 66721287
12-31 18:46:09.352 17003 17003 E Weex    : Weex window Invalidate
12-31 18:46:09.365 17003 17635 E Weex    : Window::attachPage 0x0  163584851 
12-31 18:46:09.365 17003 17029 E Weex    : WeexRender mark Diry
12-31 18:46:09.365 17003 17029 E Weex    : Weex mRequestFrame 0
12-31 18:46:09.365 17003 17029 E Weex    : Window::attachPage Done
12-31 18:46:09.365 17003 17029 E Weex    : Page Create 163584851
12-31 18:46:09.366 17003 17029 E Weex    : Weex onFrame 1 0
12-31 18:46:09.369 17003 17635 E Weex    : Weex Window::requestNextFrame 0xd77f8f10
12-31 18:46:09.369 17003 17635 E Weex    : Weex Window::requestNextFrame page not null
12-31 18:46:09.369 17003 17635 E Weex    : Weex mRequestFrame 0
12-31 18:46:09.369 17003 17029 E Weex    : Weex onFrame 1 0
12-31 18:46:09.378 17003 17003 E Weex    : Weex window Invalidate
12-31 18:46:09.378 17003 17635 E Weex    : Weex Window::requestNextFrame 0xd77f8f10
12-31 18:46:09.378 17003 17635 E Weex    : Weex Window::requestNextFrame page not null
12-31 18:46:09.378 17003 17635 E Weex    : Weex mRequestFrame 0
12-31 18:46:09.378 17003 17029 E Weex    : Weex onFrame 1 0
12-31 18:46:09.395 17003 17003 E Weex    : Weex window Invalidate
12-31 18:46:09.395 17003 17635 E Weex    : Weex Window::requestNextFrame 0xd77f8f10
12-31 18:46:09.395 17003 17635 E Weex    : Weex Window::requestNextFrame page not null
12-31 18:46:09.395 17003 17635 E Weex    : Weex mRequestFrame 0
12-31 18:46:09.395 17003 17029 E Weex    : Weex onFrame 1 0
12-31 18:46:09.411 17003 17003 E Weex    : Weex window Invalidate
12-31 18:46:09.412 17003 17635 E Weex    : Weex Window::requestNextFrame 0xd77f8f10
12-31 18:46:09.412 17003 17635 E Weex    : Weex Window::requestNextFrame page not null
12-31 18:46:09.412 17003 17635 E Weex    : Weex mRequestFrame 0
12-31 18:46:09.412 17003 17029 E Weex    : Weex onFrame 1 0
12-31 18:46:09.428 17003 17003 E Weex    : Weex window Invalidate
12-31 18:46:09.428 17003 17635 E Weex    : Weex Window::requestNextFrame 0xd77f8f10
12-31 18:46:09.428 17003 17635 E Weex    : Weex Window::requestNextFrame page not null
12-31 18:46:09.428 17003 17635 E Weex    : Weex mRequestFrame 0
12-31 18:46:09.429 17003 17029 E Weex    : Weex onFrame 1 0
12-31 18:46:09.446 17003 17003 E Weex    : Weex window Invalidate
12-31 18:46:09.446 17003 17029 E Weex    : Page Create 163584851
12-31 18:46:09.446 17003 17635 E Weex    : Weex Window::requestNextFrame 0xd77f8f10
12-31 18:46:09.446 17003 17635 E Weex    : Weex Window::requestNextFrame page not null
12-31 18:46:09.446 17003 17635 E Weex    : Weex mRequestFrame 0
12-31 18:46:09.446 17003 17029 E Weex    : Weex onFrame 1 1
12-31 18:46:09.446 17003 17029 E Weex    : Weex tickerList 0 
12-31 18:46:09.446 17003 17029 E Weex    : WeexRender layout start 1
12-31 18:46:09.446 17003 17029 E Weex    : WeexRender layout end used 0.210938
12-31 18:46:09.447 17003 17029 E Weex    : Window::setWindowPaintRecords
12-31 18:46:09.462 17003 17003 E Weex    : Weex window Invalidate
12-31 18:46:09.470 17003 17635 E Weex    : Weex Window::requestNextFrame 0xd77f8f10
12-31 18:46:09.470 17003 17635 E Weex    : Weex Window::requestNextFrame page not null
12-31 18:46:09.470 17003 17635 E Weex    : Weex mRequestFrame 0
12-31 18:46:09.477 17003 17029 E Weex    : Weex onFrame 0 1
12-31 18:46:09.477 17003 17029 E Weex    : Weex tickerList 0 
12-31 18:46:09.477 17003 17029 E Weex    : WeexRender layout start 1
12-31 18:46:09.479 17003 17003 E Weex    : Weex window Invalidate
12-31 18:46:09.479 17003 17635 E Weex    : Weex Window::requestNextFrame 0xd77f8f10
12-31 18:46:09.479 17003 17635 E Weex    : Weex Window::requestNextFrame page not null
12-31 18:46:09.479 17003 17635 E Weex    : Weex mRequestFrame 0
12-31 18:46:09.486 17003 17029 E Weex    : WeexRender layout end used 9.638428
12-31 18:46:09.491 17003 17029 E Weex    : Window::setWindowPaintRecords
12-31 18:46:09.496 17003 17003 E Weex    : Weex window Invalidate
12-31 18:46:09.505 17003 17029 E Weex    : Weex onFrame 0 1
12-31 18:46:09.505 17003 17029 E Weex    : Weex tickerList 0 
12-31 18:46:09.505 17003 17029 E Weex    : WeexRender layout start 1
12-31 18:46:09.508 17003 17635 E Weex    : Weex Window::requestNextFrame 0xd77f8f10
12-31 18:46:09.508 17003 17635 E Weex    : Weex Window::requestNextFrame page not null
12-31 18:46:09.508 17003 17635 E Weex    : Weex mRequestFrame 0
12-31 18:46:09.509 17003 17029 E Weex    : WeexRender layout end used 4.041016
12-31 18:46:09.513 17003 17003 E Weex    : Weex window Invalidate
12-31 18:46:09.513 17003 17635 E Weex    : Weex Window::requestNextFrame 0xd77f8f10
12-31 18:46:09.513 17003 17635 E Weex    : Weex Window::requestNextFrame page not null
12-31 18:46:09.513 17003 17635 E Weex    : Weex mRequestFrame 1
12-31 18:46:09.515 17003 17029 E Weex    : Window::setWindowPaintRecords
12-31 18:46:09.530 17003 17003 E Weex    : Weex window Invalidate
12-31 18:46:09.541 17003 17635 E Weex    : Weex Window::requestNextFrame 0xd77f8f10
12-31 18:46:09.541 17003 17635 E Weex    : Weex Window::requestNextFrame page not null
12-31 18:46:09.541 17003 17635 E Weex    : Weex mRequestFrame 1
12-31 18:46:09.546 17003 17003 E Weex    : Weex window Invalidate
12-31 18:46:09.547 17003 17635 E Weex    : Weex Window::requestNextFrame 0xd77f8f10
12-31 18:46:09.547 17003 17635 E Weex    : Weex Window::requestNextFrame page not null
12-31 18:46:09.547 17003 17635 E Weex    : Weex mRequestFrame 1
12-31 18:46:09.557 17003 17029 E Weex    : Weex onFrame 0 1
12-31 18:46:09.557 17003 17029 E Weex    : Weex tickerList 0 
12-31 18:46:09.557 17003 17029 E Weex    : WeexRender layout start 1
12-31 18:46:09.563 17003 17003 E Weex    : Weex window Invalidate
12-31 18:46:09.564 17003 17635 E Weex    : Weex Window::requestNextFrame 0xd77f8f10
12-31 18:46:09.564 17003 17635 E Weex    : Weex Window::requestNextFrame page not null
12-31 18:46:09.564 17003 17635 E Weex    : Weex mRequestFrame 0
12-31 18:46:09.569 17003 17029 E Weex    : WeexRender layout end used 12.081055
12-31 18:46:09.579 17003 17029 E Weex    : Window::setWindowPaintRecords
12-31 18:46:09.580 17003 17003 E Weex    : Weex window Invalidate
12-31 18:46:09.601 17003 17635 E Weex    : Weex Window::requestNextFrame 0xd77f8f10
12-31 18:46:09.601 17003 17635 E Weex    : Weex Window::requestNextFrame page not null
12-31 18:46:09.601 17003 17635 E Weex    : Weex mRequestFrame 1
12-31 18:46:09.614 17003 17003 E Weex    : Weex window Invalidate
12-31 18:46:09.614 17003 17635 E Weex    : Weex Window::requestNextFrame 0xd77f8f10
12-31 18:46:09.614 17003 17635 E Weex    : Weex Window::requestNextFrame page not null
12-31 18:46:09.614 17003 17635 E Weex    : Weex mRequestFrame 1
12-31 18:46:09.631 17003 17003 E Weex    : Weex window Invalidate
12-31 18:46:09.631 17003 17635 E Weex    : Weex Window::requestNextFrame 0xd77f8f10
12-31 18:46:09.631 17003 17635 E Weex    : Weex Window::requestNextFrame page not null
12-31 18:46:09.631 17003 17635 E Weex    : Weex mRequestFrame 1
12-31 18:46:09.648 17003 17003 E Weex    : Weex window Invalidate
12-31 18:46:09.648 17003 17635 E Weex    : Weex Window::requestNextFrame 0xd77f8f10
12-31 18:46:09.648 17003 17635 E Weex    : Weex Window::requestNextFrame page not null
12-31 18:46:09.648 17003 17635 E Weex    : Weex mRequestFrame 1
12-31 18:46:09.659 17003 17029 E Weex    : Weex onFrame 0 1
12-31 18:46:09.660 17003 17029 E Weex    : Weex tickerList 0 
12-31 18:46:09.660 17003 17029 E Weex    : WeexRender layout start 1
12-31 18:46:09.664 17003 17003 E Weex    : Weex window Invalidate
12-31 18:46:09.665 17003 17635 E Weex    : Weex Window::requestNextFrame 0xd77f8f10
12-31 18:46:09.665 17003 17635 E Weex    : Weex Window::requestNextFrame page not null
12-31 18:46:09.665 17003 17635 E Weex    : Weex mRequestFrame 0
12-31 18:46:09.682 17003 17003 E Weex    : Weex window Invalidate
12-31 18:46:09.682 17003 17635 E Weex    : Weex Window::requestNextFrame 0xd77f8f10
12-31 18:46:09.682 17003 17635 E Weex    : Weex Window::requestNextFrame page not null
12-31 18:46:09.682 17003 17635 E Weex    : Weex mRequestFrame 1
12-31 18:46:09.683 17003 17029 E Weex    : WeexRender layout end used 23.490234
12-31 18:46:09.698 17003 17003 E Weex    : Weex window Invalidate
12-31 18:46:09.699 17003 17635 E Weex    : Weex Window::requestNextFrame 0xd77f8f10
12-31 18:46:09.699 17003 17635 E Weex    : Weex Window::requestNextFrame page not null
12-31 18:46:09.699 17003 17635 E Weex    : Weex mRequestFrame 1
12-31 18:46:09.704 17003 17029 E Weex    : Window::setWindowPaintRecords
12-31 18:46:09.715 17003 17003 E Weex    : Weex window Invalidate
12-31 18:46:09.792 17003 17635 E Weex    : Weex Window::requestNextFrame 0xd77f8f10
12-31 18:46:09.792 17003 17635 E Weex    : Weex Window::requestNextFrame page not null
12-31 18:46:09.792 17003 17635 E Weex    : Weex mRequestFrame 1
12-31 18:46:09.800 17003 17003 E Weex    : Weex window Invalidate
12-31 18:46:09.800 17003 17635 E Weex    : Weex Window::requestNextFrame 0xd77f8f10
12-31 18:46:09.800 17003 17635 E Weex    : Weex Window::requestNextFrame page not null
12-31 18:46:09.800 17003 17635 E Weex    : Weex mRequestFrame 1
12-31 18:46:09.816 17003 17003 E Weex    : Weex window Invalidate
12-31 18:46:09.817 17003 17635 E Weex    : Weex Window::requestNextFrame 0xd77f8f10
12-31 18:46:09.817 17003 17635 E Weex    : Weex Window::requestNextFrame page not null
12-31 18:46:09.817 17003 17635 E Weex    : Weex mRequestFrame 1
12-31 18:46:09.833 17003 17003 E Weex    : Weex window Invalidate
12-31 18:46:09.833 17003 17635 E Weex    : Weex Window::requestNextFrame 0xd77f8f10
12-31 18:46:09.833 17003 17635 E Weex    : Weex Window::requestNextFrame page not null
12-31 18:46:09.833 17003 17635 E Weex    : Weex mRequestFrame 1
12-31 18:46:09.849 17003 17029 E Weex    : Weex onFrame 0 1
12-31 18:46:09.849 17003 17029 E Weex    : Weex tickerList 0 
12-31 18:46:09.849 17003 17029 E Weex    : WeexRender layout start 1
12-31 18:46:09.850 17003 17003 E Weex    : Weex window Invalidate
12-31 18:46:09.850 17003 17635 E Weex    : Weex Window::requestNextFrame 0xd77f8f10
12-31 18:46:09.850 17003 17635 E Weex    : Weex Window::requestNextFrame page not null
12-31 18:46:09.850 17003 17635 E Weex    : Weex mRequestFrame 0
12-31 18:46:09.867 17003 17003 E Weex    : Weex window Invalidate
12-31 18:46:09.867 17003 17635 E Weex    : Weex Window::requestNextFrame 0xd77f8f10
12-31 18:46:09.867 17003 17635 E Weex    : Weex Window::requestNextFrame page not null
12-31 18:46:09.867 17003 17635 E Weex    : Weex mRequestFrame 1
12-31 18:46:09.884 17003 17003 E Weex    : Weex window Invalidate
12-31 18:46:09.884 17003 17635 E Weex    : Weex Window::requestNextFrame 0xd77f8f10
12-31 18:46:09.884 17003 17635 E Weex    : Weex Window::requestNextFrame page not null
12-31 18:46:09.884 17003 17635 E Weex    : Weex mRequestFrame 1
12-31 18:46:09.890 17003 17029 E Weex    : WeexRender layout end used 41.515625
12-31 18:46:09.901 17003 17003 E Weex    : Weex window Invalidate
12-31 18:46:09.901 17003 17635 E Weex    : Weex Window::requestNextFrame 0xd77f8f10
12-31 18:46:09.901 17003 17635 E Weex    : Weex Window::requestNextFrame page not null
12-31 18:46:09.901 17003 17635 E Weex    : Weex mRequestFrame 1
12-31 18:46:09.918 17003 17003 E Weex    : Weex window Invalidate
12-31 18:46:09.918 17003 17635 E Weex    : Weex Window::requestNextFrame 0xd77f8f10
12-31 18:46:09.918 17003 17635 E Weex    : Weex Window::requestNextFrame page not null
12-31 18:46:09.918 17003 17635 E Weex    : Weex mRequestFrame 1
12-31 18:46:09.926 17003 17029 E Weex    : Window::setWindowPaintRecords
12-31 18:46:09.935 17003 17003 E Weex    : Weex window Invalidate
12-31 18:46:10.020 17003 17029 E Weex    : Weex onFrame 0 1
12-31 18:46:10.020 17003 17029 E Weex    : Weex tickerList 0 
12-31 18:46:10.020 17003 17029 E Weex    : WeexRender layout start 1
12-31 18:46:10.049 17003 17635 E Weex    : Weex Window::requestNextFrame 0xd77f8f10
12-31 18:46:10.049 17003 17635 E Weex    : Weex Window::requestNextFrame page not null
12-31 18:46:10.049 17003 17635 E Weex    : Weex mRequestFrame 0
12-31 18:46:10.053 17003 17003 E Weex    : Weex window Invalidate
12-31 18:46:10.053 17003 17635 E Weex    : Weex Window::requestNextFrame 0xd77f8f10
12-31 18:46:10.053 17003 17635 E Weex    : Weex Window::requestNextFrame page not null
12-31 18:46:10.053 17003 17635 E Weex    : Weex mRequestFrame 1
12-31 18:46:10.054 17003 17029 E Weex    : WeexRender layout end used 33.886475
12-31 18:46:10.070 17003 17003 E Weex    : Weex window Invalidate
12-31 18:46:10.070 17003 17635 E Weex    : Weex Window::requestNextFrame 0xd77f8f10
12-31 18:46:10.070 17003 17635 E Weex    : Weex Window::requestNextFrame page not null
12-31 18:46:10.070 17003 17635 E Weex    : Weex mRequestFrame 1
12-31 18:46:10.087 17003 17003 E Weex    : Weex window Invalidate
12-31 18:46:10.087 17003 17635 E Weex    : Weex Window::requestNextFrame 0xd77f8f10
12-31 18:46:10.087 17003 17635 E Weex    : Weex Window::requestNextFrame page not null
12-31 18:46:10.087 17003 17635 E Weex    : Weex mRequestFrame 1
12-31 18:46:10.093 17003 17029 E Weex    : Window::setWindowPaintRecords
12-31 18:46:10.095 17003 17029 E Weex    : Weex onFrame 0 1
12-31 18:46:10.095 17003 17029 E Weex    : Weex tickerList 0 
12-31 18:46:10.095 17003 17029 E Weex    : WeexRender layout start 0
12-31 18:46:10.095 17003 17029 E Weex    : WeexRender layout end used 0.006836
12-31 18:46:10.103 17003 17003 E Weex    : Weex window Invalidate
12-31 18:46:10.194 17003 17635 E Weex    : Weex Window::requestNextFrame 0xd77f8f10
12-31 18:46:10.194 17003 17635 E Weex    : Weex Window::requestNextFrame page not null
12-31 18:46:10.194 17003 17635 E Weex    : Weex mRequestFrame 0
12-31 18:46:10.194 17003 17029 E Weex    : Weex onFrame 0 1
12-31 18:46:10.194 17003 17029 E Weex    : Weex tickerList 0 
12-31 18:46:10.194 17003 17029 E Weex    : WeexRender layout start 0
12-31 18:46:10.194 17003 17029 E Weex    : WeexRender layout end used 0.005127
12-31 18:46:10.205 17003 17003 E Weex    : Weex window Invalidate
12-31 18:46:10.205 17003 17635 E Weex    : Weex Window::requestNextFrame 0xd77f8f10
12-31 18:46:10.205 17003 17635 E Weex    : Weex Window::requestNextFrame page not null
12-31 18:46:10.205 17003 17635 E Weex    : Weex mRequestFrame 0
12-31 18:46:10.205 17003 17029 E Weex    : Weex onFrame 0 1
12-31 18:46:10.205 17003 17029 E Weex    : Weex tickerList 0 
12-31 18:46:10.205 17003 17029 E Weex    : WeexRender layout start 0
12-31 18:46:10.205 17003 17029 E Weex    : WeexRender layout end used 0.042725
12-31 18:46:10.222 17003 17003 E Weex    : Weex window Invalidate
12-31 18:46:10.222 17003 17635 E Weex    : Weex Window::requestNextFrame 0xd77f8f10
12-31 18:46:10.222 17003 17635 E Weex    : Weex Window::requestNextFrame page not null
12-31 18:46:10.222 17003 17635 E Weex    : Weex mRequestFrame 0
12-31 18:46:10.223 17003 17029 E Weex    : Weex onFrame 0 1
12-31 18:46:10.223 17003 17029 E Weex    : Weex tickerList 0 
12-31 18:46:10.223 17003 17029 E Weex    : WeexRender layout start 0
12-31 18:46:10.223 17003 17029 E Weex    : WeexRender layout end used 0.043213
12-31 18:46:10.239 17003 17003 E Weex    : Weex window Invalidate
12-31 18:46:10.239 17003 17635 E Weex    : Weex Window::requestNextFrame 0xd77f8f10
12-31 18:46:10.239 17003 17635 E Weex    : Weex Window::requestNextFrame page not null
12-31 18:46:10.239 17003 17635 E Weex    : Weex mRequestFrame 0
12-31 18:46:10.239 17003 17029 E Weex    : Weex onFrame 0 1
12-31 18:46:10.239 17003 17029 E Weex    : Weex tickerList 0 
12-31 18:46:10.239 17003 17029 E Weex    : WeexRender layout start 0
12-31 18:46:10.240 17003 17029 E Weex    : WeexRender layout end used 0.043213
12-31 18:46:10.256 17003 17003 E Weex    : Weex window Invalidate
12-31 18:46:10.256 17003 17635 E Weex    : Weex Window::requestNextFrame 0xd77f8f10
12-31 18:46:10.256 17003 17635 E Weex    : Weex Window::requestNextFrame page not null
12-31 18:46:10.256 17003 17635 E Weex    : Weex mRequestFrame 0
12-31 18:46:10.256 17003 17029 E Weex    : Weex onFrame 0 1
12-31 18:46:10.256 17003 17029 E Weex    : Weex tickerList 0 
12-31 18:46:10.256 17003 17029 E Weex    : WeexRender layout start 0
12-31 18:46:10.256 17003 17029 E Weex    : WeexRender layout end used 0.041260
12-31 18:46:10.273 17003 17003 E Weex    : Weex window Invalidate
12-31 18:46:10.273 17003 17635 E Weex    : Weex Window::requestNextFrame 0xd77f8f10
12-31 18:46:10.273 17003 17635 E Weex    : Weex Window::requestNextFrame page not null
12-31 18:46:10.273 17003 17635 E Weex    : Weex mRequestFrame 0
12-31 18:46:10.273 17003 17029 E Weex    : Weex onFrame 0 1
12-31 18:46:10.273 17003 17029 E Weex    : Weex tickerList 0 
12-31 18:46:10.273 17003 17029 E Weex    : WeexRender layout start 0
12-31 18:46:10.273 17003 17029 E Weex    : WeexRender layout end used 0.043213
12-31 18:46:10.289 17003 17003 E Weex    : Weex window Invalidate
12-31 18:46:10.290 17003 17635 E Weex    : Weex Window::requestNextFrame 0xd77f8f10
12-31 18:46:10.290 17003 17635 E Weex    : Weex Window::requestNextFrame page not null
12-31 18:46:10.290 17003 17635 E Weex    : Weex mRequestFrame 0
12-31 18:46:10.290 17003 17029 E Weex    : Weex onFrame 0 1
12-31 18:46:10.290 17003 17029 E Weex    : Weex tickerList 0 
12-31 18:46:10.290 17003 17029 E Weex    : WeexRender layout start 0
12-31 18:46:10.290 17003 17029 E Weex    : WeexRender layout end used 0.045410
12-31 18:46:10.306 17003 17003 E Weex    : Weex window Invalidate
12-31 18:46:10.307 17003 17635 E Weex    : Weex Window::requestNextFrame 0xd77f8f10
12-31 18:46:10.307 17003 17635 E Weex    : Weex Window::requestNextFrame page not null
12-31 18:46:10.307 17003 17635 E Weex    : Weex mRequestFrame 0
12-31 18:46:10.307 17003 17029 E Weex    : Weex onFrame 0 1
12-31 18:46:10.307 17003 17029 E Weex    : Weex tickerList 0 
12-31 18:46:10.307 17003 17029 E Weex    : WeexRender layout start 0
12-31 18:46:10.307 17003 17029 E Weex    : WeexRender layout end used 0.041748
12-31 18:46:10.323 17003 17003 E Weex    : Weex window Invalidate
12-31 18:46:10.324 17003 17635 E Weex    : Weex Window::requestNextFrame 0xd77f8f10
12-31 18:46:10.324 17003 17635 E Weex    : Weex Window::requestNextFrame page not null
12-31 18:46:10.324 17003 17635 E Weex    : Weex mRequestFrame 0
12-31 18:46:10.324 17003 17029 E Weex    : Weex onFrame 0 1
12-31 18:46:10.324 17003 17029 E Weex    : Weex tickerList 0 
12-31 18:46:10.324 17003 17029 E Weex    : WeexRender layout start 0
12-31 18:46:10.324 17003 17029 E Weex    : WeexRender layout end used 0.042236
12-31 18:46:10.340 17003 17003 E Weex    : Weex window Invalidate
12-31 18:46:10.340 17003 17635 E Weex    : Weex Window::requestNextFrame 0xd77f8f10
12-31 18:46:10.341 17003 17635 E Weex    : Weex Window::requestNextFrame page not null
12-31 18:46:10.341 17003 17635 E Weex    : Weex mRequestFrame 0
12-31 18:46:10.341 17003 17029 E Weex    : Weex onFrame 0 1
12-31 18:46:10.341 17003 17029 E Weex    : Weex tickerList 0 
12-31 18:46:10.341 17003 17029 E Weex    : WeexRender layout start 0
12-31 18:46:10.341 17003 17029 E Weex    : WeexRender layout end used 0.042725
12-31 18:46:10.357 17003 17003 E Weex    : Weex window Invalidate
12-31 18:46:10.357 17003 17635 E Weex    : Weex Window::requestNextFrame 0xd77f8f10
12-31 18:46:10.358 17003 17635 E Weex    : Weex Window::requestNextFrame page not null
12-31 18:46:10.358 17003 17635 E Weex    : Weex mRequestFrame 0
12-31 18:46:10.358 17003 17029 E Weex    : Weex onFrame 0 1
12-31 18:46:10.358 17003 17029 E Weex    : Weex tickerList 0 
12-31 18:46:10.358 17003 17029 E Weex    : WeexRender layout start 0
12-31 18:46:10.358 17003 17029 E Weex    : WeexRender layout end used 0.042236
12-31 18:46:10.374 17003 17003 E Weex    : Weex window Invalidate
12-31 18:46:10.374 17003 17635 E Weex    : Weex Window::requestNextFrame 0xd77f8f10
12-31 18:46:10.375 17003 17635 E Weex    : Weex Window::requestNextFrame page not null
12-31 18:46:10.375 17003 17635 E Weex    : Weex mRequestFrame 0
12-31 18:46:10.375 17003 17029 E Weex    : Weex onFrame 0 1
12-31 18:46:10.375 17003 17029 E Weex    : Weex tickerList 0 
12-31 18:46:10.376 17003 17029 E Weex    : WeexRender layout start 0
12-31 18:46:10.376 17003 17029 E Weex    : WeexRender layout end used 0.080811
12-31 18:46:10.391 17003 17003 E Weex    : Weex window Invalidate
12-31 18:46:10.391 17003 17635 E Weex    : Weex Window::requestNextFrame 0xd77f8f10
12-31 18:46:10.391 17003 17635 E Weex    : Weex Window::requestNextFrame page not null
12-31 18:46:10.391 17003 17635 E Weex    : Weex mRequestFrame 0
12-31 18:46:10.391 17003 17029 E Weex    : Weex onFrame 0 1
12-31 18:46:10.391 17003 17029 E Weex    : Weex tickerList 0 
12-31 18:46:10.391 17003 17029 E Weex    : WeexRender layout start 0
12-31 18:46:10.391 17003 17029 E Weex    : WeexRender layout end used 0.016602
12-31 18:46:10.408 17003 17003 E Weex    : Weex window Invalidate
12-31 18:46:10.408 17003 17635 E Weex    : Weex Window::requestNextFrame 0xd77f8f10
12-31 18:46:10.408 17003 17635 E Weex    : Weex Window::requestNextFrame page not null
12-31 18:46:10.408 17003 17635 E Weex    : Weex mRequestFrame 0
12-31 18:46:10.409 17003 17029 E Weex    : Weex onFrame 0 1
12-31 18:46:10.409 17003 17029 E Weex    : Weex tickerList 0 
12-31 18:46:10.409 17003 17029 E Weex    : WeexRender layout start 0
12-31 18:46:10.409 17003 17029 E Weex    : WeexRender layout end used 0.017090
12-31 18:46:10.424 17003 17003 E Weex    : Weex window Invalidate
12-31 18:46:10.425 17003 17635 E Weex    : Weex Window::requestNextFrame 0xd77f8f10
12-31 18:46:10.425 17003 17635 E Weex    : Weex Window::requestNextFrame page not null
12-31 18:46:10.425 17003 17635 E Weex    : Weex mRequestFrame 0
12-31 18:46:10.425 17003 17029 E Weex    : Weex onFrame 0 1
12-31 18:46:10.425 17003 17029 E Weex    : Weex tickerList 0 
12-31 18:46:10.425 17003 17029 E Weex    : WeexRender layout start 0
12-31 18:46:10.425 17003 17029 E Weex    : WeexRender layout end used 0.017578
12-31 18:46:10.441 17003 17003 E Weex    : Weex window Invalidate
12-31 18:46:10.442 17003 17635 E Weex    : Weex Window::requestNextFrame 0xd77f8f10
12-31 18:46:10.442 17003 17635 E Weex    : Weex Window::requestNextFrame page not null
12-31 18:46:10.442 17003 17635 E Weex    : Weex mRequestFrame 0
12-31 18:46:10.442 17003 17029 E Weex    : Weex onFrame 0 1
12-31 18:46:10.442 17003 17029 E Weex    : Weex tickerList 0 
12-31 18:46:10.442 17003 17029 E Weex    : WeexRender layout start 0
12-31 18:46:10.442 17003 17029 E Weex    : WeexRender layout end used 0.016846
12-31 18:46:10.458 17003 17003 E Weex    : Weex window Invalidate
12-31 18:46:10.458 17003 17635 E Weex    : Weex Window::requestNextFrame 0xd77f8f10
12-31 18:46:10.458 17003 17635 E Weex    : Weex Window::requestNextFrame page not null
12-31 18:46:10.458 17003 17635 E Weex    : Weex mRequestFrame 0
12-31 18:46:10.459 17003 17029 E Weex    : Weex onFrame 0 1
12-31 18:46:10.459 17003 17029 E Weex    : Weex tickerList 0 
12-31 18:46:10.459 17003 17029 E Weex    : WeexRender layout start 0
12-31 18:46:10.459 17003 17029 E Weex    : WeexRender layout end used 0.018311
12-31 18:46:10.475 17003 17003 E Weex    : Weex window Invalidate
12-31 18:46:10.475 17003 17635 E Weex    : Weex Window::requestNextFrame 0xd77f8f10
12-31 18:46:10.476 17003 17635 E Weex    : Weex Window::requestNextFrame page not null
12-31 18:46:10.476 17003 17635 E Weex    : Weex mRequestFrame 0
12-31 18:46:10.476 17003 17029 E Weex    : Weex onFrame 0 1
12-31 18:46:10.476 17003 17029 E Weex    : Weex tickerList 0 
12-31 18:46:10.476 17003 17029 E Weex    : WeexRender layout start 0
12-31 18:46:10.476 17003 17029 E Weex    : WeexRender layout end used 0.017090
12-31 18:46:10.492 17003 17003 E Weex    : Weex window Invalidate
12-31 18:46:10.492 17003 17635 E Weex    : Weex Window::requestNextFrame 0xd77f8f10
12-31 18:46:10.492 17003 17635 E Weex    : Weex Window::requestNextFrame page not null
12-31 18:46:10.493 17003 17635 E Weex    : Weex mRequestFrame 0
12-31 18:46:10.493 17003 17029 E Weex    : Weex onFrame 0 1
12-31 18:46:10.493 17003 17029 E Weex    : Weex tickerList 0 
12-31 18:46:10.493 17003 17029 E Weex    : WeexRender layout start 0
12-31 18:46:10.493 17003 17029 E Weex    : WeexRender layout end used 0.017822
12-31 18:46:10.509 17003 17003 E Weex    : Weex window Invalidate
12-31 18:46:10.510 17003 17635 E Weex    : Weex Window::requestNextFrame 0xd77f8f10
12-31 18:46:10.510 17003 17635 E Weex    : Weex Window::requestNextFrame page not null
12-31 18:46:10.510 17003 17635 E Weex    : Weex mRequestFrame 0
12-31 18:46:10.510 17003 17029 E Weex    : Weex onFrame 0 1
12-31 18:46:10.510 17003 17029 E Weex    : Weex tickerList 0 
12-31 18:46:10.510 17003 17029 E Weex    : WeexRender layout start 0
12-31 18:46:10.510 17003 17029 E Weex    : WeexRender layout end used 0.177246
12-31 18:46:10.527 17003 17003 E Weex    : Weex window Invalidate
12-31 18:46:10.527 17003 17635 E Weex    : Weex Window::requestNextFrame 0xd77f8f10
12-31 18:46:10.527 17003 17635 E Weex    : Weex Window::requestNextFrame page not null
12-31 18:46:10.527 17003 17635 E Weex    : Weex mRequestFrame 0
12-31 18:46:10.527 17003 17029 E Weex    : Weex onFrame 0 1
12-31 18:46:10.527 17003 17029 E Weex    : Weex tickerList 0 
12-31 18:46:10.527 17003 17029 E Weex    : WeexRender layout start 0
12-31 18:46:10.527 17003 17029 E Weex    : WeexRender layout end used 0.043213
12-31 18:46:10.543 17003 17003 E Weex    : Weex window Invalidate
12-31 18:46:10.544 17003 17635 E Weex    : Weex Window::requestNextFrame 0xd77f8f10
12-31 18:46:10.544 17003 17635 E Weex    : Weex Window::requestNextFrame page not null
12-31 18:46:10.544 17003 17635 E Weex    : Weex mRequestFrame 0
12-31 18:46:10.544 17003 17029 E Weex    : Weex onFrame 0 1
12-31 18:46:10.544 17003 17029 E Weex    : Weex tickerList 0 
12-31 18:46:10.544 17003 17029 E Weex    : WeexRender layout start 0
12-31 18:46:10.544 17003 17029 E Weex    : WeexRender layout end used 0.042725
12-31 18:46:10.560 17003 17003 E Weex    : Weex window Invalidate
12-31 18:46:10.560 17003 17635 E Weex    : Weex Window::requestNextFrame 0xd77f8f10
12-31 18:46:10.560 17003 17635 E Weex    : Weex Window::requestNextFrame page not null
12-31 18:46:10.560 17003 17635 E Weex    : Weex mRequestFrame 0
12-31 18:46:10.561 17003 17029 E Weex    : Weex onFrame 0 1
12-31 18:46:10.561 17003 17029 E Weex    : Weex tickerList 0 
12-31 18:46:10.561 17003 17029 E Weex    : WeexRender layout start 0
12-31 18:46:10.561 17003 17029 E Weex    : WeexRender layout end used 0.044189
12-31 18:46:10.577 17003 17003 E Weex    : Weex window Invalidate
12-31 18:46:10.578 17003 17635 E Weex    : Weex Window::requestNextFrame 0xd77f8f10
12-31 18:46:10.578 17003 17635 E Weex    : Weex Window::requestNextFrame page not null
12-31 18:46:10.578 17003 17635 E Weex    : Weex mRequestFrame 0
12-31 18:46:10.578 17003 17029 E Weex    : Weex onFrame 0 1
12-31 18:46:10.578 17003 17029 E Weex    : Weex tickerList 0 
12-31 18:46:10.579 17003 17029 E Weex    : WeexRender layout start 0
12-31 18:46:10.579 17003 17029 E Weex    : WeexRender layout end used 0.044922
12-31 18:46:10.594 17003 17003 E Weex    : Weex window Invalidate
12-31 18:46:10.595 17003 17635 E Weex    : Weex Window::requestNextFrame 0xd77f8f10
12-31 18:46:10.595 17003 17635 E Weex    : Weex Window::requestNextFrame page not null
12-31 18:46:10.595 17003 17635 E Weex    : Weex mRequestFrame 0
12-31 18:46:10.595 17003 17029 E Weex    : Weex onFrame 0 1
12-31 18:46:10.595 17003 17029 E Weex    : Weex tickerList 0 
12-31 18:46:10.595 17003 17029 E Weex    : WeexRender layout start 0
12-31 18:46:10.595 17003 17029 E Weex    : WeexRender layout end used 0.044678
12-31 18:46:10.611 17003 17003 E Weex    : Weex window Invalidate
12-31 18:46:10.611 17003 17635 E Weex    : Weex Window::requestNextFrame 0xd77f8f10
12-31 18:46:10.611 17003 17635 E Weex    : Weex Window::requestNextFrame page not null
12-31 18:46:10.611 17003 17635 E Weex    : Weex mRequestFrame 0
12-31 18:46:10.611 17003 17029 E Weex    : Weex onFrame 0 1
