12-31 18:45:39.270 17003 17526 E Weex    : Weex Window::requestNextFrame page not null
12-31 18:45:39.270 17003 17526 E Weex    : Weex mRequestFrame 0
12-31 18:45:39.271 17003 17029 E Weex    : Weex onFrame 0 1
12-31 18:45:39.271 17003 17029 E Weex    : Weex tickerList 0 
12-31 18:45:39.271 17003 17029 E Weex    : WeexRender layout start 0
12-31 18:45:39.271 17003 17029 E Weex    : WeexRender layout end used 0.043213
12-31 18:45:39.287 17003 17003 E Weex    : Weex window Invalidate
12-31 18:45:39.287 17003 17526 E Weex    : Weex Window::requestNextFrame 0xd77f8d80
12-31 18:45:39.287 17003 17526 E Weex    : Weex Window::requestNextFrame page not null
12-31 18:45:39.287 17003 17526 E Weex    : Weex mRequestFrame 0
12-31 18:45:39.287 17003 17029 E Weex    : Weex onFrame 0 1
12-31 18:45:39.287 17003 17029 E Weex    : Weex tickerList 0 
12-31 18:45:39.287 17003 17029 E Weex    : WeexRender layout start 0
12-31 18:45:39.287 17003 17029 E Weex    : WeexRender layout end used 0.042725
12-31 18:45:39.304 17003 17003 E Weex    : Weex window Invalidate
12-31 18:45:39.304 17003 17526 E Weex    : Weex Window::requestNextFrame 0xd77f8d80
12-31 18:45:39.305 17003 17526 E Weex    : Weex Window::requestNextFrame page not null
12-31 18:45:39.305 17003 17526 E Weex    : Weex mRequestFrame 0
12-31 18:45:39.305 17003 17029 E Weex    : Weex onFrame 0 1
12-31 18:45:39.305 17003 17029 E Weex    : Weex tickerList 0 
12-31 18:45:39.305 17003 17029 E Weex    : WeexRender layout start 0
12-31 18:45:39.305 17003 17029 E Weex    : WeexRender layout end used 0.047363
12-31 18:45:39.320 17003 17003 E Weex    : Weex window Invalidate
12-31 18:45:39.321 17003 17526 E Weex    : Weex Window::requestNextFrame 0xd77f8d80
12-31 18:45:39.321 17003 17526 E Weex    : Weex Window::requestNextFrame page not null
12-31 18:45:39.321 17003 17526 E Weex    : Weex mRequestFrame 0
12-31 18:45:39.321 17003 17029 E Weex    : Weex onFrame 0 1
12-31 18:45:39.321 17003 17029 E Weex    : Weex tickerList 0 
12-31 18:45:39.321 17003 17029 E Weex    : WeexRender layout start 0
12-31 18:45:39.321 17003 17029 E Weex    : WeexRender layout end used 0.043457
12-31 18:45:39.338 17003 17003 E Weex    : Weex window Invalidate
12-31 18:45:39.338 17003 17526 E Weex    : Weex Window::requestNextFrame 0xd77f8d80
12-31 18:45:39.338 17003 17526 E Weex    : Weex Window::requestNextFrame page not null
12-31 18:45:39.338 17003 17526 E Weex    : Weex mRequestFrame 0
12-31 18:45:39.339 17003 17029 E Weex    : Weex onFrame 0 1
12-31 18:45:39.339 17003 17029 E Weex    : Weex tickerList 0 
12-31 18:45:39.339 17003 17029 E Weex    : WeexRender layout start 0
12-31 18:45:39.339 17003 17029 E Weex    : WeexRender layout end used 0.044678
12-31 18:45:39.354 17003 17003 E Weex    : Weex window Invalidate
12-31 18:45:39.355 17003 17526 E Weex    : Weex Window::requestNextFrame 0xd77f8d80
12-31 18:45:39.355 17003 17526 E Weex    : Weex Window::requestNextFrame page not null
12-31 18:45:39.355 17003 17526 E Weex    : Weex mRequestFrame 0
12-31 18:45:39.355 17003 17029 E Weex    : Weex onFrame 0 1
12-31 18:45:39.355 17003 17029 E Weex    : Weex tickerList 0 
12-31 18:45:39.355 17003 17029 E Weex    : WeexRender layout start 0
12-31 18:45:39.355 17003 17029 E Weex    : WeexRender layout end used 0.044189
12-31 18:45:39.371 17003 17003 E Weex    : Weex window Invalidate
12-31 18:45:39.372 17003 17526 E Weex    : Weex Window::requestNextFrame 0xd77f8d80
12-31 18:45:39.372 17003 17526 E Weex    : Weex Window::requestNextFrame page not null
12-31 18:45:39.372 17003 17526 E Weex    : Weex mRequestFrame 0
12-31 18:45:39.372 17003 17029 E Weex    : Weex onFrame 0 1
12-31 18:45:39.372 17003 17029 E Weex    : Weex tickerList 0 
12-31 18:45:39.372 17003 17029 E Weex    : WeexRender layout start 0
12-31 18:45:39.372 17003 17029 E Weex    : WeexRender layout end used 0.043701
12-31 18:45:39.388 17003 17003 E Weex    : Weex window Invalidate
12-31 18:45:39.388 17003 17526 E Weex    : Weex Window::requestNextFrame 0xd77f8d80
12-31 18:45:39.389 17003 17526 E Weex    : Weex Window::requestNextFrame page not null
12-31 18:45:39.389 17003 17526 E Weex    : Weex mRequestFrame 0
12-31 18:45:39.389 17003 17029 E Weex    : Weex onFrame 0 1
12-31 18:45:39.389 17003 17029 E Weex    : Weex tickerList 0 
12-31 18:45:39.389 17003 17029 E Weex    : WeexRender layout start 0
12-31 18:45:39.389 17003 17029 E Weex    : WeexRender layout end used 0.044189
12-31 18:45:39.405 17003 17003 E Weex    : Weex window Invalidate
12-31 18:45:39.405 17003 17526 E Weex    : Weex Window::requestNextFrame 0xd77f8d80
12-31 18:45:39.406 17003 17526 E Weex    : Weex Window::requestNextFrame page not null
12-31 18:45:39.406 17003 17526 E Weex    : Weex mRequestFrame 0
12-31 18:45:39.406 17003 17029 E Weex    : Weex onFrame 0 1
12-31 18:45:39.406 17003 17029 E Weex    : Weex tickerList 0 
12-31 18:45:39.406 17003 17029 E Weex    : WeexRender layout start 0
12-31 18:45:39.406 17003 17029 E Weex    : WeexRender layout end used 0.043213
12-31 18:45:39.422 17003 17003 E Weex    : Weex window Invalidate
12-31 18:45:39.422 17003 17526 E Weex    : Weex Window::requestNextFrame 0xd77f8d80
12-31 18:45:39.423 17003 17526 E Weex    : Weex Window::requestNextFrame page not null
12-31 18:45:39.423 17003 17526 E Weex    : Weex mRequestFrame 0
12-31 18:45:39.423 17003 17029 E Weex    : Weex onFrame 0 1
12-31 18:45:39.423 17003 17029 E Weex    : Weex tickerList 0 
12-31 18:45:39.423 17003 17029 E Weex    : WeexRender layout start 0
12-31 18:45:39.423 17003 17029 E Weex    : WeexRender layout end used 0.041504
12-31 18:45:39.439 17003 17003 E Weex    : Weex window Invalidate
12-31 18:45:39.439 17003 17526 E Weex    : Weex Window::requestNextFrame 0xd77f8d80
12-31 18:45:39.439 17003 17526 E Weex    : Weex Window::requestNextFrame page not null
12-31 18:45:39.439 17003 17526 E Weex    : Weex mRequestFrame 0
12-31 18:45:39.440 17003 17029 E Weex    : Weex onFrame 0 1
12-31 18:45:39.440 17003 17029 E Weex    : Weex tickerList 0 
12-31 18:45:39.440 17003 17029 E Weex    : WeexRender layout start 0
12-31 18:45:39.440 17003 17029 E Weex    : WeexRender layout end used 0.042725
12-31 18:45:39.455 17003 17003 E Weex    : Weex window Invalidate
12-31 18:45:39.456 17003 17526 E Weex    : Weex Window::requestNextFrame 0xd77f8d80
12-31 18:45:39.456 17003 17526 E Weex    : Weex Window::requestNextFrame page not null
12-31 18:45:39.456 17003 17526 E Weex    : Weex mRequestFrame 0
12-31 18:45:39.457 17003 17029 E Weex    : Weex onFrame 0 1
12-31 18:45:39.457 17003 17029 E Weex    : Weex tickerList 0 
12-31 18:45:39.457 17003 17029 E Weex    : WeexRender layout start 0
12-31 18:45:39.457 17003 17029 E Weex    : WeexRender layout end used 0.041992
12-31 18:45:39.472 17003 17003 E Weex    : Weex window Invalidate
12-31 18:45:39.473 17003 17526 E Weex    : Weex Window::requestNextFrame 0xd77f8d80
12-31 18:45:39.473 17003 17526 E Weex    : Weex Window::requestNextFrame page not null
12-31 18:45:39.473 17003 17526 E Weex    : Weex mRequestFrame 0
12-31 18:45:39.473 17003 17029 E Weex    : Weex onFrame 0 1
12-31 18:45:39.473 17003 17029 E Weex    : Weex tickerList 0 
12-31 18:45:39.473 17003 17029 E Weex    : WeexRender layout start 0
12-31 18:45:39.473 17003 17029 E Weex    : WeexRender layout end used 0.044434
12-31 18:45:39.490 17003 17003 E Weex    : Weex window Invalidate
12-31 18:45:39.490 17003 17526 E Weex    : Weex Window::requestNextFrame 0xd77f8d80
12-31 18:45:39.490 17003 17526 E Weex    : Weex Window::requestNextFrame page not null
12-31 18:45:39.491 17003 17526 E Weex    : Weex mRequestFrame 0
12-31 18:45:39.491 17003 17029 E Weex    : Weex onFrame 0 1
12-31 18:45:39.491 17003 17029 E Weex    : Weex tickerList 0 
12-31 18:45:39.491 17003 17029 E Weex    : WeexRender layout start 0
12-31 18:45:39.491 17003 17029 E Weex    : WeexRender layout end used 0.043945
12-31 18:45:39.506 17003 17003 E Weex    : Weex window Invalidate
12-31 18:45:39.507 17003 17526 E Weex    : Weex Window::requestNextFrame 0xd77f8d80
12-31 18:45:39.507 17003 17526 E Weex    : Weex Window::requestNextFrame page not null
12-31 18:45:39.507 17003 17526 E Weex    : Weex mRequestFrame 0
12-31 18:45:39.507 17003 17029 E Weex    : Weex onFrame 0 1
12-31 18:45:39.507 17003 17029 E Weex    : Weex tickerList 0 
12-31 18:45:39.507 17003 17029 E Weex    : WeexRender layout start 0
12-31 18:45:39.507 17003 17029 E Weex    : WeexRender layout end used 0.043945
12-31 18:45:39.523 17003 17003 E Weex    : Weex window Invalidate
12-31 18:45:39.524 17003 17526 E Weex    : Weex Window::requestNextFrame 0xd77f8d80
12-31 18:45:39.524 17003 17526 E Weex    : Weex Window::requestNextFrame page not null
12-31 18:45:39.524 17003 17526 E Weex    : Weex mRequestFrame 0
12-31 18:45:39.524 17003 17029 E Weex    : Weex onFrame 0 1
12-31 18:45:39.524 17003 17029 E Weex    : Weex tickerList 0 
12-31 18:45:39.524 17003 17029 E Weex    : WeexRender layout start 0
12-31 18:45:39.524 17003 17029 E Weex    : WeexRender layout end used 0.044678
12-31 18:45:39.540 17003 17003 E Weex    : Weex window Invalidate
12-31 18:45:39.541 17003 17526 E Weex    : Weex Window::requestNextFrame 0xd77f8d80
12-31 18:45:39.541 17003 17526 E Weex    : Weex Window::requestNextFrame page not null
12-31 18:45:39.541 17003 17526 E Weex    : Weex mRequestFrame 0
12-31 18:45:39.541 17003 17029 E Weex    : Weex onFrame 0 1
12-31 18:45:39.541 17003 17029 E Weex    : Weex tickerList 0 
12-31 18:45:39.541 17003 17029 E Weex    : WeexRender layout start 0
12-31 18:45:39.541 17003 17029 E Weex    : WeexRender layout end used 0.044189
12-31 18:45:39.557 17003 17003 E Weex    : Weex window Invalidate
12-31 18:45:39.557 17003 17526 E Weex    : Weex Window::requestNextFrame 0xd77f8d80
12-31 18:45:39.557 17003 17526 E Weex    : Weex Window::requestNextFrame page not null
12-31 18:45:39.557 17003 17526 E Weex    : Weex mRequestFrame 0
12-31 18:45:39.558 17003 17029 E Weex    : Weex onFrame 0 1
12-31 18:45:39.558 17003 17029 E Weex    : Weex tickerList 0 
12-31 18:45:39.558 17003 17029 E Weex    : WeexRender layout start 0
12-31 18:45:39.558 17003 17029 E Weex    : WeexRender layout end used 0.042725
12-31 18:45:39.574 17003 17003 E Weex    : Weex window Invalidate
12-31 18:45:39.574 17003 17526 E Weex    : Weex Window::requestNextFrame 0xd77f8d80
12-31 18:45:39.574 17003 17526 E Weex    : Weex Window::requestNextFrame page not null
12-31 18:45:39.574 17003 17526 E Weex    : Weex mRequestFrame 0
12-31 18:45:39.575 17003 17029 E Weex    : Weex onFrame 0 1
12-31 18:45:39.575 17003 17029 E Weex    : Weex tickerList 0 
12-31 18:45:39.575 17003 17029 E Weex    : WeexRender layout start 0
12-31 18:45:39.575 17003 17029 E Weex    : WeexRender layout end used 0.042725
12-31 18:45:39.591 17003 17003 E Weex    : Weex window Invalidate
12-31 18:45:39.591 17003 17526 E Weex    : Weex Window::requestNextFrame 0xd77f8d80
12-31 18:45:39.591 17003 17526 E Weex    : Weex Window::requestNextFrame page not null
12-31 18:45:39.592 17003 17526 E Weex    : Weex mRequestFrame 0
12-31 18:45:39.592 17003 17029 E Weex    : Weex onFrame 0 1
12-31 18:45:39.592 17003 17029 E Weex    : Weex tickerList 0 
12-31 18:45:39.592 17003 17029 E Weex    : WeexRender layout start 0
12-31 18:45:39.592 17003 17029 E Weex    : WeexRender layout end used 0.042725
12-31 18:45:39.607 17003 17003 E Weex    : Weex window Invalidate
12-31 18:45:39.608 17003 17526 E Weex    : Weex Window::requestNextFrame 0xd77f8d80
12-31 18:45:39.608 17003 17526 E Weex    : Weex Window::requestNextFrame page not null
12-31 18:45:39.608 17003 17526 E Weex    : Weex mRequestFrame 0
12-31 18:45:39.608 17003 17029 E Weex    : Weex onFrame 0 1
12-31 18:45:39.608 17003 17029 E Weex    : Weex tickerList 0 
12-31 18:45:39.608 17003 17029 E Weex    : WeexRender layout start 0
12-31 18:45:39.609 17003 17029 E Weex    : WeexRender layout end used 0.046875
12-31 18:45:39.624 17003 17003 E Weex    : Weex window Invalidate
12-31 18:45:39.625 17003 17526 E Weex    : Weex Window::requestNextFrame 0xd77f8d80
12-31 18:45:39.625 17003 17526 E Weex    : Weex Window::requestNextFrame page not null
12-31 18:45:39.625 17003 17526 E Weex    : Weex mRequestFrame 0
12-31 18:45:39.625 17003 17029 E Weex    : Weex onFrame 0 1
12-31 18:45:39.625 17003 17029 E Weex    : Weex tickerList 0 
12-31 18:45:39.625 17003 17029 E Weex    : WeexRender layout start 0
12-31 18:45:39.625 17003 17029 E Weex    : WeexRender layout end used 0.042236
12-31 18:45:39.641 17003 17003 E Weex    : Weex window Invalidate
12-31 18:45:39.642 17003 17526 E Weex    : Weex Window::requestNextFrame 0xd77f8d80
12-31 18:45:39.642 17003 17526 E Weex    : Weex Window::requestNextFrame page not null
12-31 18:45:39.642 17003 17526 E Weex    : Weex mRequestFrame 0
12-31 18:45:39.642 17003 17029 E Weex    : Weex onFrame 0 1
12-31 18:45:39.642 17003 17029 E Weex    : Weex tickerList 0 
12-31 18:45:39.642 17003 17029 E Weex    : WeexRender layout start 0
12-31 18:45:39.643 17003 17029 E Weex    : WeexRender layout end used 0.042725
12-31 18:45:39.658 17003 17003 E Weex    : Weex window Invalidate
12-31 18:45:39.658 17003 17526 E Weex    : Weex Window::requestNextFrame 0xd77f8d80
12-31 18:45:39.659 17003 17526 E Weex    : Weex Window::requestNextFrame page not null
12-31 18:45:39.659 17003 17526 E Weex    : Weex mRequestFrame 0
12-31 18:45:39.659 17003 17029 E Weex    : Weex onFrame 0 1
12-31 18:45:39.659 17003 17029 E Weex    : Weex tickerList 0 
12-31 18:45:39.659 17003 17029 E Weex    : WeexRender layout start 0
12-31 18:45:39.659 17003 17029 E Weex    : WeexRender layout end used 0.043213
12-31 18:45:39.675 17003 17003 E Weex    : Weex window Invalidate
12-31 18:45:39.676 17003 17526 E Weex    : Weex Window::requestNextFrame 0xd77f8d80
12-31 18:45:39.676 17003 17526 E Weex    : Weex Window::requestNextFrame page not null
12-31 18:45:39.676 17003 17526 E Weex    : Weex mRequestFrame 0
12-31 18:45:39.676 17003 17029 E Weex    : Weex onFrame 0 1
12-31 18:45:39.677 17003 17029 E Weex    : Weex tickerList 0 
12-31 18:45:39.677 17003 17029 E Weex    : WeexRender layout start 0
12-31 18:45:39.677 17003 17029 E Weex    : WeexRender layout end used 0.044189
12-31 18:45:39.692 17003 17003 E Weex    : Weex window Invalidate
12-31 18:45:39.692 17003 17526 E Weex    : Weex Window::requestNextFrame 0xd77f8d80
12-31 18:45:39.693 17003 17526 E Weex    : Weex Window::requestNextFrame page not null
12-31 18:45:39.693 17003 17526 E Weex    : Weex mRequestFrame 0
12-31 18:45:39.693 17003 17029 E Weex    : Weex onFrame 0 1
12-31 18:45:39.693 17003 17029 E Weex    : Weex tickerList 0 
12-31 18:45:39.693 17003 17029 E Weex    : WeexRender layout start 0
12-31 18:45:39.693 17003 17029 E Weex    : WeexRender layout end used 0.044434
12-31 18:45:39.709 17003 17003 E Weex    : Weex window Invalidate
12-31 18:45:39.709 17003 17526 E Weex    : Weex Window::requestNextFrame 0xd77f8d80
12-31 18:45:39.709 17003 17526 E Weex    : Weex Window::requestNextFrame page not null
12-31 18:45:39.709 17003 17526 E Weex    : Weex mRequestFrame 0
12-31 18:45:39.710 17003 17029 E Weex    : Weex onFrame 0 1
12-31 18:45:39.710 17003 17029 E Weex    : Weex tickerList 0 
12-31 18:45:39.710 17003 17029 E Weex    : WeexRender layout start 0
12-31 18:45:39.710 17003 17029 E Weex    : WeexRender layout end used 0.042236
12-31 18:45:39.726 17003 17003 E Weex    : Weex window Invalidate
12-31 18:45:39.726 17003 17526 E Weex    : Weex Window::requestNextFrame 0xd77f8d80
12-31 18:45:39.727 17003 17526 E Weex    : Weex Window::requestNextFrame page not null
12-31 18:45:39.727 17003 17526 E Weex    : Weex mRequestFrame 0
12-31 18:45:39.727 17003 17029 E Weex    : Weex onFrame 0 1
12-31 18:45:39.727 17003 17029 E Weex    : Weex tickerList 0 
12-31 18:45:39.727 17003 17029 E Weex    : WeexRender layout start 0
12-31 18:45:39.727 17003 17029 E Weex    : WeexRender layout end used 0.046387
12-31 18:45:39.743 17003 17003 E Weex    : Weex window Invalidate
12-31 18:45:39.743 17003 17526 E Weex    : Weex Window::requestNextFrame 0xd77f8d80
12-31 18:45:39.743 17003 17526 E Weex    : Weex Window::requestNextFrame page not null
12-31 18:45:39.743 17003 17526 E Weex    : Weex mRequestFrame 0
12-31 18:45:39.744 17003 17029 E Weex    : Weex onFrame 0 1
12-31 18:45:39.744 17003 17029 E Weex    : Weex tickerList 0 
12-31 18:45:39.744 17003 17029 E Weex    : WeexRender layout start 0
12-31 18:45:39.744 17003 17029 E Weex    : WeexRender layout end used 0.044189
12-31 18:45:39.759 17003 17003 E Weex    : Weex window Invalidate
12-31 18:45:39.760 17003 17526 E Weex    : Weex Window::requestNextFrame 0xd77f8d80
12-31 18:45:39.760 17003 17526 E Weex    : Weex Window::requestNextFrame page not null
12-31 18:45:39.760 17003 17526 E Weex    : Weex mRequestFrame 0
12-31 18:45:39.760 17003 17029 E Weex    : Weex onFrame 0 1
12-31 18:45:39.760 17003 17029 E Weex    : Weex tickerList 0 
12-31 18:45:39.760 17003 17029 E Weex    : WeexRender layout start 0
12-31 18:45:39.761 17003 17029 E Weex    : WeexRender layout end used 0.050537
12-31 18:45:39.777 17003 17003 E Weex    : Weex window Invalidate
12-31 18:45:39.777 17003 17526 E Weex    : Weex Window::requestNextFrame 0xd77f8d80
12-31 18:45:39.777 17003 17526 E Weex    : Weex Window::requestNextFrame page not null
12-31 18:45:39.777 17003 17526 E Weex    : Weex mRequestFrame 0
12-31 18:45:39.778 17003 17029 E Weex    : Weex onFrame 0 1
12-31 18:45:39.778 17003 17029 E Weex    : Weex tickerList 0 
12-31 18:45:39.778 17003 17029 E Weex    : WeexRender layout start 0
12-31 18:45:39.778 17003 17029 E Weex    : WeexRender layout end used 0.043213
12-31 18:45:39.793 17003 17003 E Weex    : Weex window Invalidate
12-31 18:45:39.794 17003 17526 E Weex    : Weex Window::requestNextFrame 0xd77f8d80
12-31 18:45:39.794 17003 17526 E Weex    : Weex Window::requestNextFrame page not null
12-31 18:45:39.794 17003 17526 E Weex    : Weex mRequestFrame 0
12-31 18:45:39.795 17003 17029 E Weex    : Weex onFrame 0 1
12-31 18:45:39.795 17003 17029 E Weex    : Weex tickerList 0 
12-31 18:45:39.795 17003 17029 E Weex    : WeexRender layout start 0
12-31 18:45:39.795 17003 17029 E Weex    : WeexRender layout end used 0.018066
12-31 18:45:39.810 17003 17003 E Weex    : Weex window Invalidate
12-31 18:45:39.811 17003 17526 E Weex    : Weex Window::requestNextFrame 0xd77f8d80
12-31 18:45:39.811 17003 17526 E Weex    : Weex Window::requestNextFrame page not null
12-31 18:45:39.811 17003 17526 E Weex    : Weex mRequestFrame 0
12-31 18:45:39.811 17003 17029 E Weex    : Weex onFrame 0 1
12-31 18:45:39.811 17003 17029 E Weex    : Weex tickerList 0 
12-31 18:45:39.811 17003 17029 E Weex    : WeexRender layout start 0
12-31 18:45:39.811 17003 17029 E Weex    : WeexRender layout end used 0.018311
12-31 18:45:39.827 17003 17003 E Weex    : Weex window Invalidate
12-31 18:45:39.828 17003 17526 E Weex    : Weex Window::requestNextFrame 0xd77f8d80
12-31 18:45:39.828 17003 17526 E Weex    : Weex Window::requestNextFrame page not null
12-31 18:45:39.828 17003 17526 E Weex    : Weex mRequestFrame 0
12-31 18:45:39.828 17003 17029 E Weex    : Weex onFrame 0 1
12-31 18:45:39.828 17003 17029 E Weex    : Weex tickerList 0 
12-31 18:45:39.828 17003 17029 E Weex    : WeexRender layout start 0
12-31 18:45:39.828 17003 17029 E Weex    : WeexRender layout end used 0.018311
12-31 18:45:39.844 17003 17003 E Weex    : Weex window Invalidate
12-31 18:45:39.845 17003 17526 E Weex    : Weex Window::requestNextFrame 0xd77f8d80
12-31 18:45:39.845 17003 17526 E Weex    : Weex Window::requestNextFrame page not null
12-31 18:45:39.845 17003 17526 E Weex    : Weex mRequestFrame 0
12-31 18:45:39.845 17003 17029 E Weex    : Weex onFrame 0 1
12-31 18:45:39.845 17003 17029 E Weex    : Weex tickerList 0 
12-31 18:45:39.845 17003 17029 E Weex    : WeexRender layout start 0
12-31 18:45:39.845 17003 17029 E Weex    : WeexRender layout end used 0.018311
12-31 18:45:39.861 17003 17003 E Weex    : Weex window Invalidate
12-31 18:45:39.861 17003 17526 E Weex    : Weex Window::requestNextFrame 0xd77f8d80
12-31 18:45:39.861 17003 17526 E Weex    : Weex Window::requestNextFrame page not null
12-31 18:45:39.861 17003 17526 E Weex    : Weex mRequestFrame 0
12-31 18:45:39.862 17003 17029 E Weex    : Weex onFrame 0 1
12-31 18:45:39.862 17003 17029 E Weex    : Weex tickerList 0 
12-31 18:45:39.862 17003 17029 E Weex    : WeexRender layout start 0
12-31 18:45:39.862 17003 17029 E Weex    : WeexRender layout end used 0.017822
12-31 18:45:39.878 17003 17003 E Weex    : Weex window Invalidate
12-31 18:45:39.878 17003 17526 E Weex    : Weex Window::requestNextFrame 0xd77f8d80
12-31 18:45:39.878 17003 17526 E Weex    : Weex Window::requestNextFrame page not null
12-31 18:45:39.878 17003 17526 E Weex    : Weex mRequestFrame 0
12-31 18:45:39.878 17003 17029 E Weex    : Weex onFrame 0 1
12-31 18:45:39.879 17003 17029 E Weex    : Weex tickerList 0 
12-31 18:45:39.879 17003 17029 E Weex    : WeexRender layout start 0
12-31 18:45:39.879 17003 17029 E Weex    : WeexRender layout end used 0.019287
12-31 18:45:39.895 17003 17003 E Weex    : Weex window Invalidate
12-31 18:45:39.895 17003 17526 E Weex    : Weex Window::requestNextFrame 0xd77f8d80
12-31 18:45:39.895 17003 17526 E Weex    : Weex Window::requestNextFrame page not null
12-31 18:45:39.895 17003 17526 E Weex    : Weex mRequestFrame 0
12-31 18:45:39.896 17003 17029 E Weex    : Weex onFrame 0 1
12-31 18:45:39.896 17003 17029 E Weex    : Weex tickerList 0 
12-31 18:45:39.896 17003 17029 E Weex    : WeexRender layout start 0
12-31 18:45:39.896 17003 17029 E Weex    : WeexRender layout end used 0.043701
12-31 18:45:39.911 17003 17003 E Weex    : Weex window Invalidate
12-31 18:45:39.912 17003 17526 E Weex    : Weex Window::requestNextFrame 0xd77f8d80
12-31 18:45:39.912 17003 17526 E Weex    : Weex Window::requestNextFrame page not null
12-31 18:45:39.912 17003 17526 E Weex    : Weex mRequestFrame 0
12-31 18:45:39.915 17003 17029 E Weex    : Weex onFrame 0 1
12-31 18:45:39.915 17003 17029 E Weex    : Weex tickerList 0 
12-31 18:45:39.915 17003 17029 E Weex    : WeexRender layout start 0
12-31 18:45:39.915 17003 17029 E Weex    : WeexRender layout end used 0.047363
12-31 18:45:39.929 17003 17003 E Weex    : Weex window Invalidate
12-31 18:45:39.929 17003 17526 E Weex    : Weex Window::requestNextFrame 0xd77f8d80
12-31 18:45:39.929 17003 17526 E Weex    : Weex Window::requestNextFrame page not null
12-31 18:45:39.929 17003 17526 E Weex    : Weex mRequestFrame 0
12-31 18:45:39.930 17003 17029 E Weex    : Weex onFrame 0 1
12-31 18:45:39.930 17003 17029 E Weex    : Weex tickerList 0 
12-31 18:45:39.930 17003 17029 E Weex    : WeexRender layout start 0
12-31 18:45:39.930 17003 17029 E Weex    : WeexRender layout end used 0.072754
12-31 18:45:40.328 17003 17029 E Weex    : Page Remove 118318131
12-31 18:45:44.285 17003 17029 E Weex    : Page Create 222989096
12-31 18:45:44.343 17003 17003 E Weex    : Weex window Invalidate
12-31 18:45:44.353 17003 17594 E Weex    : Window::attachPage 0x0  222989096 
12-31 18:45:44.353 17003 17594 E Weex    : Weex Window::requestNextFrame 0x0
12-31 18:45:44.353 17003 17594 E Weex    : Weex Window::requestNextFrame page  null
12-31 18:45:44.353 17003 17029 E Weex    : WeexRender mark Diry
12-31 18:45:44.353 17003 17029 E Weex    : Weex mRequestFrame 0
12-31 18:45:44.353 17003 17029 E Weex    : Window::attachPage Done
12-31 18:45:44.353 17003 17029 E Weex    : Page Create 222989096
12-31 18:45:44.353 17003 17029 E Weex    : Weex onFrame 1 1
12-31 18:45:44.353 17003 17029 E Weex    : Weex tickerList 0 
12-31 18:45:44.353 17003 17029 E Weex    : WeexRender layout start 1
12-31 18:45:44.355 17003 17029 E Weex    : WeexRender layout end used 1.990234
12-31 18:45:44.356 17003 17029 E Weex    : Window::setWindowPaintRecords
12-31 18:45:44.361 17003 17003 E Weex    : Weex window Invalidate
12-31 18:45:44.464 17003 17594 E Weex    : Weex Window::requestNextFrame 0xd77f80e0
12-31 18:45:44.464 17003 17594 E Weex    : Weex Window::requestNextFrame page not null
12-31 18:45:44.464 17003 17594 E Weex    : Weex mRequestFrame 0
12-31 18:45:44.464 17003 17029 E Weex    : Weex onFrame 0 1
12-31 18:45:44.465 17003 17029 E Weex    : Weex tickerList 0 
12-31 18:45:44.465 17003 17029 E Weex    : WeexRender layout start 0
12-31 18:45:44.465 17003 17029 E Weex    : WeexRender layout end used 0.005371
12-31 18:45:44.472 17003 17003 E Weex    : Weex window Invalidate
12-31 18:45:44.472 17003 17594 E Weex    : Weex Window::requestNextFrame 0xd77f80e0
12-31 18:45:44.472 17003 17594 E Weex    : Weex Window::requestNextFrame page not null
12-31 18:45:44.472 17003 17594 E Weex    : Weex mRequestFrame 0
12-31 18:45:44.472 17003 17029 E Weex    : Weex onFrame 0 1
12-31 18:45:44.472 17003 17029 E Weex    : Weex tickerList 0 
12-31 18:45:44.472 17003 17029 E Weex    : WeexRender layout start 0
12-31 18:45:44.472 17003 17029 E Weex    : WeexRender layout end used 0.008301
12-31 18:45:44.489 17003 17003 E Weex    : Weex window Invalidate
12-31 18:45:44.489 17003 17594 E Weex    : Weex Window::requestNextFrame 0xd77f80e0
12-31 18:45:44.489 17003 17594 E Weex    : Weex Window::requestNextFrame page not null
12-31 18:45:44.489 17003 17594 E Weex    : Weex mRequestFrame 0
12-31 18:45:44.489 17003 17029 E Weex    : Weex onFrame 0 1
12-31 18:45:44.489 17003 17029 E Weex    : Weex tickerList 0 
12-31 18:45:44.489 17003 17029 E Weex    : WeexRender layout start 0
12-31 18:45:44.489 17003 17029 E Weex    : WeexRender layout end used 0.005615
12-31 18:45:44.505 17003 17003 E Weex    : Weex window Invalidate
12-31 18:45:44.506 17003 17594 E Weex    : Weex Window::requestNextFrame 0xd77f80e0
12-31 18:45:44.506 17003 17594 E Weex    : Weex Window::requestNextFrame page not null
12-31 18:45:44.506 17003 17594 E Weex    : Weex mRequestFrame 0
12-31 18:45:44.506 17003 17029 E Weex    : Weex onFrame 0 1
12-31 18:45:44.506 17003 17029 E Weex    : Weex tickerList 0 
12-31 18:45:44.506 17003 17029 E Weex    : WeexRender layout start 0
12-31 18:45:44.506 17003 17029 E Weex    : WeexRender layout end used 0.006104
12-31 18:45:44.522 17003 17003 E Weex    : Weex window Invalidate
12-31 18:45:44.522 17003 17594 E Weex    : Weex Window::requestNextFrame 0xd77f80e0
12-31 18:45:44.522 17003 17594 E Weex    : Weex Window::requestNextFrame page not null
12-31 18:45:44.522 17003 17594 E Weex    : Weex mRequestFrame 0
12-31 18:45:44.523 17003 17029 E Weex    : Weex onFrame 0 1
12-31 18:45:44.523 17003 17029 E Weex    : Weex tickerList 0 
12-31 18:45:44.523 17003 17029 E Weex    : WeexRender layout start 0
12-31 18:45:44.523 17003 17029 E Weex    : WeexRender layout end used 0.007324
12-31 18:45:44.539 17003 17003 E Weex    : Weex window Invalidate
12-31 18:45:44.540 17003 17594 E Weex    : Weex Window::requestNextFrame 0xd77f80e0
12-31 18:45:44.540 17003 17594 E Weex    : Weex Window::requestNextFrame page not null
12-31 18:45:44.540 17003 17594 E Weex    : Weex mRequestFrame 0
12-31 18:45:44.540 17003 17029 E Weex    : Weex onFrame 0 1
12-31 18:45:44.540 17003 17029 E Weex    : Weex tickerList 0 
12-31 18:45:44.540 17003 17029 E Weex    : WeexRender layout start 0
12-31 18:45:44.540 17003 17029 E Weex    : WeexRender layout end used 0.006592
12-31 18:45:44.556 17003 17003 E Weex    : Weex window Invalidate
12-31 18:45:44.557 17003 17594 E Weex    : Weex Window::requestNextFrame 0xd77f80e0
12-31 18:45:44.557 17003 17594 E Weex    : Weex Window::requestNextFrame page not null
12-31 18:45:44.557 17003 17594 E Weex    : Weex mRequestFrame 0
12-31 18:45:44.557 17003 17029 E Weex    : Weex onFrame 0 1
12-31 18:45:44.557 17003 17029 E Weex    : Weex tickerList 0 
12-31 18:45:44.557 17003 17029 E Weex    : WeexRender layout start 0
12-31 18:45:44.557 17003 17029 E Weex    : WeexRender layout end used 0.006104
12-31 18:45:44.573 17003 17003 E Weex    : Weex window Invalidate
12-31 18:45:44.573 17003 17594 E Weex    : Weex Window::requestNextFrame 0xd77f80e0
12-31 18:45:44.573 17003 17594 E Weex    : Weex Window::requestNextFrame page not null
12-31 18:45:44.573 17003 17594 E Weex    : Weex mRequestFrame 0
12-31 18:45:44.573 17003 17029 E Weex    : Weex onFrame 0 1
12-31 18:45:44.573 17003 17029 E Weex    : Weex tickerList 0 
12-31 18:45:44.573 17003 17029 E Weex    : WeexRender layout start 0
12-31 18:45:44.573 17003 17029 E Weex    : WeexRender layout end used 0.006348
12-31 18:45:44.590 17003 17003 E Weex    : Weex window Invalidate
12-31 18:45:44.590 17003 17594 E Weex    : Weex Window::requestNextFrame 0xd77f80e0
12-31 18:45:44.590 17003 17594 E Weex    : Weex Window::requestNextFrame page not null
12-31 18:45:44.590 17003 17594 E Weex    : Weex mRequestFrame 0
12-31 18:45:44.590 17003 17029 E Weex    : Weex onFrame 0 1
12-31 18:45:44.590 17003 17029 E Weex    : Weex tickerList 0 
12-31 18:45:44.590 17003 17029 E Weex    : WeexRender layout start 0
12-31 18:45:44.590 17003 17029 E Weex    : WeexRender layout end used 0.006348
12-31 18:45:44.607 17003 17003 E Weex    : Weex window Invalidate
12-31 18:45:44.607 17003 17594 E Weex    : Weex Window::requestNextFrame 0xd77f80e0
12-31 18:45:44.607 17003 17594 E Weex    : Weex Window::requestNextFrame page not null
12-31 18:45:44.607 17003 17594 E Weex    : Weex mRequestFrame 0
12-31 18:45:44.607 17003 17029 E Weex    : Weex onFrame 0 1
12-31 18:45:44.607 17003 17029 E Weex    : Weex tickerList 0 
12-31 18:45:44.607 17003 17029 E Weex    : WeexRender layout start 0
12-31 18:45:44.607 17003 17029 E Weex    : WeexRender layout end used 0.005859
12-31 18:45:44.624 17003 17003 E Weex    : Weex window Invalidate
12-31 18:45:44.624 17003 17594 E Weex    : Weex Window::requestNextFrame 0xd77f80e0
12-31 18:45:44.624 17003 17594 E Weex    : Weex Window::requestNextFrame page not null
12-31 18:45:44.624 17003 17594 E Weex    : Weex mRequestFrame 0
12-31 18:45:44.624 17003 17029 E Weex    : Weex onFrame 0 1
12-31 18:45:44.624 17003 17029 E Weex    : Weex tickerList 0 
12-31 18:45:44.624 17003 17029 E Weex    : WeexRender layout start 0
12-31 18:45:44.624 17003 17029 E Weex    : WeexRender layout end used 0.006104
12-31 18:45:44.641 17003 17003 E Weex    : Weex window Invalidate
12-31 18:45:44.641 17003 17594 E Weex    : Weex Window::requestNextFrame 0xd77f80e0
12-31 18:45:44.641 17003 17594 E Weex    : Weex Window::requestNextFrame page not null
12-31 18:45:44.641 17003 17594 E Weex    : Weex mRequestFrame 0
12-31 18:45:44.641 17003 17029 E Weex    : Weex onFrame 0 1
12-31 18:45:44.641 17003 17029 E Weex    : Weex tickerList 0 
12-31 18:45:44.641 17003 17029 E Weex    : WeexRender layout start 0
12-31 18:45:44.641 17003 17029 E Weex    : WeexRender layout end used 0.006348
12-31 18:45:44.657 17003 17003 E Weex    : Weex window Invalidate
12-31 18:45:44.657 17003 17594 E Weex    : Weex Window::requestNextFrame 0xd77f80e0
12-31 18:45:44.657 17003 17594 E Weex    : Weex Window::requestNextFrame page not null
12-31 18:45:44.657 17003 17594 E Weex    : Weex mRequestFrame 0
12-31 18:45:44.657 17003 17029 E Weex    : Weex onFrame 0 1
12-31 18:45:44.657 17003 17029 E Weex    : Weex tickerList 0 
12-31 18:45:44.657 17003 17029 E Weex    : WeexRender layout start 0
12-31 18:45:44.657 17003 17029 E Weex    : WeexRender layout end used 0.011963
12-31 18:45:44.674 17003 17003 E Weex    : Weex window Invalidate
12-31 18:45:44.674 17003 17594 E Weex    : Weex Window::requestNextFrame 0xd77f80e0
12-31 18:45:44.674 17003 17594 E Weex    : Weex Window::requestNextFrame page not null
12-31 18:45:44.674 17003 17594 E Weex    : Weex mRequestFrame 0
12-31 18:45:44.674 17003 17029 E Weex    : Weex onFrame 0 1
12-31 18:45:44.674 17003 17029 E Weex    : Weex tickerList 0 
12-31 18:45:44.674 17003 17029 E Weex    : WeexRender layout start 0
12-31 18:45:44.675 17003 17029 E Weex    : WeexRender layout end used 0.012939
12-31 18:45:44.691 17003 17003 E Weex    : Weex window Invalidate
12-31 18:45:44.691 17003 17594 E Weex    : Weex Window::requestNextFrame 0xd77f80e0
12-31 18:45:44.691 17003 17594 E Weex    : Weex Window::requestNextFrame page not null
12-31 18:45:44.691 17003 17594 E Weex    : Weex mRequestFrame 0
12-31 18:45:44.692 17003 17029 E Weex    : Weex onFrame 0 1
12-31 18:45:44.692 17003 17029 E Weex    : Weex tickerList 0 
12-31 18:45:44.692 17003 17029 E Weex    : WeexRender layout start 0
12-31 18:45:44.692 17003 17029 E Weex    : WeexRender layout end used 0.013672
12-31 18:45:44.708 17003 17003 E Weex    : Weex window Invalidate
12-31 18:45:44.708 17003 17594 E Weex    : Weex Window::requestNextFrame 0xd77f80e0
12-31 18:45:44.708 17003 17594 E Weex    : Weex Window::requestNextFrame page not null
12-31 18:45:44.708 17003 17594 E Weex    : Weex mRequestFrame 0
12-31 18:45:44.708 17003 17029 E Weex    : Weex onFrame 0 1
12-31 18:45:44.708 17003 17029 E Weex    : Weex tickerList 0 
12-31 18:45:44.708 17003 17029 E Weex    : WeexRender layout start 0
12-31 18:45:44.708 17003 17029 E Weex    : WeexRender layout end used 0.013184
12-31 18:45:44.725 17003 17003 E Weex    : Weex window Invalidate
12-31 18:45:44.725 17003 17594 E Weex    : Weex Window::requestNextFrame 0xd77f80e0
12-31 18:45:44.725 17003 17594 E Weex    : Weex Window::requestNextFrame page not null
12-31 18:45:44.725 17003 17594 E Weex    : Weex mRequestFrame 0
12-31 18:45:44.725 17003 17029 E Weex    : Weex onFrame 0 1
12-31 18:45:44.725 17003 17029 E Weex    : Weex tickerList 0 
12-31 18:45:44.725 17003 17029 E Weex    : WeexRender layout start 0
12-31 18:45:44.725 17003 17029 E Weex    : WeexRender layout end used 0.015137
12-31 18:45:44.742 17003 17003 E Weex    : Weex window Invalidate
12-31 18:45:44.742 17003 17594 E Weex    : Weex Window::requestNextFrame 0xd77f80e0
12-31 18:45:44.742 17003 17594 E Weex    : Weex Window::requestNextFrame page not null
12-31 18:45:44.742 17003 17594 E Weex    : Weex mRequestFrame 0
12-31 18:45:44.742 17003 17029 E Weex    : Weex onFrame 0 1
12-31 18:45:44.742 17003 17029 E Weex    : Weex tickerList 0 
12-31 18:45:44.742 17003 17029 E Weex    : WeexRender layout start 0
12-31 18:45:44.742 17003 17029 E Weex    : WeexRender layout end used 0.014160
12-31 18:45:44.759 17003 17003 E Weex    : Weex window Invalidate
12-31 18:45:44.759 17003 17594 E Weex    : Weex Window::requestNextFrame 0xd77f80e0
12-31 18:45:44.759 17003 17594 E Weex    : Weex Window::requestNextFrame page not null
12-31 18:45:44.759 17003 17594 E Weex    : Weex mRequestFrame 0
12-31 18:45:44.759 17003 17029 E Weex    : Weex onFrame 0 1
12-31 18:45:44.759 17003 17029 E Weex    : Weex tickerList 0 
12-31 18:45:44.759 17003 17029 E Weex    : WeexRender layout start 0
12-31 18:45:44.759 17003 17029 E Weex    : WeexRender layout end used 0.014160
12-31 18:45:44.776 17003 17003 E Weex    : Weex window Invalidate
12-31 18:45:44.776 17003 17594 E Weex    : Weex Window::requestNextFrame 0xd77f80e0
12-31 18:45:44.776 17003 17594 E Weex    : Weex Window::requestNextFrame page not null
12-31 18:45:44.776 17003 17594 E Weex    : Weex mRequestFrame 0
12-31 18:45:44.776 17003 17029 E Weex    : Weex onFrame 0 1
12-31 18:45:44.776 17003 17029 E Weex    : Weex tickerList 0 
12-31 18:45:44.776 17003 17029 E Weex    : WeexRender layout start 0
12-31 18:45:44.776 17003 17029 E Weex    : WeexRender layout end used 0.012939
12-31 18:45:44.793 17003 17003 E Weex    : Weex window Invalidate
12-31 18:45:44.793 17003 17594 E Weex    : Weex Window::requestNextFrame 0xd77f80e0
12-31 18:45:44.793 17003 17594 E Weex    : Weex Window::requestNextFrame page not null
12-31 18:45:44.793 17003 17594 E Weex    : Weex mRequestFrame 0
12-31 18:45:44.793 17003 17029 E Weex    : Weex onFrame 0 1
12-31 18:45:44.793 17003 17029 E Weex    : Weex tickerList 0 
12-31 18:45:44.793 17003 17029 E Weex    : WeexRender layout start 0
12-31 18:45:44.793 17003 17029 E Weex    : WeexRender layout end used 0.013672
12-31 18:45:44.809 17003 17003 E Weex    : Weex window Invalidate
12-31 18:45:44.810 17003 17594 E Weex    : Weex Window::requestNextFrame 0xd77f80e0
12-31 18:45:44.810 17003 17594 E Weex    : Weex Window::requestNextFrame page not null
12-31 18:45:44.810 17003 17594 E Weex    : Weex mRequestFrame 0
12-31 18:45:44.810 17003 17029 E Weex    : Weex onFrame 0 1
12-31 18:45:44.810 17003 17029 E Weex    : Weex tickerList 0 
12-31 18:45:44.810 17003 17029 E Weex    : WeexRender layout start 0
12-31 18:45:44.810 17003 17029 E Weex    : WeexRender layout end used 0.013184
12-31 18:45:44.826 17003 17003 E Weex    : Weex window Invalidate
12-31 18:45:44.826 17003 17594 E Weex    : Weex Window::requestNextFrame 0xd77f80e0
12-31 18:45:44.826 17003 17594 E Weex    : Weex Window::requestNextFrame page not null
12-31 18:45:44.826 17003 17594 E Weex    : Weex mRequestFrame 0
12-31 18:45:44.827 17003 17029 E Weex    : Weex onFrame 0 1
12-31 18:45:44.827 17003 17029 E Weex    : Weex tickerList 0 
12-31 18:45:44.827 17003 17029 E Weex    : WeexRender layout start 0
12-31 18:45:44.827 17003 17029 E Weex    : WeexRender layout end used 0.013428
12-31 18:45:44.843 17003 17003 E Weex    : Weex window Invalidate
12-31 18:45:44.843 17003 17594 E Weex    : Weex Window::requestNextFrame 0xd77f80e0
12-31 18:45:44.843 17003 17594 E Weex    : Weex Window::requestNextFrame page not null
12-31 18:45:44.843 17003 17594 E Weex    : Weex mRequestFrame 0
12-31 18:45:44.844 17003 17029 E Weex    : Weex onFrame 0 1
12-31 18:45:44.844 17003 17029 E Weex    : Weex tickerList 0 
12-31 18:45:44.844 17003 17029 E Weex    : WeexRender layout start 0
12-31 18:45:44.844 17003 17029 E Weex    : WeexRender layout end used 0.013916
12-31 18:45:44.860 17003 17003 E Weex    : Weex window Invalidate
12-31 18:45:44.860 17003 17594 E Weex    : Weex Window::requestNextFrame 0xd77f80e0
12-31 18:45:44.860 17003 17594 E Weex    : Weex Window::requestNextFrame page not null
12-31 18:45:44.860 17003 17594 E Weex    : Weex mRequestFrame 0
12-31 18:45:44.860 17003 17029 E Weex    : Weex onFrame 0 1
12-31 18:45:44.860 17003 17029 E Weex    : Weex tickerList 0 
12-31 18:45:44.860 17003 17029 E Weex    : WeexRender layout start 0
12-31 18:45:44.860 17003 17029 E Weex    : WeexRender layout end used 0.013672
12-31 18:45:44.877 17003 17003 E Weex    : Weex window Invalidate
12-31 18:45:44.877 17003 17594 E Weex    : Weex Window::requestNextFrame 0xd77f80e0
12-31 18:45:44.877 17003 17594 E Weex    : Weex Window::requestNextFrame page not null
12-31 18:45:44.877 17003 17594 E Weex    : Weex mRequestFrame 0
12-31 18:45:44.877 17003 17029 E Weex    : Weex onFrame 0 1
12-31 18:45:44.877 17003 17029 E Weex    : Weex tickerList 0 
12-31 18:45:44.877 17003 17029 E Weex    : WeexRender layout start 0
12-31 18:45:44.877 17003 17029 E Weex    : WeexRender layout end used 0.016113
12-31 18:45:44.894 17003 17003 E Weex    : Weex window Invalidate
12-31 18:45:44.894 17003 17594 E Weex    : Weex Window::requestNextFrame 0xd77f80e0
12-31 18:45:44.894 17003 17594 E Weex    : Weex Window::requestNextFrame page not null
12-31 18:45:44.894 17003 17594 E Weex    : Weex mRequestFrame 0
12-31 18:45:44.894 17003 17029 E Weex    : Weex onFrame 0 1
12-31 18:45:44.894 17003 17029 E Weex    : Weex tickerList 0 
12-31 18:45:44.894 17003 17029 E Weex    : WeexRender layout start 0
12-31 18:45:44.894 17003 17029 E Weex    : WeexRender layout end used 0.013184
12-31 18:45:44.911 17003 17003 E Weex    : Weex window Invalidate
12-31 18:45:44.911 17003 17594 E Weex    : Weex Window::requestNextFrame 0xd77f80e0
12-31 18:45:44.911 17003 17594 E Weex    : Weex Window::requestNextFrame page not null
12-31 18:45:44.911 17003 17594 E Weex    : Weex mRequestFrame 0
12-31 18:45:44.911 17003 17029 E Weex    : Weex onFrame 0 1
12-31 18:45:44.911 17003 17029 E Weex    : Weex tickerList 0 
12-31 18:45:44.911 17003 17029 E Weex    : WeexRender layout start 0
12-31 18:45:44.911 17003 17029 E Weex    : WeexRender layout end used 0.018066
12-31 18:45:44.928 17003 17003 E Weex    : Weex window Invalidate
12-31 18:45:44.928 17003 17594 E Weex    : Weex Window::requestNextFrame 0xd77f80e0
12-31 18:45:44.928 17003 17594 E Weex    : Weex Window::requestNextFrame page not null
12-31 18:45:44.928 17003 17594 E Weex    : Weex mRequestFrame 0
12-31 18:45:44.928 17003 17029 E Weex    : Weex onFrame 0 1
12-31 18:45:44.928 17003 17029 E Weex    : Weex tickerList 0 
12-31 18:45:44.928 17003 17029 E Weex    : WeexRender layout start 0
12-31 18:45:44.928 17003 17029 E Weex    : WeexRender layout end used 0.017334
12-31 18:45:44.945 17003 17003 E Weex    : Weex window Invalidate
12-31 18:45:44.945 17003 17594 E Weex    : Weex Window::requestNextFrame 0xd77f80e0
12-31 18:45:44.945 17003 17594 E Weex    : Weex Window::requestNextFrame page not null
12-31 18:45:44.946 17003 17594 E Weex    : Weex mRequestFrame 0
12-31 18:45:44.946 17003 17029 E Weex    : Weex onFrame 0 1
12-31 18:45:44.946 17003 17029 E Weex    : Weex tickerList 0 
12-31 18:45:44.946 17003 17029 E Weex    : WeexRender layout start 0
12-31 18:45:44.946 17003 17029 E Weex    : WeexRender layout end used 0.017578
12-31 18:45:44.962 17003 17003 E Weex    : Weex window Invalidate
12-31 18:45:44.962 17003 17594 E Weex    : Weex Window::requestNextFrame 0xd77f80e0
12-31 18:45:44.962 17003 17594 E Weex    : Weex Window::requestNextFrame page not null
12-31 18:45:44.962 17003 17594 E Weex    : Weex mRequestFrame 0
12-31 18:45:44.962 17003 17029 E Weex    : Weex onFrame 0 1
12-31 18:45:44.962 17003 17029 E Weex    : Weex tickerList 0 
12-31 18:45:44.963 17003 17029 E Weex    : WeexRender layout start 0
12-31 18:45:44.963 17003 17029 E Weex    : WeexRender layout end used 0.018066
12-31 18:45:45.346 17003 17029 E Weex    : Page Remove 222989096
12-31 18:45:57.987 17003 17029 E Weex    : Page Create 245588185
12-31 18:45:58.020 17003 17003 E Weex    : Weex window Invalidate
12-31 18:45:58.028 17003 17610 E Weex    : Window::attachPage 0x0  245588185 
12-31 18:45:58.029 17003 17029 E Weex    : WeexRender mark Diry
12-31 18:45:58.029 17003 17029 E Weex    : Weex mRequestFrame 0
12-31 18:45:58.029 17003 17029 E Weex    : Window::attachPage Done
12-31 18:45:58.029 17003 17029 E Weex    : Page Create 245588185
12-31 18:45:58.029 17003 17029 E Weex    : Weex onFrame 1 1
12-31 18:45:58.029 17003 17029 E Weex    : Weex tickerList 0 
12-31 18:45:58.029 17003 17029 E Weex    : WeexRender layout start 1
12-31 18:45:58.033 17003 17610 E Weex    : Weex Window::requestNextFrame 0xd77f8890
12-31 18:45:58.033 17003 17610 E Weex    : Weex Window::requestNextFrame page not null
12-31 18:45:58.033 17003 17610 E Weex    : Weex mRequestFrame 0
12-31 18:45:58.033 17003 17003 E Weex    : Weex window Invalidate
12-31 18:45:58.034 17003 17610 E Weex    : Weex Window::requestNextFrame 0xd77f8890
12-31 18:45:58.034 17003 17610 E Weex    : Weex Window::requestNextFrame page not null
12-31 18:45:58.034 17003 17610 E Weex    : Weex mRequestFrame 1
12-31 18:45:58.037 17003 17029 E Weex    : WeexRender layout end used 8.439209
12-31 18:45:58.041 17003 17029 E Weex    : Window::setWindowPaintRecords
12-31 18:45:58.041 17003 17029 E Weex    : Weex onFrame 0 1
12-31 18:45:58.041 17003 17029 E Weex    : Weex tickerList 0 
12-31 18:45:58.041 17003 17029 E Weex    : WeexRender layout start 0
12-31 18:45:58.041 17003 17029 E Weex    : WeexRender layout end used 0.005615
12-31 18:45:58.048 17003 17003 E Weex    : Weex window Invalidate
12-31 18:45:58.061 17003 17610 E Weex    : Weex Window::requestNextFrame 0xd77f8890
12-31 18:45:58.061 17003 17610 E Weex    : Weex Window::requestNextFrame page not null
12-31 18:45:58.061 17003 17610 E Weex    : Weex mRequestFrame 0
12-31 18:45:58.061 17003 17029 E Weex    : Weex onFrame 0 1
12-31 18:45:58.061 17003 17029 E Weex    : Weex tickerList 0 
12-31 18:45:58.061 17003 17029 E Weex    : WeexRender layout start 0
12-31 18:45:58.061 17003 17029 E Weex    : WeexRender layout end used 0.005859
12-31 18:45:58.065 17003 17003 E Weex    : Weex window Invalidate
12-31 18:45:58.065 17003 17610 E Weex    : Weex Window::requestNextFrame 0xd77f8890
12-31 18:45:58.065 17003 17610 E Weex    : Weex Window::requestNextFrame page not null
12-31 18:45:58.065 17003 17610 E Weex    : Weex mRequestFrame 0
12-31 18:45:58.065 17003 17029 E Weex    : Weex onFrame 0 1
12-31 18:45:58.065 17003 17029 E Weex    : Weex tickerList 0 
12-31 18:45:58.065 17003 17029 E Weex    : WeexRender layout start 0
12-31 18:45:58.065 17003 17029 E Weex    : WeexRender layout end used 0.005615
12-31 18:45:58.081 17003 17003 E Weex    : Weex window Invalidate
12-31 18:45:58.082 17003 17610 E Weex    : Weex Window::requestNextFrame 0xd77f8890
12-31 18:45:58.082 17003 17610 E Weex    : Weex Window::requestNextFrame page not null
12-31 18:45:58.082 17003 17610 E Weex    : Weex mRequestFrame 0
12-31 18:45:58.082 17003 17029 E Weex    : Weex onFrame 0 1
12-31 18:45:58.082 17003 17029 E Weex    : Weex tickerList 0 
12-31 18:45:58.082 17003 17029 E Weex    : WeexRender layout start 0
12-31 18:45:58.082 17003 17029 E Weex    : WeexRender layout end used 0.005615
12-31 18:45:58.099 17003 17003 E Weex    : Weex window Invalidate
12-31 18:45:58.099 17003 17610 E Weex    : Weex Window::requestNextFrame 0xd77f8890
12-31 18:45:58.099 17003 17610 E Weex    : Weex Window::requestNextFrame page not null
12-31 18:45:58.099 17003 17610 E Weex    : Weex mRequestFrame 0
12-31 18:45:58.099 17003 17029 E Weex    : Weex onFrame 0 1
12-31 18:45:58.099 17003 17029 E Weex    : Weex tickerList 0 
12-31 18:45:58.099 17003 17029 E Weex    : WeexRender layout start 0
12-31 18:45:58.099 17003 17029 E Weex    : WeexRender layout end used 0.005615
12-31 18:45:58.115 17003 17003 E Weex    : Weex window Invalidate
12-31 18:45:58.116 17003 17610 E Weex    : Weex Window::requestNextFrame 0xd77f8890
12-31 18:45:58.116 17003 17610 E Weex    : Weex Window::requestNextFrame page not null
12-31 18:45:58.116 17003 17610 E Weex    : Weex mRequestFrame 0
12-31 18:45:58.116 17003 17029 E Weex    : Weex onFrame 0 1
12-31 18:45:58.116 17003 17029 E Weex    : Weex tickerList 0 
12-31 18:45:58.116 17003 17029 E Weex    : WeexRender layout start 0
12-31 18:45:58.116 17003 17029 E Weex    : WeexRender layout end used 0.005127
12-31 18:45:58.132 17003 17003 E Weex    : Weex window Invalidate
12-31 18:45:58.132 17003 17610 E Weex    : Weex Window::requestNextFrame 0xd77f8890
12-31 18:45:58.132 17003 17610 E Weex    : Weex Window::requestNextFrame page not null
12-31 18:45:58.132 17003 17610 E Weex    : Weex mRequestFrame 0
12-31 18:45:58.132 17003 17029 E Weex    : Weex onFrame 0 1
12-31 18:45:58.132 17003 17029 E Weex    : Weex tickerList 0 
12-31 18:45:58.132 17003 17029 E Weex    : WeexRender layout start 0
12-31 18:45:58.133 17003 17029 E Weex    : WeexRender layout end used 0.005615
12-31 18:45:58.149 17003 17003 E Weex    : Weex window Invalidate
12-31 18:45:58.149 17003 17610 E Weex    : Weex Window::requestNextFrame 0xd77f8890
12-31 18:45:58.149 17003 17610 E Weex    : Weex Window::requestNextFrame page not null
12-31 18:45:58.149 17003 17610 E Weex    : Weex mRequestFrame 0
12-31 18:45:58.150 17003 17029 E Weex    : Weex onFrame 0 1
12-31 18:45:58.150 17003 17029 E Weex    : Weex tickerList 0 
12-31 18:45:58.150 17003 17029 E Weex    : WeexRender layout start 0
12-31 18:45:58.150 17003 17029 E Weex    : WeexRender layout end used 0.005371
12-31 18:45:58.166 17003 17003 E Weex    : Weex window Invalidate
12-31 18:45:58.166 17003 17610 E Weex    : Weex Window::requestNextFrame 0xd77f8890
12-31 18:45:58.166 17003 17610 E Weex    : Weex Window::requestNextFrame page not null
12-31 18:45:58.166 17003 17610 E Weex    : Weex mRequestFrame 0
12-31 18:45:58.167 17003 17029 E Weex    : Weex onFrame 0 1
12-31 18:45:58.167 17003 17029 E Weex    : Weex tickerList 0 
12-31 18:45:58.167 17003 17029 E Weex    : WeexRender layout start 0
12-31 18:45:58.167 17003 17029 E Weex    : WeexRender layout end used 0.005615
12-31 18:45:58.183 17003 17003 E Weex    : Weex window Invalidate
12-31 18:45:58.183 17003 17610 E Weex    : Weex Window::requestNextFrame 0xd77f8890
12-31 18:45:58.183 17003 17610 E Weex    : Weex Window::requestNextFrame page not null
12-31 18:45:58.183 17003 17610 E Weex    : Weex mRequestFrame 0
12-31 18:45:58.183 17003 17029 E Weex    : Weex onFrame 0 1
12-31 18:45:58.183 17003 17029 E Weex    : Weex tickerList 0 
12-31 18:45:58.183 17003 17029 E Weex    : WeexRender layout start 0
12-31 18:45:58.183 17003 17029 E Weex    : WeexRender layout end used 0.005859
12-31 18:45:58.200 17003 17003 E Weex    : Weex window Invalidate
12-31 18:45:58.200 17003 17610 E Weex    : Weex Window::requestNextFrame 0xd77f8890
12-31 18:45:58.200 17003 17610 E Weex    : Weex Window::requestNextFrame page not null
12-31 18:45:58.200 17003 17610 E Weex    : Weex mRequestFrame 0
12-31 18:45:58.200 17003 17029 E Weex    : Weex onFrame 0 1
12-31 18:45:58.200 17003 17029 E Weex    : Weex tickerList 0 
12-31 18:45:58.200 17003 17029 E Weex    : WeexRender layout start 0
12-31 18:45:58.200 17003 17029 E Weex    : WeexRender layout end used 0.006104
12-31 18:45:58.217 17003 17003 E Weex    : Weex window Invalidate
12-31 18:45:58.217 17003 17610 E Weex    : Weex Window::requestNextFrame 0xd77f8890
12-31 18:45:58.217 17003 17610 E Weex    : Weex Window::requestNextFrame page not null
12-31 18:45:58.217 17003 17610 E Weex    : Weex mRequestFrame 0
12-31 18:45:58.217 17003 17029 E Weex    : Weex onFrame 0 1
12-31 18:45:58.217 17003 17029 E Weex    : Weex tickerList 0 
12-31 18:45:58.217 17003 17029 E Weex    : WeexRender layout start 0
12-31 18:45:58.217 17003 17029 E Weex    : WeexRender layout end used 0.005371
12-31 18:45:58.233 17003 17003 E Weex    : Weex window Invalidate
12-31 18:45:58.234 17003 17610 E Weex    : Weex Window::requestNextFrame 0xd77f8890
12-31 18:45:58.234 17003 17610 E Weex    : Weex Window::requestNextFrame page not null
12-31 18:45:58.234 17003 17610 E Weex    : Weex mRequestFrame 0
12-31 18:45:58.234 17003 17029 E Weex    : Weex onFrame 0 1
12-31 18:45:58.234 17003 17029 E Weex    : Weex tickerList 0 
12-31 18:45:58.234 17003 17029 E Weex    : WeexRender layout start 0
12-31 18:45:58.234 17003 17029 E Weex    : WeexRender layout end used 0.005371
