12-31 18:45:58.250 17003 17003 E Weex    : Weex window Invalidate
12-31 18:45:58.251 17003 17610 E Weex    : Weex Window::requestNextFrame 0xd77f8890
12-31 18:45:58.251 17003 17610 E Weex    : Weex Window::requestNextFrame page not null
12-31 18:45:58.251 17003 17610 E Weex    : Weex mRequestFrame 0
12-31 18:45:58.251 17003 17029 E Weex    : Weex onFrame 0 1
12-31 18:45:58.251 17003 17029 E Weex    : Weex tickerList 0 
12-31 18:45:58.251 17003 17029 E Weex    : WeexRender layout start 0
12-31 18:45:58.251 17003 17029 E Weex    : WeexRender layout end used 0.005127
12-31 18:45:58.267 17003 17003 E Weex    : Weex window Invalidate
12-31 18:45:58.267 17003 17610 E Weex    : Weex Window::requestNextFrame 0xd77f8890
12-31 18:45:58.267 17003 17610 E Weex    : Weex Window::requestNextFrame page not null
12-31 18:45:58.267 17003 17610 E Weex    : Weex mRequestFrame 0
12-31 18:45:58.267 17003 17029 E Weex    : Weex onFrame 0 1
12-31 18:45:58.267 17003 17029 E Weex    : Weex tickerList 0 
12-31 18:45:58.267 17003 17029 E Weex    : WeexRender layout start 0
12-31 18:45:58.267 17003 17029 E Weex    : WeexRender layout end used 0.005371
12-31 18:45:58.284 17003 17003 E Weex    : Weex window Invalidate
12-31 18:45:58.284 17003 17610 E Weex    : Weex Window::requestNextFrame 0xd77f8890
12-31 18:45:58.284 17003 17610 E Weex    : Weex Window::requestNextFrame page not null
12-31 18:45:58.284 17003 17610 E Weex    : Weex mRequestFrame 0
12-31 18:45:58.285 17003 17029 E Weex    : Weex onFrame 0 1
12-31 18:45:58.285 17003 17029 E Weex    : Weex tickerList 0 
12-31 18:45:58.285 17003 17029 E Weex    : WeexRender layout start 0
12-31 18:45:58.285 17003 17029 E Weex    : WeexRender layout end used 0.005859
12-31 18:45:58.303 17003 17003 E Weex    : Weex window Invalidate
12-31 18:45:58.303 17003 17610 E Weex    : Weex Window::requestNextFrame 0xd77f8890
12-31 18:45:58.303 17003 17610 E Weex    : Weex Window::requestNextFrame page not null
12-31 18:45:58.303 17003 17610 E Weex    : Weex mRequestFrame 0
12-31 18:45:58.304 17003 17029 E Weex    : Weex onFrame 0 1
12-31 18:45:58.304 17003 17029 E Weex    : Weex tickerList 0 
12-31 18:45:58.304 17003 17029 E Weex    : WeexRender layout start 0
12-31 18:45:58.304 17003 17029 E Weex    : WeexRender layout end used 0.006104
12-31 18:45:58.318 17003 17003 E Weex    : Weex window Invalidate
12-31 18:45:58.318 17003 17610 E Weex    : Weex Window::requestNextFrame 0xd77f8890
12-31 18:45:58.318 17003 17610 E Weex    : Weex Window::requestNextFrame page not null
12-31 18:45:58.318 17003 17610 E Weex    : Weex mRequestFrame 0
12-31 18:45:58.319 17003 17029 E Weex    : Weex onFrame 0 1
12-31 18:45:58.319 17003 17029 E Weex    : Weex tickerList 0 
12-31 18:45:58.319 17003 17029 E Weex    : WeexRender layout start 0
12-31 18:45:58.319 17003 17029 E Weex    : WeexRender layout end used 0.005615
12-31 18:45:58.335 17003 17003 E Weex    : Weex window Invalidate
12-31 18:45:58.335 17003 17610 E Weex    : Weex Window::requestNextFrame 0xd77f8890
12-31 18:45:58.335 17003 17610 E Weex    : Weex Window::requestNextFrame page not null
12-31 18:45:58.335 17003 17610 E Weex    : Weex mRequestFrame 0
12-31 18:45:58.335 17003 17029 E Weex    : Weex onFrame 0 1
12-31 18:45:58.335 17003 17029 E Weex    : Weex tickerList 0 
12-31 18:45:58.335 17003 17029 E Weex    : WeexRender layout start 0
12-31 18:45:58.335 17003 17029 E Weex    : WeexRender layout end used 0.012451
12-31 18:45:58.351 17003 17003 E Weex    : Weex window Invalidate
12-31 18:45:58.352 17003 17610 E Weex    : Weex Window::requestNextFrame 0xd77f8890
12-31 18:45:58.352 17003 17610 E Weex    : Weex Window::requestNextFrame page not null
12-31 18:45:58.352 17003 17610 E Weex    : Weex mRequestFrame 0
12-31 18:45:58.352 17003 17029 E Weex    : Weex onFrame 0 1
12-31 18:45:58.352 17003 17029 E Weex    : Weex tickerList 0 
12-31 18:45:58.352 17003 17029 E Weex    : WeexRender layout start 0
12-31 18:45:58.352 17003 17029 E Weex    : WeexRender layout end used 0.013672
12-31 18:45:58.369 17003 17003 E Weex    : Weex window Invalidate
12-31 18:45:58.369 17003 17610 E Weex    : Weex Window::requestNextFrame 0xd77f8890
12-31 18:45:58.369 17003 17610 E Weex    : Weex Window::requestNextFrame page not null
12-31 18:45:58.369 17003 17610 E Weex    : Weex mRequestFrame 0
12-31 18:45:58.369 17003 17029 E Weex    : Weex onFrame 0 1
12-31 18:45:58.369 17003 17029 E Weex    : Weex tickerList 0 
12-31 18:45:58.369 17003 17029 E Weex    : WeexRender layout start 0
12-31 18:45:58.369 17003 17029 E Weex    : WeexRender layout end used 0.012451
12-31 18:45:58.385 17003 17003 E Weex    : Weex window Invalidate
12-31 18:45:58.386 17003 17610 E Weex    : Weex Window::requestNextFrame 0xd77f8890
12-31 18:45:58.386 17003 17610 E Weex    : Weex Window::requestNextFrame page not null
12-31 18:45:58.386 17003 17610 E Weex    : Weex mRequestFrame 0
12-31 18:45:58.386 17003 17029 E Weex    : Weex onFrame 0 1
12-31 18:45:58.386 17003 17029 E Weex    : Weex tickerList 0 
12-31 18:45:58.386 17003 17029 E Weex    : WeexRender layout start 0
12-31 18:45:58.386 17003 17029 E Weex    : WeexRender layout end used 0.012939
12-31 18:45:58.402 17003 17003 E Weex    : Weex window Invalidate
12-31 18:45:58.403 17003 17610 E Weex    : Weex Window::requestNextFrame 0xd77f8890
12-31 18:45:58.403 17003 17610 E Weex    : Weex Window::requestNextFrame page not null
12-31 18:45:58.403 17003 17610 E Weex    : Weex mRequestFrame 0
12-31 18:45:58.403 17003 17029 E Weex    : Weex onFrame 0 1
12-31 18:45:58.403 17003 17029 E Weex    : Weex tickerList 0 
12-31 18:45:58.403 17003 17029 E Weex    : WeexRender layout start 0
12-31 18:45:58.403 17003 17029 E Weex    : WeexRender layout end used 0.012451
12-31 18:45:58.419 17003 17003 E Weex    : Weex window Invalidate
12-31 18:45:58.419 17003 17610 E Weex    : Weex Window::requestNextFrame 0xd77f8890
12-31 18:45:58.419 17003 17610 E Weex    : Weex Window::requestNextFrame page not null
12-31 18:45:58.419 17003 17610 E Weex    : Weex mRequestFrame 0
12-31 18:45:58.419 17003 17029 E Weex    : Weex onFrame 0 1
12-31 18:45:58.419 17003 17029 E Weex    : Weex tickerList 0 
12-31 18:45:58.419 17003 17029 E Weex    : WeexRender layout start 0
12-31 18:45:58.419 17003 17029 E Weex    : WeexRender layout end used 0.011963
12-31 18:45:58.436 17003 17003 E Weex    : Weex window Invalidate
12-31 18:45:58.436 17003 17610 E Weex    : Weex Window::requestNextFrame 0xd77f8890
12-31 18:45:58.436 17003 17610 E Weex    : Weex Window::requestNextFrame page not null
12-31 18:45:58.436 17003 17610 E Weex    : Weex mRequestFrame 0
12-31 18:45:58.436 17003 17029 E Weex    : Weex onFrame 0 1
12-31 18:45:58.436 17003 17029 E Weex    : Weex tickerList 0 
12-31 18:45:58.436 17003 17029 E Weex    : WeexRender layout start 0
12-31 18:45:58.436 17003 17029 E Weex    : WeexRender layout end used 0.012451
12-31 18:45:58.453 17003 17003 E Weex    : Weex window Invalidate
12-31 18:45:58.453 17003 17610 E Weex    : Weex Window::requestNextFrame 0xd77f8890
12-31 18:45:58.453 17003 17610 E Weex    : Weex Window::requestNextFrame page not null
12-31 18:45:58.453 17003 17610 E Weex    : Weex mRequestFrame 0
12-31 18:45:58.454 17003 17029 E Weex    : Weex onFrame 0 1
12-31 18:45:58.454 17003 17029 E Weex    : Weex tickerList 0 
12-31 18:45:58.454 17003 17029 E Weex    : WeexRender layout start 0
12-31 18:45:58.454 17003 17029 E Weex    : WeexRender layout end used 0.013184
12-31 18:45:58.470 17003 17003 E Weex    : Weex window Invalidate
12-31 18:45:58.470 17003 17610 E Weex    : Weex Window::requestNextFrame 0xd77f8890
12-31 18:45:58.470 17003 17610 E Weex    : Weex Window::requestNextFrame page not null
12-31 18:45:58.470 17003 17610 E Weex    : Weex mRequestFrame 0
12-31 18:45:58.470 17003 17029 E Weex    : Weex onFrame 0 1
12-31 18:45:58.470 17003 17029 E Weex    : Weex tickerList 0 
12-31 18:45:58.470 17003 17029 E Weex    : WeexRender layout start 0
12-31 18:45:58.470 17003 17029 E Weex    : WeexRender layout end used 0.012451
12-31 18:45:58.487 17003 17003 E Weex    : Weex window Invalidate
12-31 18:45:58.487 17003 17610 E Weex    : Weex Window::requestNextFrame 0xd77f8890
12-31 18:45:58.487 17003 17610 E Weex    : Weex Window::requestNextFrame page not null
12-31 18:45:58.487 17003 17610 E Weex    : Weex mRequestFrame 0
12-31 18:45:58.487 17003 17029 E Weex    : Weex onFrame 0 1
12-31 18:45:58.487 17003 17029 E Weex    : Weex tickerList 0 
12-31 18:45:58.487 17003 17029 E Weex    : WeexRender layout start 0
12-31 18:45:58.487 17003 17029 E Weex    : WeexRender layout end used 0.013916
12-31 18:45:58.504 17003 17003 E Weex    : Weex window Invalidate
12-31 18:45:58.504 17003 17610 E Weex    : Weex Window::requestNextFrame 0xd77f8890
12-31 18:45:58.504 17003 17610 E Weex    : Weex Window::requestNextFrame page not null
12-31 18:45:58.504 17003 17610 E Weex    : Weex mRequestFrame 0
12-31 18:45:58.504 17003 17029 E Weex    : Weex onFrame 0 1
12-31 18:45:58.504 17003 17029 E Weex    : Weex tickerList 0 
12-31 18:45:58.504 17003 17029 E Weex    : WeexRender layout start 0
12-31 18:45:58.504 17003 17029 E Weex    : WeexRender layout end used 0.013428
12-31 18:45:58.521 17003 17003 E Weex    : Weex window Invalidate
12-31 18:45:58.521 17003 17610 E Weex    : Weex Window::requestNextFrame 0xd77f8890
12-31 18:45:58.521 17003 17610 E Weex    : Weex Window::requestNextFrame page not null
12-31 18:45:58.521 17003 17610 E Weex    : Weex mRequestFrame 0
12-31 18:45:58.522 17003 17029 E Weex    : Weex onFrame 0 1
12-31 18:45:58.522 17003 17029 E Weex    : Weex tickerList 0 
12-31 18:45:58.522 17003 17029 E Weex    : WeexRender layout start 0
12-31 18:45:58.522 17003 17029 E Weex    : WeexRender layout end used 0.013672
12-31 18:45:58.537 17003 17003 E Weex    : Weex window Invalidate
12-31 18:45:58.538 17003 17610 E Weex    : Weex Window::requestNextFrame 0xd77f8890
12-31 18:45:58.538 17003 17610 E Weex    : Weex Window::requestNextFrame page not null
12-31 18:45:58.538 17003 17610 E Weex    : Weex mRequestFrame 0
12-31 18:45:58.538 17003 17029 E Weex    : Weex onFrame 0 1
12-31 18:45:58.538 17003 17029 E Weex    : Weex tickerList 0 
12-31 18:45:58.538 17003 17029 E Weex    : WeexRender layout start 0
12-31 18:45:58.538 17003 17029 E Weex    : WeexRender layout end used 0.051025
12-31 18:45:58.555 17003 17003 E Weex    : Weex window Invalidate
12-31 18:45:58.555 17003 17610 E Weex    : Weex Window::requestNextFrame 0xd77f8890
12-31 18:45:58.555 17003 17610 E Weex    : Weex Window::requestNextFrame page not null
12-31 18:45:58.555 17003 17610 E Weex    : Weex mRequestFrame 0
12-31 18:45:58.555 17003 17029 E Weex    : Weex onFrame 0 1
12-31 18:45:58.556 17003 17029 E Weex    : Weex tickerList 0 
12-31 18:45:58.556 17003 17029 E Weex    : WeexRender layout start 0
12-31 18:45:58.556 17003 17029 E Weex    : WeexRender layout end used 0.016602
12-31 18:45:58.571 17003 17003 E Weex    : Weex window Invalidate
12-31 18:45:58.572 17003 17610 E Weex    : Weex Window::requestNextFrame 0xd77f8890
12-31 18:45:58.572 17003 17610 E Weex    : Weex Window::requestNextFrame page not null
12-31 18:45:58.572 17003 17610 E Weex    : Weex mRequestFrame 0
12-31 18:45:58.572 17003 17029 E Weex    : Weex onFrame 0 1
12-31 18:45:58.572 17003 17029 E Weex    : Weex tickerList 0 
12-31 18:45:58.572 17003 17029 E Weex    : WeexRender layout start 0
12-31 18:45:58.572 17003 17029 E Weex    : WeexRender layout end used 0.023926
12-31 18:45:58.588 17003 17003 E Weex    : Weex window Invalidate
12-31 18:45:58.589 17003 17610 E Weex    : Weex Window::requestNextFrame 0xd77f8890
12-31 18:45:58.589 17003 17610 E Weex    : Weex Window::requestNextFrame page not null
12-31 18:45:58.589 17003 17610 E Weex    : Weex mRequestFrame 0
12-31 18:45:58.589 17003 17029 E Weex    : Weex onFrame 0 1
12-31 18:45:58.589 17003 17029 E Weex    : Weex tickerList 0 
12-31 18:45:58.589 17003 17029 E Weex    : WeexRender layout start 0
12-31 18:45:58.589 17003 17029 E Weex    : WeexRender layout end used 0.022949
12-31 18:45:58.606 17003 17003 E Weex    : Weex window Invalidate
12-31 18:45:58.606 17003 17610 E Weex    : Weex Window::requestNextFrame 0xd77f8890
12-31 18:45:58.606 17003 17610 E Weex    : Weex Window::requestNextFrame page not null
12-31 18:45:58.606 17003 17610 E Weex    : Weex mRequestFrame 0
12-31 18:45:58.606 17003 17029 E Weex    : Weex onFrame 0 1
12-31 18:45:58.606 17003 17029 E Weex    : Weex tickerList 0 
12-31 18:45:58.606 17003 17029 E Weex    : WeexRender layout start 0
12-31 18:45:58.607 17003 17029 E Weex    : WeexRender layout end used 0.027588
12-31 18:45:58.622 17003 17003 E Weex    : Weex window Invalidate
12-31 18:45:58.623 17003 17610 E Weex    : Weex Window::requestNextFrame 0xd77f8890
12-31 18:45:58.623 17003 17610 E Weex    : Weex Window::requestNextFrame page not null
12-31 18:45:58.623 17003 17610 E Weex    : Weex mRequestFrame 0
12-31 18:45:58.623 17003 17029 E Weex    : Weex onFrame 0 1
12-31 18:45:58.623 17003 17029 E Weex    : Weex tickerList 0 
12-31 18:45:58.623 17003 17029 E Weex    : WeexRender layout start 0
12-31 18:45:58.623 17003 17029 E Weex    : WeexRender layout end used 0.114990
12-31 18:45:58.639 17003 17003 E Weex    : Weex window Invalidate
12-31 18:45:58.640 17003 17610 E Weex    : Weex Window::requestNextFrame 0xd77f8890
12-31 18:45:58.640 17003 17610 E Weex    : Weex Window::requestNextFrame page not null
12-31 18:45:58.640 17003 17610 E Weex    : Weex mRequestFrame 0
12-31 18:45:58.640 17003 17029 E Weex    : Weex onFrame 0 1
12-31 18:45:58.640 17003 17029 E Weex    : Weex tickerList 0 
12-31 18:45:58.640 17003 17029 E Weex    : WeexRender layout start 0
12-31 18:45:58.640 17003 17029 E Weex    : WeexRender layout end used 0.022949
12-31 18:45:58.656 17003 17003 E Weex    : Weex window Invalidate
12-31 18:45:58.657 17003 17610 E Weex    : Weex Window::requestNextFrame 0xd77f8890
12-31 18:45:58.657 17003 17610 E Weex    : Weex Window::requestNextFrame page not null
12-31 18:45:58.657 17003 17610 E Weex    : Weex mRequestFrame 0
12-31 18:45:58.657 17003 17029 E Weex    : Weex onFrame 0 1
12-31 18:45:58.657 17003 17029 E Weex    : Weex tickerList 0 
12-31 18:45:58.657 17003 17029 E Weex    : WeexRender layout start 0
12-31 18:45:58.657 17003 17029 E Weex    : WeexRender layout end used 0.017334
12-31 18:45:59.047 17003 17029 E Weex    : Page Remove 245588185
12-31 18:45:59.440 17003 17003 E Weex    : Weex window Invalidate
12-31 18:45:59.454 17003 17612 E Weex    : Window::attachPage 0x0  66832621 
12-31 18:45:59.454 17003 17612 E Weex    : Weex Window::requestNextFrame 0x0
12-31 18:45:59.454 17003 17612 E Weex    : Weex Window::requestNextFrame page  null
12-31 18:45:59.454 17003 17029 E Weex    : WeexRender mark Diry
12-31 18:45:59.454 17003 17029 E Weex    : Weex mRequestFrame 0
12-31 18:45:59.454 17003 17029 E Weex    : Window::attachPage Done
12-31 18:45:59.454 17003 17029 E Weex    : Page Create 66832621
12-31 18:45:59.454 17003 17029 E Weex    : Weex onFrame 1 0
12-31 18:45:59.455 17003 17003 E Weex    : Weex window Invalidate
12-31 18:45:59.455 17003 17612 E Weex    : Weex Window::requestNextFrame 0xd77f8890
12-31 18:45:59.455 17003 17612 E Weex    : Weex Window::requestNextFrame page not null
12-31 18:45:59.455 17003 17612 E Weex    : Weex mRequestFrame 0
12-31 18:45:59.456 17003 17029 E Weex    : Weex onFrame 1 0
12-31 18:45:59.466 17003 17003 E Weex    : Weex window Invalidate
12-31 18:45:59.466 17003 17612 E Weex    : Weex Window::requestNextFrame 0xd77f8890
12-31 18:45:59.466 17003 17612 E Weex    : Weex Window::requestNextFrame page not null
12-31 18:45:59.466 17003 17612 E Weex    : Weex mRequestFrame 0
12-31 18:45:59.466 17003 17029 E Weex    : Weex onFrame 1 0
12-31 18:45:59.483 17003 17003 E Weex    : Weex window Invalidate
12-31 18:45:59.483 17003 17612 E Weex    : Weex Window::requestNextFrame 0xd77f8890
12-31 18:45:59.483 17003 17612 E Weex    : Weex Window::requestNextFrame page not null
12-31 18:45:59.483 17003 17612 E Weex    : Weex mRequestFrame 0
12-31 18:45:59.483 17003 17029 E Weex    : Weex onFrame 1 0
12-31 18:45:59.500 17003 17003 E Weex    : Weex window Invalidate
12-31 18:45:59.500 17003 17612 E Weex    : Weex Window::requestNextFrame 0xd77f8890
12-31 18:45:59.500 17003 17612 E Weex    : Weex Window::requestNextFrame page not null
12-31 18:45:59.500 17003 17612 E Weex    : Weex mRequestFrame 0
12-31 18:45:59.500 17003 17029 E Weex    : Weex onFrame 1 0
12-31 18:45:59.517 17003 17003 E Weex    : Weex window Invalidate
12-31 18:45:59.517 17003 17612 E Weex    : Weex Window::requestNextFrame 0xd77f8890
12-31 18:45:59.517 17003 17612 E Weex    : Weex Window::requestNextFrame page not null
12-31 18:45:59.517 17003 17612 E Weex    : Weex mRequestFrame 0
12-31 18:45:59.517 17003 17029 E Weex    : Weex onFrame 1 0
12-31 18:45:59.534 17003 17003 E Weex    : Weex window Invalidate
12-31 18:45:59.534 17003 17612 E Weex    : Weex Window::requestNextFrame 0xd77f8890
12-31 18:45:59.534 17003 17612 E Weex    : Weex Window::requestNextFrame page not null
12-31 18:45:59.534 17003 17612 E Weex    : Weex mRequestFrame 0
12-31 18:45:59.534 17003 17029 E Weex    : Weex onFrame 1 0
12-31 18:45:59.541 17003 17029 E Weex    : Page Create 66832621
12-31 18:45:59.550 17003 17003 E Weex    : Weex window Invalidate
12-31 18:45:59.550 17003 17612 E Weex    : Weex Window::requestNextFrame 0xd77f8890
12-31 18:45:59.550 17003 17612 E Weex    : Weex Window::requestNextFrame page not null
12-31 18:45:59.550 17003 17612 E Weex    : Weex mRequestFrame 0
12-31 18:45:59.551 17003 17029 E Weex    : Weex onFrame 1 1
12-31 18:45:59.551 17003 17029 E Weex    : Weex tickerList 0 
12-31 18:45:59.551 17003 17029 E Weex    : WeexRender layout start 1
12-31 18:45:59.554 17003 17029 E Weex    : WeexRender layout end used 3.237793
12-31 18:45:59.556 17003 17029 E Weex    : Window::setWindowPaintRecords
12-31 18:45:59.569 17003 17003 E Weex    : Weex window Invalidate
12-31 18:45:59.581 17003 17612 E Weex    : Weex Window::requestNextFrame 0xd77f8890
12-31 18:45:59.581 17003 17612 E Weex    : Weex Window::requestNextFrame page not null
12-31 18:45:59.581 17003 17612 E Weex    : Weex mRequestFrame 0
12-31 18:45:59.584 17003 17003 E Weex    : Weex window Invalidate
12-31 18:45:59.584 17003 17612 E Weex    : Weex Window::requestNextFrame 0xd77f8890
12-31 18:45:59.584 17003 17612 E Weex    : Weex Window::requestNextFrame page not null
12-31 18:45:59.584 17003 17612 E Weex    : Weex mRequestFrame 1
12-31 18:45:59.596 17003 17029 E Weex    : Weex onFrame 0 1
12-31 18:45:59.596 17003 17029 E Weex    : Weex tickerList 0 
12-31 18:45:59.596 17003 17029 E Weex    : WeexRender layout start 1
12-31 18:45:59.601 17003 17003 E Weex    : Weex window Invalidate
12-31 18:45:59.601 17003 17612 E Weex    : Weex Window::requestNextFrame 0xd77f8890
12-31 18:45:59.601 17003 17612 E Weex    : Weex Window::requestNextFrame page not null
12-31 18:45:59.601 17003 17612 E Weex    : Weex mRequestFrame 0
12-31 18:45:59.608 17003 17029 E Weex    : WeexRender layout end used 12.374023
12-31 18:45:59.615 17003 17029 E Weex    : Window::setWindowPaintRecords
12-31 18:45:59.618 17003 17003 E Weex    : Weex window Invalidate
12-31 18:45:59.635 17003 17612 E Weex    : Weex Window::requestNextFrame 0xd77f8890
12-31 18:45:59.635 17003 17612 E Weex    : Weex Window::requestNextFrame page not null
12-31 18:45:59.635 17003 17612 E Weex    : Weex mRequestFrame 1
12-31 18:45:59.647 17003 17029 E Weex    : Weex onFrame 0 1
12-31 18:45:59.647 17003 17029 E Weex    : Weex tickerList 0 
12-31 18:45:59.647 17003 17029 E Weex    : WeexRender layout start 1
12-31 18:45:59.652 17003 17003 E Weex    : Weex window Invalidate
12-31 18:45:59.652 17003 17612 E Weex    : Weex Window::requestNextFrame 0xd77f8890
12-31 18:45:59.652 17003 17612 E Weex    : Weex Window::requestNextFrame page not null
12-31 18:45:59.652 17003 17612 E Weex    : Weex mRequestFrame 0
12-31 18:45:59.655 17003 17029 E Weex    : WeexRender layout end used 8.323242
12-31 18:45:59.664 17003 17029 E Weex    : Window::setWindowPaintRecords
12-31 18:45:59.668 17003 17003 E Weex    : Weex window Invalidate
12-31 18:45:59.689 17003 17612 E Weex    : Weex Window::requestNextFrame 0xd77f8890
12-31 18:45:59.689 17003 17612 E Weex    : Weex Window::requestNextFrame page not null
12-31 18:45:59.689 17003 17612 E Weex    : Weex mRequestFrame 1
12-31 18:45:59.702 17003 17003 E Weex    : Weex window Invalidate
12-31 18:45:59.702 17003 17612 E Weex    : Weex Window::requestNextFrame 0xd77f8890
12-31 18:45:59.703 17003 17612 E Weex    : Weex Window::requestNextFrame page not null
12-31 18:45:59.703 17003 17612 E Weex    : Weex mRequestFrame 1
12-31 18:45:59.719 17003 17003 E Weex    : Weex window Invalidate
12-31 18:45:59.719 17003 17612 E Weex    : Weex Window::requestNextFrame 0xd77f8890
12-31 18:45:59.719 17003 17612 E Weex    : Weex Window::requestNextFrame page not null
12-31 18:45:59.719 17003 17612 E Weex    : Weex mRequestFrame 1
12-31 18:45:59.734 17003 17029 E Weex    : Weex onFrame 0 1
12-31 18:45:59.734 17003 17029 E Weex    : Weex tickerList 0 
12-31 18:45:59.734 17003 17029 E Weex    : WeexRender layout start 1
12-31 18:45:59.736 17003 17003 E Weex    : Weex window Invalidate
12-31 18:45:59.736 17003 17612 E Weex    : Weex Window::requestNextFrame 0xd77f8890
12-31 18:45:59.736 17003 17612 E Weex    : Weex Window::requestNextFrame page not null
12-31 18:45:59.736 17003 17612 E Weex    : Weex mRequestFrame 0
12-31 18:45:59.753 17003 17003 E Weex    : Weex window Invalidate
12-31 18:45:59.753 17003 17612 E Weex    : Weex Window::requestNextFrame 0xd77f8890
12-31 18:45:59.753 17003 17612 E Weex    : Weex Window::requestNextFrame page not null
12-31 18:45:59.753 17003 17612 E Weex    : Weex mRequestFrame 1
12-31 18:45:59.754 17003 17029 E Weex    : WeexRender layout end used 20.184814
12-31 18:45:59.770 17003 17003 E Weex    : Weex window Invalidate
12-31 18:45:59.770 17003 17612 E Weex    : Weex Window::requestNextFrame 0xd77f8890
12-31 18:45:59.770 17003 17612 E Weex    : Weex Window::requestNextFrame page not null
12-31 18:45:59.770 17003 17612 E Weex    : Weex mRequestFrame 1
12-31 18:45:59.772 17003 17029 E Weex    : Window::setWindowPaintRecords
12-31 18:45:59.787 17003 17003 E Weex    : Weex window Invalidate
12-31 18:45:59.838 17003 17612 E Weex    : Weex Window::requestNextFrame 0xd77f8890
12-31 18:45:59.838 17003 17612 E Weex    : Weex Window::requestNextFrame page not null
12-31 18:45:59.838 17003 17612 E Weex    : Weex mRequestFrame 1
12-31 18:45:59.854 17003 17003 E Weex    : Weex window Invalidate
12-31 18:45:59.854 17003 17612 E Weex    : Weex Window::requestNextFrame 0xd77f8890
12-31 18:45:59.854 17003 17612 E Weex    : Weex Window::requestNextFrame page not null
12-31 18:45:59.854 17003 17612 E Weex    : Weex mRequestFrame 1
12-31 18:45:59.871 17003 17003 E Weex    : Weex window Invalidate
12-31 18:45:59.871 17003 17612 E Weex    : Weex Window::requestNextFrame 0xd77f8890
12-31 18:45:59.871 17003 17612 E Weex    : Weex Window::requestNextFrame page not null
12-31 18:45:59.871 17003 17612 E Weex    : Weex mRequestFrame 1
12-31 18:45:59.888 17003 17003 E Weex    : Weex window Invalidate
12-31 18:45:59.888 17003 17612 E Weex    : Weex Window::requestNextFrame 0xd77f8890
12-31 18:45:59.888 17003 17612 E Weex    : Weex Window::requestNextFrame page not null
12-31 18:45:59.888 17003 17612 E Weex    : Weex mRequestFrame 1
12-31 18:45:59.898 17003 17029 E Weex    : Weex onFrame 0 1
12-31 18:45:59.898 17003 17029 E Weex    : Weex tickerList 0 
12-31 18:45:59.898 17003 17029 E Weex    : WeexRender layout start 1
12-31 18:45:59.905 17003 17003 E Weex    : Weex window Invalidate
12-31 18:45:59.905 17003 17612 E Weex    : Weex Window::requestNextFrame 0xd77f8890
12-31 18:45:59.905 17003 17612 E Weex    : Weex Window::requestNextFrame page not null
12-31 18:45:59.905 17003 17612 E Weex    : Weex mRequestFrame 0
12-31 18:45:59.922 17003 17003 E Weex    : Weex window Invalidate
12-31 18:45:59.922 17003 17612 E Weex    : Weex Window::requestNextFrame 0xd77f8890
12-31 18:45:59.922 17003 17612 E Weex    : Weex Window::requestNextFrame page not null
12-31 18:45:59.922 17003 17612 E Weex    : Weex mRequestFrame 1
12-31 18:45:59.932 17003 17029 E Weex    : WeexRender layout end used 34.122803
12-31 18:45:59.938 17003 17003 E Weex    : Weex window Invalidate
12-31 18:45:59.939 17003 17612 E Weex    : Weex Window::requestNextFrame 0xd77f8890
12-31 18:45:59.939 17003 17612 E Weex    : Weex Window::requestNextFrame page not null
12-31 18:45:59.939 17003 17612 E Weex    : Weex mRequestFrame 1
12-31 18:45:59.955 17003 17003 E Weex    : Weex window Invalidate
12-31 18:45:59.955 17003 17612 E Weex    : Weex Window::requestNextFrame 0xd77f8890
12-31 18:45:59.955 17003 17612 E Weex    : Weex Window::requestNextFrame page not null
12-31 18:45:59.955 17003 17612 E Weex    : Weex mRequestFrame 1
12-31 18:45:59.963 17003 17029 E Weex    : Window::setWindowPaintRecords
12-31 18:45:59.972 17003 17003 E Weex    : Weex window Invalidate
12-31 18:46:00.075 17003 17612 E Weex    : Weex Window::requestNextFrame 0xd77f8890
12-31 18:46:00.075 17003 17612 E Weex    : Weex Window::requestNextFrame page not null
12-31 18:46:00.075 17003 17612 E Weex    : Weex mRequestFrame 1
12-31 18:46:00.090 17003 17003 E Weex    : Weex window Invalidate
12-31 18:46:00.091 17003 17612 E Weex    : Weex Window::requestNextFrame 0xd77f8890
12-31 18:46:00.091 17003 17612 E Weex    : Weex Window::requestNextFrame page not null
12-31 18:46:00.091 17003 17612 E Weex    : Weex mRequestFrame 1
12-31 18:46:00.096 17003 17029 E Weex    : Weex onFrame 0 1
12-31 18:46:00.096 17003 17029 E Weex    : Weex tickerList 0 
12-31 18:46:00.096 17003 17029 E Weex    : WeexRender layout start 1
12-31 18:46:00.107 17003 17003 E Weex    : Weex window Invalidate
12-31 18:46:00.108 17003 17612 E Weex    : Weex Window::requestNextFrame 0xd77f8890
12-31 18:46:00.108 17003 17612 E Weex    : Weex Window::requestNextFrame page not null
12-31 18:46:00.108 17003 17612 E Weex    : Weex mRequestFrame 0
12-31 18:46:00.124 17003 17003 E Weex    : Weex window Invalidate
12-31 18:46:00.125 17003 17612 E Weex    : Weex Window::requestNextFrame 0xd77f8890
12-31 18:46:00.125 17003 17612 E Weex    : Weex Window::requestNextFrame page not null
12-31 18:46:00.125 17003 17612 E Weex    : Weex mRequestFrame 1
12-31 18:46:00.140 17003 17029 E Weex    : WeexRender layout end used 43.657715
12-31 18:46:00.141 17003 17003 E Weex    : Weex window Invalidate
12-31 18:46:00.141 17003 17612 E Weex    : Weex Window::requestNextFrame 0xd77f8890
12-31 18:46:00.141 17003 17612 E Weex    : Weex Window::requestNextFrame page not null
12-31 18:46:00.141 17003 17612 E Weex    : Weex mRequestFrame 1
12-31 18:46:00.158 17003 17003 E Weex    : Weex window Invalidate
12-31 18:46:00.158 17003 17612 E Weex    : Weex Window::requestNextFrame 0xd77f8890
12-31 18:46:00.158 17003 17612 E Weex    : Weex Window::requestNextFrame page not null
12-31 18:46:00.158 17003 17612 E Weex    : Weex mRequestFrame 1
12-31 18:46:00.175 17003 17003 E Weex    : Weex window Invalidate
12-31 18:46:00.175 17003 17612 E Weex    : Weex Window::requestNextFrame 0xd77f8890
12-31 18:46:00.175 17003 17612 E Weex    : Weex Window::requestNextFrame page not null
12-31 18:46:00.175 17003 17612 E Weex    : Weex mRequestFrame 1
12-31 18:46:00.180 17003 17029 E Weex    : Window::setWindowPaintRecords
12-31 18:46:00.182 17003 17029 E Weex    : Weex onFrame 0 1
12-31 18:46:00.182 17003 17029 E Weex    : Weex tickerList 0 
12-31 18:46:00.182 17003 17029 E Weex    : WeexRender layout start 0
12-31 18:46:00.182 17003 17029 E Weex    : WeexRender layout end used 0.005615
12-31 18:46:00.192 17003 17003 E Weex    : Weex window Invalidate
12-31 18:46:00.307 17003 17612 E Weex    : Weex Window::requestNextFrame 0xd77f8890
12-31 18:46:00.307 17003 17612 E Weex    : Weex Window::requestNextFrame page not null
12-31 18:46:00.307 17003 17612 E Weex    : Weex mRequestFrame 0
12-31 18:46:00.307 17003 17029 E Weex    : Weex onFrame 0 1
12-31 18:46:00.307 17003 17029 E Weex    : Weex tickerList 0 
12-31 18:46:00.307 17003 17029 E Weex    : WeexRender layout start 0
12-31 18:46:00.307 17003 17029 E Weex    : WeexRender layout end used 0.004639
12-31 18:46:00.310 17003 17003 E Weex    : Weex window Invalidate
12-31 18:46:00.310 17003 17612 E Weex    : Weex Window::requestNextFrame 0xd77f8890
12-31 18:46:00.310 17003 17612 E Weex    : Weex Window::requestNextFrame page not null
12-31 18:46:00.310 17003 17612 E Weex    : Weex mRequestFrame 0
12-31 18:46:00.310 17003 17029 E Weex    : Weex onFrame 0 1
12-31 18:46:00.310 17003 17029 E Weex    : Weex tickerList 0 
12-31 18:46:00.310 17003 17029 E Weex    : WeexRender layout start 0
12-31 18:46:00.310 17003 17029 E Weex    : WeexRender layout end used 0.012451
12-31 18:46:00.327 17003 17003 E Weex    : Weex window Invalidate
12-31 18:46:00.329 17003 17612 E Weex    : Weex Window::requestNextFrame 0xd77f8890
12-31 18:46:00.329 17003 17612 E Weex    : Weex Window::requestNextFrame page not null
12-31 18:46:00.329 17003 17612 E Weex    : Weex mRequestFrame 0
12-31 18:46:00.329 17003 17029 E Weex    : Weex onFrame 0 1
12-31 18:46:00.329 17003 17029 E Weex    : Weex tickerList 0 
12-31 18:46:00.329 17003 17029 E Weex    : WeexRender layout start 0
12-31 18:46:00.329 17003 17029 E Weex    : WeexRender layout end used 0.012451
12-31 18:46:00.344 17003 17003 E Weex    : Weex window Invalidate
12-31 18:46:00.346 17003 17612 E Weex    : Weex Window::requestNextFrame 0xd77f8890
12-31 18:46:00.346 17003 17612 E Weex    : Weex Window::requestNextFrame page not null
12-31 18:46:00.346 17003 17612 E Weex    : Weex mRequestFrame 0
12-31 18:46:00.346 17003 17029 E Weex    : Weex onFrame 0 1
12-31 18:46:00.346 17003 17029 E Weex    : Weex tickerList 0 
12-31 18:46:00.346 17003 17029 E Weex    : WeexRender layout start 0
12-31 18:46:00.346 17003 17029 E Weex    : WeexRender layout end used 0.012451
12-31 18:46:00.361 17003 17003 E Weex    : Weex window Invalidate
12-31 18:46:00.361 17003 17612 E Weex    : Weex Window::requestNextFrame 0xd77f8890
12-31 18:46:00.361 17003 17612 E Weex    : Weex Window::requestNextFrame page not null
12-31 18:46:00.361 17003 17612 E Weex    : Weex mRequestFrame 0
12-31 18:46:00.361 17003 17029 E Weex    : Weex onFrame 0 1
12-31 18:46:00.361 17003 17029 E Weex    : Weex tickerList 0 
12-31 18:46:00.361 17003 17029 E Weex    : WeexRender layout start 0
12-31 18:46:00.361 17003 17029 E Weex    : WeexRender layout end used 0.012939
12-31 18:46:00.378 17003 17003 E Weex    : Weex window Invalidate
12-31 18:46:00.378 17003 17612 E Weex    : Weex Window::requestNextFrame 0xd77f8890
12-31 18:46:00.378 17003 17612 E Weex    : Weex Window::requestNextFrame page not null
12-31 18:46:00.378 17003 17612 E Weex    : Weex mRequestFrame 0
12-31 18:46:00.378 17003 17029 E Weex    : Weex onFrame 0 1
12-31 18:46:00.378 17003 17029 E Weex    : Weex tickerList 0 
12-31 18:46:00.378 17003 17029 E Weex    : WeexRender layout start 0
12-31 18:46:00.378 17003 17029 E Weex    : WeexRender layout end used 0.013672
12-31 18:46:00.395 17003 17003 E Weex    : Weex window Invalidate
12-31 18:46:00.395 17003 17612 E Weex    : Weex Window::requestNextFrame 0xd77f8890
12-31 18:46:00.395 17003 17612 E Weex    : Weex Window::requestNextFrame page not null
12-31 18:46:00.395 17003 17612 E Weex    : Weex mRequestFrame 0
12-31 18:46:00.395 17003 17029 E Weex    : Weex onFrame 0 1
12-31 18:46:00.395 17003 17029 E Weex    : Weex tickerList 0 
12-31 18:46:00.395 17003 17029 E Weex    : WeexRender layout start 0
12-31 18:46:00.395 17003 17029 E Weex    : WeexRender layout end used 0.119385
12-31 18:46:00.412 17003 17003 E Weex    : Weex window Invalidate
12-31 18:46:00.412 17003 17612 E Weex    : Weex Window::requestNextFrame 0xd77f8890
12-31 18:46:00.412 17003 17612 E Weex    : Weex Window::requestNextFrame page not null
12-31 18:46:00.412 17003 17612 E Weex    : Weex mRequestFrame 0
12-31 18:46:00.412 17003 17029 E Weex    : Weex onFrame 0 1
12-31 18:46:00.412 17003 17029 E Weex    : Weex tickerList 0 
12-31 18:46:00.413 17003 17029 E Weex    : WeexRender layout start 0
12-31 18:46:00.413 17003 17029 E Weex    : WeexRender layout end used 0.044922
12-31 18:46:00.429 17003 17003 E Weex    : Weex window Invalidate
12-31 18:46:00.429 17003 17612 E Weex    : Weex Window::requestNextFrame 0xd77f8890
12-31 18:46:00.429 17003 17612 E Weex    : Weex Window::requestNextFrame page not null
12-31 18:46:00.429 17003 17612 E Weex    : Weex mRequestFrame 0
12-31 18:46:00.429 17003 17029 E Weex    : Weex onFrame 0 1
12-31 18:46:00.429 17003 17029 E Weex    : Weex tickerList 0 
12-31 18:46:00.429 17003 17029 E Weex    : WeexRender layout start 0
12-31 18:46:00.429 17003 17029 E Weex    : WeexRender layout end used 0.045410
12-31 18:46:00.445 17003 17003 E Weex    : Weex window Invalidate
12-31 18:46:00.446 17003 17612 E Weex    : Weex Window::requestNextFrame 0xd77f8890
12-31 18:46:00.446 17003 17612 E Weex    : Weex Window::requestNextFrame page not null
12-31 18:46:00.446 17003 17612 E Weex    : Weex mRequestFrame 0
12-31 18:46:00.446 17003 17029 E Weex    : Weex onFrame 0 1
12-31 18:46:00.446 17003 17029 E Weex    : Weex tickerList 0 
12-31 18:46:00.446 17003 17029 E Weex    : WeexRender layout start 0
12-31 18:46:00.446 17003 17029 E Weex    : WeexRender layout end used 0.043701
12-31 18:46:00.462 17003 17003 E Weex    : Weex window Invalidate
12-31 18:46:00.463 17003 17612 E Weex    : Weex Window::requestNextFrame 0xd77f8890
12-31 18:46:00.463 17003 17612 E Weex    : Weex Window::requestNextFrame page not null
12-31 18:46:00.463 17003 17612 E Weex    : Weex mRequestFrame 0
12-31 18:46:00.463 17003 17029 E Weex    : Weex onFrame 0 1
12-31 18:46:00.463 17003 17029 E Weex    : Weex tickerList 0 
12-31 18:46:00.463 17003 17029 E Weex    : WeexRender layout start 0
12-31 18:46:00.463 17003 17029 E Weex    : WeexRender layout end used 0.042725
12-31 18:46:00.479 17003 17003 E Weex    : Weex window Invalidate
12-31 18:46:00.479 17003 17612 E Weex    : Weex Window::requestNextFrame 0xd77f8890
12-31 18:46:00.479 17003 17612 E Weex    : Weex Window::requestNextFrame page not null
12-31 18:46:00.479 17003 17612 E Weex    : Weex mRequestFrame 0
12-31 18:46:00.479 17003 17029 E Weex    : Weex onFrame 0 1
12-31 18:46:00.479 17003 17029 E Weex    : Weex tickerList 0 
12-31 18:46:00.479 17003 17029 E Weex    : WeexRender layout start 0
12-31 18:46:00.479 17003 17029 E Weex    : WeexRender layout end used 0.016602
12-31 18:46:00.496 17003 17003 E Weex    : Weex window Invalidate
12-31 18:46:00.496 17003 17612 E Weex    : Weex Window::requestNextFrame 0xd77f8890
12-31 18:46:00.496 17003 17612 E Weex    : Weex Window::requestNextFrame page not null
12-31 18:46:00.496 17003 17612 E Weex    : Weex mRequestFrame 0
12-31 18:46:00.497 17003 17029 E Weex    : Weex onFrame 0 1
12-31 18:46:00.497 17003 17029 E Weex    : Weex tickerList 0 
12-31 18:46:00.497 17003 17029 E Weex    : WeexRender layout start 0
12-31 18:46:00.497 17003 17029 E Weex    : WeexRender layout end used 0.017822
12-31 18:46:00.513 17003 17003 E Weex    : Weex window Invalidate
12-31 18:46:00.513 17003 17612 E Weex    : Weex Window::requestNextFrame 0xd77f8890
12-31 18:46:00.513 17003 17612 E Weex    : Weex Window::requestNextFrame page not null
12-31 18:46:00.513 17003 17612 E Weex    : Weex mRequestFrame 0
12-31 18:46:00.513 17003 17029 E Weex    : Weex onFrame 0 1
12-31 18:46:00.513 17003 17029 E Weex    : Weex tickerList 0 
12-31 18:46:00.513 17003 17029 E Weex    : WeexRender layout start 0
12-31 18:46:00.513 17003 17029 E Weex    : WeexRender layout end used 0.016113
12-31 18:46:00.530 17003 17003 E Weex    : Weex window Invalidate
12-31 18:46:00.530 17003 17612 E Weex    : Weex Window::requestNextFrame 0xd77f8890
12-31 18:46:00.530 17003 17612 E Weex    : Weex Window::requestNextFrame page not null
12-31 18:46:00.530 17003 17612 E Weex    : Weex mRequestFrame 0
12-31 18:46:00.530 17003 17029 E Weex    : Weex onFrame 0 1
12-31 18:46:00.530 17003 17029 E Weex    : Weex tickerList 0 
12-31 18:46:00.530 17003 17029 E Weex    : WeexRender layout start 0
12-31 18:46:00.530 17003 17029 E Weex    : WeexRender layout end used 0.046875
12-31 18:46:00.547 17003 17003 E Weex    : Weex window Invalidate
12-31 18:46:00.547 17003 17612 E Weex    : Weex Window::requestNextFrame 0xd77f8890
12-31 18:46:00.547 17003 17612 E Weex    : Weex Window::requestNextFrame page not null
12-31 18:46:00.547 17003 17612 E Weex    : Weex mRequestFrame 0
12-31 18:46:00.547 17003 17029 E Weex    : Weex onFrame 0 1
12-31 18:46:00.547 17003 17029 E Weex    : Weex tickerList 0 
12-31 18:46:00.547 17003 17029 E Weex    : WeexRender layout start 0
12-31 18:46:00.547 17003 17029 E Weex    : WeexRender layout end used 0.017334
12-31 18:46:00.564 17003 17003 E Weex    : Weex window Invalidate
12-31 18:46:00.564 17003 17612 E Weex    : Weex Window::requestNextFrame 0xd77f8890
12-31 18:46:00.564 17003 17612 E Weex    : Weex Window::requestNextFrame page not null
12-31 18:46:00.564 17003 17612 E Weex    : Weex mRequestFrame 0
12-31 18:46:00.564 17003 17029 E Weex    : Weex onFrame 0 1
12-31 18:46:00.564 17003 17029 E Weex    : Weex tickerList 0 
12-31 18:46:00.564 17003 17029 E Weex    : WeexRender layout start 0
12-31 18:46:00.565 17003 17029 E Weex    : WeexRender layout end used 0.044678
12-31 18:46:00.581 17003 17003 E Weex    : Weex window Invalidate
12-31 18:46:00.581 17003 17612 E Weex    : Weex Window::requestNextFrame 0xd77f8890
12-31 18:46:00.581 17003 17612 E Weex    : Weex Window::requestNextFrame page not null
12-31 18:46:00.581 17003 17612 E Weex    : Weex mRequestFrame 0
12-31 18:46:00.581 17003 17029 E Weex    : Weex onFrame 0 1
12-31 18:46:00.581 17003 17029 E Weex    : Weex tickerList 0 
12-31 18:46:00.581 17003 17029 E Weex    : WeexRender layout start 0
12-31 18:46:00.581 17003 17029 E Weex    : WeexRender layout end used 0.044434
12-31 18:46:00.598 17003 17003 E Weex    : Weex window Invalidate
12-31 18:46:00.598 17003 17612 E Weex    : Weex Window::requestNextFrame 0xd77f8890
12-31 18:46:00.598 17003 17612 E Weex    : Weex Window::requestNextFrame page not null
12-31 18:46:00.598 17003 17612 E Weex    : Weex mRequestFrame 0
12-31 18:46:00.599 17003 17029 E Weex    : Weex onFrame 0 1
12-31 18:46:00.599 17003 17029 E Weex    : Weex tickerList 0 
12-31 18:46:00.599 17003 17029 E Weex    : WeexRender layout start 0
12-31 18:46:00.599 17003 17029 E Weex    : WeexRender layout end used 0.046387
12-31 18:46:01.216 17003 17029 E Weex    : Page Remove 66832621
12-31 18:46:01.293 17003 17029 E Weex    : Page Create 234531353
12-31 18:46:01.329 17003 17003 E Weex    : Weex window Invalidate
12-31 18:46:01.340 17003 17615 E Weex    : Window::attachPage 0x0  234531353 
12-31 18:46:01.341 17003 17029 E Weex    : WeexRender mark Diry
12-31 18:46:01.341 17003 17029 E Weex    : Weex mRequestFrame 0
12-31 18:46:01.341 17003 17029 E Weex    : Window::attachPage Done
12-31 18:46:01.341 17003 17029 E Weex    : Page Create 234531353
12-31 18:46:01.341 17003 17029 E Weex    : Weex onFrame 1 1
12-31 18:46:01.341 17003 17029 E Weex    : Weex tickerList 0 
12-31 18:46:01.341 17003 17029 E Weex    : WeexRender layout start 1
12-31 18:46:01.341 17003 17029 E Weex    : WeexRender layout end used 0.125000
12-31 18:46:01.341 17003 17029 E Weex    : Window::setWindowPaintRecords
12-31 18:46:01.345 17003 17615 E Weex    : Weex Window::requestNextFrame 0xbddda5d0
12-31 18:46:01.345 17003 17615 E Weex    : Weex Window::requestNextFrame page not null
12-31 18:46:01.345 17003 17615 E Weex    : Weex mRequestFrame 0
12-31 18:46:01.345 17003 17029 E Weex    : Weex onFrame 0 1
12-31 18:46:01.345 17003 17029 E Weex    : Weex tickerList 0 
12-31 18:46:01.345 17003 17029 E Weex    : WeexRender layout start 0
12-31 18:46:01.345 17003 17029 E Weex    : WeexRender layout end used 0.005615
12-31 18:46:01.357 17003 17003 E Weex    : Weex window Invalidate
12-31 18:46:01.363 17003 17615 E Weex    : Weex Window::requestNextFrame 0xbddda5d0
12-31 18:46:01.363 17003 17615 E Weex    : Weex Window::requestNextFrame page not null
12-31 18:46:01.363 17003 17615 E Weex    : Weex mRequestFrame 0
12-31 18:46:01.363 17003 17029 E Weex    : Weex onFrame 0 1
12-31 18:46:01.363 17003 17029 E Weex    : Weex tickerList 0 
12-31 18:46:01.363 17003 17029 E Weex    : WeexRender layout start 0
12-31 18:46:01.363 17003 17029 E Weex    : WeexRender layout end used 0.005859
12-31 18:46:01.374 17003 17003 E Weex    : Weex window Invalidate
12-31 18:46:01.374 17003 17615 E Weex    : Weex Window::requestNextFrame 0xbddda5d0
12-31 18:46:01.374 17003 17615 E Weex    : Weex Window::requestNextFrame page not null
12-31 18:46:01.374 17003 17615 E Weex    : Weex mRequestFrame 0
12-31 18:46:01.374 17003 17029 E Weex    : Weex onFrame 0 1
12-31 18:46:01.374 17003 17029 E Weex    : Weex tickerList 0 
12-31 18:46:01.374 17003 17029 E Weex    : WeexRender layout start 0
12-31 18:46:01.374 17003 17029 E Weex    : WeexRender layout end used 0.016113
12-31 18:46:01.391 17003 17003 E Weex    : Weex window Invalidate
12-31 18:46:01.391 17003 17615 E Weex    : Weex Window::requestNextFrame 0xbddda5d0
12-31 18:46:01.391 17003 17615 E Weex    : Weex Window::requestNextFrame page not null
12-31 18:46:01.391 17003 17615 E Weex    : Weex mRequestFrame 0
12-31 18:46:01.391 17003 17029 E Weex    : Weex onFrame 0 1
12-31 18:46:01.391 17003 17029 E Weex    : Weex tickerList 0 
12-31 18:46:01.391 17003 17029 E Weex    : WeexRender layout start 0
12-31 18:46:01.391 17003 17029 E Weex    : WeexRender layout end used 0.005615
12-31 18:46:01.408 17003 17003 E Weex    : Weex window Invalidate
12-31 18:46:01.408 17003 17615 E Weex    : Weex Window::requestNextFrame 0xbddda5d0
12-31 18:46:01.408 17003 17615 E Weex    : Weex Window::requestNextFrame page not null
12-31 18:46:01.408 17003 17615 E Weex    : Weex mRequestFrame 0
12-31 18:46:01.408 17003 17029 E Weex    : Weex onFrame 0 1
12-31 18:46:01.408 17003 17029 E Weex    : Weex tickerList 0 
12-31 18:46:01.408 17003 17029 E Weex    : WeexRender layout start 0
12-31 18:46:01.408 17003 17029 E Weex    : WeexRender layout end used 0.006348
12-31 18:46:01.424 17003 17003 E Weex    : Weex window Invalidate
12-31 18:46:01.425 17003 17615 E Weex    : Weex Window::requestNextFrame 0xbddda5d0
12-31 18:46:01.425 17003 17615 E Weex    : Weex Window::requestNextFrame page not null
12-31 18:46:01.425 17003 17615 E Weex    : Weex mRequestFrame 0
12-31 18:46:01.425 17003 17029 E Weex    : Weex onFrame 0 1
12-31 18:46:01.425 17003 17029 E Weex    : Weex tickerList 0 
12-31 18:46:01.425 17003 17029 E Weex    : WeexRender layout start 0
12-31 18:46:01.425 17003 17029 E Weex    : WeexRender layout end used 0.005615
12-31 18:46:01.443 17003 17003 E Weex    : Weex window Invalidate
12-31 18:46:01.443 17003 17615 E Weex    : Weex Window::requestNextFrame 0xbddda5d0
12-31 18:46:01.443 17003 17615 E Weex    : Weex Window::requestNextFrame page not null
12-31 18:46:01.443 17003 17615 E Weex    : Weex mRequestFrame 0
12-31 18:46:01.443 17003 17029 E Weex    : Weex onFrame 0 1
12-31 18:46:01.443 17003 17029 E Weex    : Weex tickerList 0 
12-31 18:46:01.443 17003 17029 E Weex    : WeexRender layout start 0
12-31 18:46:01.443 17003 17029 E Weex    : WeexRender layout end used 0.005859
12-31 18:46:01.458 17003 17003 E Weex    : Weex window Invalidate
12-31 18:46:01.458 17003 17615 E Weex    : Weex Window::requestNextFrame 0xbddda5d0
12-31 18:46:01.458 17003 17615 E Weex    : Weex Window::requestNextFrame page not null
12-31 18:46:01.458 17003 17615 E Weex    : Weex mRequestFrame 0
12-31 18:46:01.459 17003 17029 E Weex    : Weex onFrame 0 1
12-31 18:46:01.459 17003 17029 E Weex    : Weex tickerList 0 
12-31 18:46:01.459 17003 17029 E Weex    : WeexRender layout start 0
12-31 18:46:01.459 17003 17029 E Weex    : WeexRender layout end used 0.005859
12-31 18:46:01.475 17003 17003 E Weex    : Weex window Invalidate
12-31 18:46:01.475 17003 17615 E Weex    : Weex Window::requestNextFrame 0xbddda5d0
12-31 18:46:01.475 17003 17615 E Weex    : Weex Window::requestNextFrame page not null
12-31 18:46:01.475 17003 17615 E Weex    : Weex mRequestFrame 0
12-31 18:46:01.475 17003 17029 E Weex    : Weex onFrame 0 1
12-31 18:46:01.475 17003 17029 E Weex    : Weex tickerList 0 
12-31 18:46:01.475 17003 17029 E Weex    : WeexRender layout start 0
12-31 18:46:01.475 17003 17029 E Weex    : WeexRender layout end used 0.005371
12-31 18:46:01.492 17003 17003 E Weex    : Weex window Invalidate
12-31 18:46:01.492 17003 17615 E Weex    : Weex Window::requestNextFrame 0xbddda5d0
12-31 18:46:01.492 17003 17615 E Weex    : Weex Window::requestNextFrame page not null
12-31 18:46:01.492 17003 17615 E Weex    : Weex mRequestFrame 0
12-31 18:46:01.493 17003 17029 E Weex    : Weex onFrame 0 1
12-31 18:46:01.493 17003 17029 E Weex    : Weex tickerList 0 
12-31 18:46:01.493 17003 17029 E Weex    : WeexRender layout start 0
12-31 18:46:01.493 17003 17029 E Weex    : WeexRender layout end used 0.005615
12-31 18:46:01.509 17003 17003 E Weex    : Weex window Invalidate
12-31 18:46:01.509 17003 17615 E Weex    : Weex Window::requestNextFrame 0xbddda5d0
12-31 18:46:01.509 17003 17615 E Weex    : Weex Window::requestNextFrame page not null
12-31 18:46:01.509 17003 17615 E Weex    : Weex mRequestFrame 0
12-31 18:46:01.509 17003 17029 E Weex    : Weex onFrame 0 1
12-31 18:46:01.509 17003 17029 E Weex    : Weex tickerList 0 
12-31 18:46:01.509 17003 17029 E Weex    : WeexRender layout start 0
12-31 18:46:01.509 17003 17029 E Weex    : WeexRender layout end used 0.006104
12-31 18:46:01.526 17003 17003 E Weex    : Weex window Invalidate
12-31 18:46:01.526 17003 17615 E Weex    : Weex Window::requestNextFrame 0xbddda5d0
12-31 18:46:01.526 17003 17615 E Weex    : Weex Window::requestNextFrame page not null
12-31 18:46:01.526 17003 17615 E Weex    : Weex mRequestFrame 0
12-31 18:46:01.526 17003 17029 E Weex    : Weex onFrame 0 1
12-31 18:46:01.526 17003 17029 E Weex    : Weex tickerList 0 
12-31 18:46:01.526 17003 17029 E Weex    : WeexRender layout start 0
12-31 18:46:01.526 17003 17029 E Weex    : WeexRender layout end used 0.006348
12-31 18:46:01.543 17003 17003 E Weex    : Weex window Invalidate
12-31 18:46:01.543 17003 17615 E Weex    : Weex Window::requestNextFrame 0xbddda5d0
12-31 18:46:01.543 17003 17615 E Weex    : Weex Window::requestNextFrame page not null
12-31 18:46:01.543 17003 17615 E Weex    : Weex mRequestFrame 0
12-31 18:46:01.543 17003 17029 E Weex    : Weex onFrame 0 1
12-31 18:46:01.543 17003 17029 E Weex    : Weex tickerList 0 
12-31 18:46:01.543 17003 17029 E Weex    : WeexRender layout start 0
12-31 18:46:01.543 17003 17029 E Weex    : WeexRender layout end used 0.005615
12-31 18:46:01.560 17003 17003 E Weex    : Weex window Invalidate
12-31 18:46:01.560 17003 17615 E Weex    : Weex Window::requestNextFrame 0xbddda5d0
12-31 18:46:01.560 17003 17615 E Weex    : Weex Window::requestNextFrame page not null
12-31 18:46:01.560 17003 17615 E Weex    : Weex mRequestFrame 0
12-31 18:46:01.560 17003 17029 E Weex    : Weex onFrame 0 1
12-31 18:46:01.560 17003 17029 E Weex    : Weex tickerList 0 
12-31 18:46:01.560 17003 17029 E Weex    : WeexRender layout start 0
12-31 18:46:01.560 17003 17029 E Weex    : WeexRender layout end used 0.005859
12-31 18:46:01.576 17003 17003 E Weex    : Weex window Invalidate
12-31 18:46:01.577 17003 17615 E Weex    : Weex Window::requestNextFrame 0xbddda5d0
12-31 18:46:01.577 17003 17615 E Weex    : Weex Window::requestNextFrame page not null
12-31 18:46:01.577 17003 17615 E Weex    : Weex mRequestFrame 0
12-31 18:46:01.577 17003 17029 E Weex    : Weex onFrame 0 1
12-31 18:46:01.577 17003 17029 E Weex    : Weex tickerList 0 
12-31 18:46:01.577 17003 17029 E Weex    : WeexRender layout start 0
12-31 18:46:01.577 17003 17029 E Weex    : WeexRender layout end used 0.005615
12-31 18:46:01.593 17003 17003 E Weex    : Weex window Invalidate
12-31 18:46:01.594 17003 17615 E Weex    : Weex Window::requestNextFrame 0xbddda5d0
12-31 18:46:01.594 17003 17615 E Weex    : Weex Window::requestNextFrame page not null
12-31 18:46:01.594 17003 17615 E Weex    : Weex mRequestFrame 0
12-31 18:46:01.594 17003 17029 E Weex    : Weex onFrame 0 1
12-31 18:46:01.594 17003 17029 E Weex    : Weex tickerList 0 
12-31 18:46:01.594 17003 17029 E Weex    : WeexRender layout start 0
12-31 18:46:01.594 17003 17029 E Weex    : WeexRender layout end used 0.005127
12-31 18:46:01.610 17003 17003 E Weex    : Weex window Invalidate
12-31 18:46:01.610 17003 17615 E Weex    : Weex Window::requestNextFrame 0xbddda5d0
12-31 18:46:01.610 17003 17615 E Weex    : Weex Window::requestNextFrame page not null
12-31 18:46:01.610 17003 17615 E Weex    : Weex mRequestFrame 0
12-31 18:46:01.611 17003 17029 E Weex    : Weex onFrame 0 1
12-31 18:46:01.611 17003 17029 E Weex    : Weex tickerList 0 
12-31 18:46:01.611 17003 17029 E Weex    : WeexRender layout start 0
12-31 18:46:01.611 17003 17029 E Weex    : WeexRender layout end used 0.005859
12-31 18:46:01.627 17003 17003 E Weex    : Weex window Invalidate
12-31 18:46:01.627 17003 17615 E Weex    : Weex Window::requestNextFrame 0xbddda5d0
12-31 18:46:01.627 17003 17615 E Weex    : Weex Window::requestNextFrame page not null
12-31 18:46:01.627 17003 17615 E Weex    : Weex mRequestFrame 0
12-31 18:46:01.628 17003 17029 E Weex    : Weex onFrame 0 1
12-31 18:46:01.628 17003 17029 E Weex    : Weex tickerList 0 
12-31 18:46:01.628 17003 17029 E Weex    : WeexRender layout start 0
12-31 18:46:01.628 17003 17029 E Weex    : WeexRender layout end used 0.005859
12-31 18:46:01.644 17003 17003 E Weex    : Weex window Invalidate
12-31 18:46:01.644 17003 17615 E Weex    : Weex Window::requestNextFrame 0xbddda5d0
12-31 18:46:01.644 17003 17615 E Weex    : Weex Window::requestNextFrame page not null
12-31 18:46:01.644 17003 17615 E Weex    : Weex mRequestFrame 0
12-31 18:46:01.644 17003 17029 E Weex    : Weex onFrame 0 1
