12-31 18:46:27.057 17003 17660 E Weex    : Weex Window::requestNextFrame 0xd135e880
12-31 18:46:27.057 17003 17660 E Weex    : Weex Window::requestNextFrame page not null
12-31 18:46:27.057 17003 17660 E Weex    : Weex mRequestFrame 0
12-31 18:46:27.063 17003 17029 E Weex    : WeexRender layout end used 20.426514
12-31 18:46:27.073 17003 17003 E Weex    : Weex window Invalidate
12-31 18:46:27.074 17003 17660 E Weex    : Weex Window::requestNextFrame 0xd135e880
12-31 18:46:27.074 17003 17660 E Weex    : Weex Window::requestNextFrame page not null
12-31 18:46:27.074 17003 17660 E Weex    : Weex mRequestFrame 1
12-31 18:46:27.081 17003 17029 E Weex    : Window::setWindowPaintRecords
12-31 18:46:27.090 17003 17003 E Weex    : Weex window Invalidate
12-31 18:46:27.153 17003 17660 E Weex    : Weex Window::requestNextFrame 0xd135e880
12-31 18:46:27.153 17003 17660 E Weex    : Weex Window::requestNextFrame page not null
12-31 18:46:27.153 17003 17660 E Weex    : Weex mRequestFrame 1
12-31 18:46:27.158 17003 17003 E Weex    : Weex window Invalidate
12-31 18:46:27.158 17003 17660 E Weex    : Weex Window::requestNextFrame 0xd135e880
12-31 18:46:27.158 17003 17660 E Weex    : Weex Window::requestNextFrame page not null
12-31 18:46:27.158 17003 17660 E Weex    : Weex mRequestFrame 1
12-31 18:46:27.175 17003 17003 E Weex    : Weex window Invalidate
12-31 18:46:27.175 17003 17660 E Weex    : Weex Window::requestNextFrame 0xd135e880
12-31 18:46:27.175 17003 17660 E Weex    : Weex Window::requestNextFrame page not null
12-31 18:46:27.175 17003 17660 E Weex    : Weex mRequestFrame 1
12-31 18:46:27.192 17003 17003 E Weex    : Weex window Invalidate
12-31 18:46:27.192 17003 17660 E Weex    : Weex Window::requestNextFrame 0xd135e880
12-31 18:46:27.192 17003 17660 E Weex    : Weex Window::requestNextFrame page not null
12-31 18:46:27.192 17003 17660 E Weex    : Weex mRequestFrame 1
12-31 18:46:27.205 17003 17029 E Weex    : Weex onFrame 0 1
12-31 18:46:27.205 17003 17029 E Weex    : Weex tickerList 0 
12-31 18:46:27.205 17003 17029 E Weex    : WeexRender layout start 1
12-31 18:46:27.208 17003 17003 E Weex    : Weex window Invalidate
12-31 18:46:27.209 17003 17660 E Weex    : Weex Window::requestNextFrame 0xd135e880
12-31 18:46:27.209 17003 17660 E Weex    : Weex Window::requestNextFrame page not null
12-31 18:46:27.209 17003 17660 E Weex    : Weex mRequestFrame 0
12-31 18:46:27.225 17003 17003 E Weex    : Weex window Invalidate
12-31 18:46:27.225 17003 17660 E Weex    : Weex Window::requestNextFrame 0xd135e880
12-31 18:46:27.225 17003 17660 E Weex    : Weex Window::requestNextFrame page not null
12-31 18:46:27.225 17003 17660 E Weex    : Weex mRequestFrame 1
12-31 18:46:27.239 17003 17029 E Weex    : WeexRender layout end used 33.942871
12-31 18:46:27.242 17003 17003 E Weex    : Weex window Invalidate
12-31 18:46:27.242 17003 17660 E Weex    : Weex Window::requestNextFrame 0xd135e880
12-31 18:46:27.242 17003 17660 E Weex    : Weex Window::requestNextFrame page not null
12-31 18:46:27.242 17003 17660 E Weex    : Weex mRequestFrame 1
12-31 18:46:27.259 17003 17003 E Weex    : Weex window Invalidate
12-31 18:46:27.259 17003 17660 E Weex    : Weex Window::requestNextFrame 0xd135e880
12-31 18:46:27.259 17003 17660 E Weex    : Weex Window::requestNextFrame page not null
12-31 18:46:27.259 17003 17660 E Weex    : Weex mRequestFrame 1
12-31 18:46:27.270 17003 17029 E Weex    : Window::setWindowPaintRecords
12-31 18:46:27.276 17003 17003 E Weex    : Weex window Invalidate
12-31 18:46:27.371 17003 17660 E Weex    : Weex Window::requestNextFrame 0xd135e880
12-31 18:46:27.371 17003 17660 E Weex    : Weex Window::requestNextFrame page not null
12-31 18:46:27.371 17003 17660 E Weex    : Weex mRequestFrame 1
12-31 18:46:27.377 17003 17003 E Weex    : Weex window Invalidate
12-31 18:46:27.377 17003 17660 E Weex    : Weex Window::requestNextFrame 0xd135e880
12-31 18:46:27.377 17003 17660 E Weex    : Weex Window::requestNextFrame page not null
12-31 18:46:27.377 17003 17660 E Weex    : Weex mRequestFrame 1
12-31 18:46:27.394 17003 17003 E Weex    : Weex window Invalidate
12-31 18:46:27.395 17003 17660 E Weex    : Weex Window::requestNextFrame 0xd135e880
12-31 18:46:27.395 17003 17660 E Weex    : Weex Window::requestNextFrame page not null
12-31 18:46:27.395 17003 17660 E Weex    : Weex mRequestFrame 1
12-31 18:46:27.404 17003 17029 E Weex    : Weex onFrame 0 1
12-31 18:46:27.404 17003 17029 E Weex    : Weex tickerList 0 
12-31 18:46:27.404 17003 17029 E Weex    : WeexRender layout start 1
12-31 18:46:27.411 17003 17003 E Weex    : Weex window Invalidate
12-31 18:46:27.411 17003 17660 E Weex    : Weex Window::requestNextFrame 0xd135e880
12-31 18:46:27.411 17003 17660 E Weex    : Weex Window::requestNextFrame page not null
12-31 18:46:27.411 17003 17660 E Weex    : Weex mRequestFrame 0
12-31 18:46:27.428 17003 17003 E Weex    : Weex window Invalidate
12-31 18:46:27.428 17003 17660 E Weex    : Weex Window::requestNextFrame 0xd135e880
12-31 18:46:27.428 17003 17660 E Weex    : Weex Window::requestNextFrame page not null
12-31 18:46:27.428 17003 17660 E Weex    : Weex mRequestFrame 1
12-31 18:46:27.445 17003 17003 E Weex    : Weex window Invalidate
12-31 18:46:27.445 17003 17660 E Weex    : Weex Window::requestNextFrame 0xd135e880
12-31 18:46:27.445 17003 17660 E Weex    : Weex Window::requestNextFrame page not null
12-31 18:46:27.445 17003 17660 E Weex    : Weex mRequestFrame 1
12-31 18:46:27.446 17003 17029 E Weex    : WeexRender layout end used 42.233887
12-31 18:46:27.462 17003 17003 E Weex    : Weex window Invalidate
12-31 18:46:27.462 17003 17660 E Weex    : Weex Window::requestNextFrame 0xd135e880
12-31 18:46:27.462 17003 17660 E Weex    : Weex Window::requestNextFrame page not null
12-31 18:46:27.462 17003 17660 E Weex    : Weex mRequestFrame 1
12-31 18:46:27.479 17003 17003 E Weex    : Weex window Invalidate
12-31 18:46:27.479 17003 17660 E Weex    : Weex Window::requestNextFrame 0xd135e880
12-31 18:46:27.479 17003 17660 E Weex    : Weex Window::requestNextFrame page not null
12-31 18:46:27.479 17003 17660 E Weex    : Weex mRequestFrame 1
12-31 18:46:27.487 17003 17029 E Weex    : Window::setWindowPaintRecords
12-31 18:46:27.490 17003 17029 E Weex    : Weex onFrame 0 1
12-31 18:46:27.490 17003 17029 E Weex    : Weex tickerList 0 
12-31 18:46:27.490 17003 17029 E Weex    : WeexRender layout start 0
12-31 18:46:27.490 17003 17029 E Weex    : WeexRender layout end used 0.005615
12-31 18:46:27.496 17003 17003 E Weex    : Weex window Invalidate
12-31 18:46:27.661 17003 17660 E Weex    : Weex Window::requestNextFrame 0xd135e880
12-31 18:46:27.661 17003 17660 E Weex    : Weex Window::requestNextFrame page not null
12-31 18:46:27.661 17003 17660 E Weex    : Weex mRequestFrame 0
12-31 18:46:27.662 17003 17029 E Weex    : Weex onFrame 0 1
12-31 18:46:27.662 17003 17029 E Weex    : Weex tickerList 0 
12-31 18:46:27.662 17003 17029 E Weex    : WeexRender layout start 0
12-31 18:46:27.662 17003 17029 E Weex    : WeexRender layout end used 0.010010
12-31 18:46:27.665 17003 17003 E Weex    : Weex window Invalidate
12-31 18:46:27.665 17003 17660 E Weex    : Weex Window::requestNextFrame 0xd135e880
12-31 18:46:27.665 17003 17660 E Weex    : Weex Window::requestNextFrame page not null
12-31 18:46:27.665 17003 17660 E Weex    : Weex mRequestFrame 0
12-31 18:46:27.666 17003 17029 E Weex    : Weex onFrame 0 1
12-31 18:46:27.666 17003 17029 E Weex    : Weex tickerList 0 
12-31 18:46:27.666 17003 17029 E Weex    : WeexRender layout start 0
12-31 18:46:27.666 17003 17029 E Weex    : WeexRender layout end used 0.045410
12-31 18:46:27.682 17003 17003 E Weex    : Weex window Invalidate
12-31 18:46:27.684 17003 17660 E Weex    : Weex Window::requestNextFrame 0xd135e880
12-31 18:46:27.684 17003 17660 E Weex    : Weex Window::requestNextFrame page not null
12-31 18:46:27.684 17003 17660 E Weex    : Weex mRequestFrame 0
12-31 18:46:27.685 17003 17029 E Weex    : Weex onFrame 0 1
12-31 18:46:27.685 17003 17029 E Weex    : Weex tickerList 0 
12-31 18:46:27.685 17003 17029 E Weex    : WeexRender layout start 0
12-31 18:46:27.685 17003 17029 E Weex    : WeexRender layout end used 0.046387
12-31 18:46:27.699 17003 17003 E Weex    : Weex window Invalidate
12-31 18:46:27.699 17003 17660 E Weex    : Weex Window::requestNextFrame 0xd135e880
12-31 18:46:27.699 17003 17660 E Weex    : Weex Window::requestNextFrame page not null
12-31 18:46:27.699 17003 17660 E Weex    : Weex mRequestFrame 0
12-31 18:46:27.700 17003 17029 E Weex    : Weex onFrame 0 1
12-31 18:46:27.700 17003 17029 E Weex    : Weex tickerList 0 
12-31 18:46:27.700 17003 17029 E Weex    : WeexRender layout start 0
12-31 18:46:27.700 17003 17029 E Weex    : WeexRender layout end used 0.045898
12-31 18:46:27.716 17003 17003 E Weex    : Weex window Invalidate
12-31 18:46:27.716 17003 17660 E Weex    : Weex Window::requestNextFrame 0xd135e880
12-31 18:46:27.716 17003 17660 E Weex    : Weex Window::requestNextFrame page not null
12-31 18:46:27.716 17003 17660 E Weex    : Weex mRequestFrame 0
12-31 18:46:27.716 17003 17029 E Weex    : Weex onFrame 0 1
12-31 18:46:27.716 17003 17029 E Weex    : Weex tickerList 0 
12-31 18:46:27.716 17003 17029 E Weex    : WeexRender layout start 0
12-31 18:46:27.716 17003 17029 E Weex    : WeexRender layout end used 0.044434
12-31 18:46:27.732 17003 17003 E Weex    : Weex window Invalidate
12-31 18:46:27.733 17003 17660 E Weex    : Weex Window::requestNextFrame 0xd135e880
12-31 18:46:27.733 17003 17660 E Weex    : Weex Window::requestNextFrame page not null
12-31 18:46:27.733 17003 17660 E Weex    : Weex mRequestFrame 0
12-31 18:46:27.733 17003 17029 E Weex    : Weex onFrame 0 1
12-31 18:46:27.733 17003 17029 E Weex    : Weex tickerList 0 
12-31 18:46:27.733 17003 17029 E Weex    : WeexRender layout start 0
12-31 18:46:27.733 17003 17029 E Weex    : WeexRender layout end used 0.043701
12-31 18:46:27.749 17003 17003 E Weex    : Weex window Invalidate
12-31 18:46:27.750 17003 17660 E Weex    : Weex Window::requestNextFrame 0xd135e880
12-31 18:46:27.750 17003 17660 E Weex    : Weex Window::requestNextFrame page not null
12-31 18:46:27.750 17003 17660 E Weex    : Weex mRequestFrame 0
12-31 18:46:27.750 17003 17029 E Weex    : Weex onFrame 0 1
12-31 18:46:27.750 17003 17029 E Weex    : Weex tickerList 0 
12-31 18:46:27.750 17003 17029 E Weex    : WeexRender layout start 0
12-31 18:46:27.750 17003 17029 E Weex    : WeexRender layout end used 0.044434
12-31 18:46:27.766 17003 17003 E Weex    : Weex window Invalidate
12-31 18:46:27.767 17003 17660 E Weex    : Weex Window::requestNextFrame 0xd135e880
12-31 18:46:27.767 17003 17660 E Weex    : Weex Window::requestNextFrame page not null
12-31 18:46:27.767 17003 17660 E Weex    : Weex mRequestFrame 0
12-31 18:46:27.767 17003 17029 E Weex    : Weex onFrame 0 1
12-31 18:46:27.767 17003 17029 E Weex    : Weex tickerList 0 
12-31 18:46:27.767 17003 17029 E Weex    : WeexRender layout start 0
12-31 18:46:27.767 17003 17029 E Weex    : WeexRender layout end used 0.043945
12-31 18:46:27.783 17003 17003 E Weex    : Weex window Invalidate
12-31 18:46:27.784 17003 17660 E Weex    : Weex Window::requestNextFrame 0xd135e880
12-31 18:46:27.784 17003 17660 E Weex    : Weex Window::requestNextFrame page not null
12-31 18:46:27.784 17003 17660 E Weex    : Weex mRequestFrame 0
12-31 18:46:27.784 17003 17029 E Weex    : Weex onFrame 0 1
12-31 18:46:27.784 17003 17029 E Weex    : Weex tickerList 0 
12-31 18:46:27.785 17003 17029 E Weex    : WeexRender layout start 0
12-31 18:46:27.785 17003 17029 E Weex    : WeexRender layout end used 0.068848
12-31 18:46:27.800 17003 17003 E Weex    : Weex window Invalidate
12-31 18:46:27.801 17003 17660 E Weex    : Weex Window::requestNextFrame 0xd135e880
12-31 18:46:27.801 17003 17660 E Weex    : Weex Window::requestNextFrame page not null
12-31 18:46:27.801 17003 17660 E Weex    : Weex mRequestFrame 0
12-31 18:46:27.801 17003 17029 E Weex    : Weex onFrame 0 1
12-31 18:46:27.801 17003 17029 E Weex    : Weex tickerList 0 
12-31 18:46:27.801 17003 17029 E Weex    : WeexRender layout start 0
12-31 18:46:27.801 17003 17029 E Weex    : WeexRender layout end used 0.045410
12-31 18:46:27.817 17003 17003 E Weex    : Weex window Invalidate
12-31 18:46:27.817 17003 17660 E Weex    : Weex Window::requestNextFrame 0xd135e880
12-31 18:46:27.817 17003 17660 E Weex    : Weex Window::requestNextFrame page not null
12-31 18:46:27.817 17003 17660 E Weex    : Weex mRequestFrame 0
12-31 18:46:27.817 17003 17029 E Weex    : Weex onFrame 0 1
12-31 18:46:27.817 17003 17029 E Weex    : Weex tickerList 0 
12-31 18:46:27.817 17003 17029 E Weex    : WeexRender layout start 0
12-31 18:46:27.817 17003 17029 E Weex    : WeexRender layout end used 0.018555
12-31 18:46:27.834 17003 17003 E Weex    : Weex window Invalidate
12-31 18:46:27.834 17003 17660 E Weex    : Weex Window::requestNextFrame 0xd135e880
12-31 18:46:27.834 17003 17660 E Weex    : Weex Window::requestNextFrame page not null
12-31 18:46:27.834 17003 17660 E Weex    : Weex mRequestFrame 0
12-31 18:46:27.834 17003 17029 E Weex    : Weex onFrame 0 1
12-31 18:46:27.834 17003 17029 E Weex    : Weex tickerList 0 
12-31 18:46:27.834 17003 17029 E Weex    : WeexRender layout start 0
12-31 18:46:27.834 17003 17029 E Weex    : WeexRender layout end used 0.017822
12-31 18:46:27.851 17003 17003 E Weex    : Weex window Invalidate
12-31 18:46:27.851 17003 17660 E Weex    : Weex Window::requestNextFrame 0xd135e880
12-31 18:46:27.851 17003 17660 E Weex    : Weex Window::requestNextFrame page not null
12-31 18:46:27.851 17003 17660 E Weex    : Weex mRequestFrame 0
12-31 18:46:27.851 17003 17029 E Weex    : Weex onFrame 0 1
12-31 18:46:27.851 17003 17029 E Weex    : Weex tickerList 0 
12-31 18:46:27.851 17003 17029 E Weex    : WeexRender layout start 0
12-31 18:46:27.851 17003 17029 E Weex    : WeexRender layout end used 0.017578
12-31 18:46:27.867 17003 17003 E Weex    : Weex window Invalidate
12-31 18:46:27.868 17003 17660 E Weex    : Weex Window::requestNextFrame 0xd135e880
12-31 18:46:27.868 17003 17660 E Weex    : Weex Window::requestNextFrame page not null
12-31 18:46:27.868 17003 17660 E Weex    : Weex mRequestFrame 0
12-31 18:46:27.868 17003 17029 E Weex    : Weex onFrame 0 1
12-31 18:46:27.868 17003 17029 E Weex    : Weex tickerList 0 
12-31 18:46:27.868 17003 17029 E Weex    : WeexRender layout start 0
12-31 18:46:27.868 17003 17029 E Weex    : WeexRender layout end used 0.018311
12-31 18:46:27.884 17003 17003 E Weex    : Weex window Invalidate
12-31 18:46:27.885 17003 17660 E Weex    : Weex Window::requestNextFrame 0xd135e880
12-31 18:46:27.885 17003 17660 E Weex    : Weex Window::requestNextFrame page not null
12-31 18:46:27.885 17003 17660 E Weex    : Weex mRequestFrame 0
12-31 18:46:27.885 17003 17029 E Weex    : Weex onFrame 0 1
12-31 18:46:27.885 17003 17029 E Weex    : Weex tickerList 0 
12-31 18:46:27.885 17003 17029 E Weex    : WeexRender layout start 0
12-31 18:46:27.885 17003 17029 E Weex    : WeexRender layout end used 0.018311
12-31 18:46:27.902 17003 17003 E Weex    : Weex window Invalidate
12-31 18:46:27.902 17003 17660 E Weex    : Weex Window::requestNextFrame 0xd135e880
12-31 18:46:27.902 17003 17660 E Weex    : Weex Window::requestNextFrame page not null
12-31 18:46:27.902 17003 17660 E Weex    : Weex mRequestFrame 0
12-31 18:46:27.902 17003 17029 E Weex    : Weex onFrame 0 1
12-31 18:46:27.902 17003 17029 E Weex    : Weex tickerList 0 
12-31 18:46:27.902 17003 17029 E Weex    : WeexRender layout start 0
12-31 18:46:27.902 17003 17029 E Weex    : WeexRender layout end used 0.042725
12-31 18:46:27.918 17003 17003 E Weex    : Weex window Invalidate
12-31 18:46:27.918 17003 17660 E Weex    : Weex Window::requestNextFrame 0xd135e880
12-31 18:46:27.919 17003 17660 E Weex    : Weex Window::requestNextFrame page not null
12-31 18:46:27.919 17003 17660 E Weex    : Weex mRequestFrame 0
12-31 18:46:27.919 17003 17029 E Weex    : Weex onFrame 0 1
12-31 18:46:27.919 17003 17029 E Weex    : Weex tickerList 0 
12-31 18:46:27.919 17003 17029 E Weex    : WeexRender layout start 0
12-31 18:46:27.919 17003 17029 E Weex    : WeexRender layout end used 0.042480
12-31 18:46:27.935 17003 17003 E Weex    : Weex window Invalidate
12-31 18:46:27.936 17003 17660 E Weex    : Weex Window::requestNextFrame 0xd135e880
12-31 18:46:27.936 17003 17660 E Weex    : Weex Window::requestNextFrame page not null
12-31 18:46:27.936 17003 17660 E Weex    : Weex mRequestFrame 0
12-31 18:46:27.936 17003 17029 E Weex    : Weex onFrame 0 1
12-31 18:46:27.936 17003 17029 E Weex    : Weex tickerList 0 
12-31 18:46:27.936 17003 17029 E Weex    : WeexRender layout start 0
12-31 18:46:27.936 17003 17029 E Weex    : WeexRender layout end used 0.043213
12-31 18:46:27.952 17003 17003 E Weex    : Weex window Invalidate
12-31 18:46:27.953 17003 17660 E Weex    : Weex Window::requestNextFrame 0xd135e880
12-31 18:46:27.953 17003 17660 E Weex    : Weex Window::requestNextFrame page not null
12-31 18:46:27.953 17003 17660 E Weex    : Weex mRequestFrame 0
12-31 18:46:27.953 17003 17029 E Weex    : Weex onFrame 0 1
12-31 18:46:27.953 17003 17029 E Weex    : Weex tickerList 0 
12-31 18:46:27.953 17003 17029 E Weex    : WeexRender layout start 0
12-31 18:46:27.953 17003 17029 E Weex    : WeexRender layout end used 0.042236
12-31 18:46:27.969 17003 17003 E Weex    : Weex window Invalidate
12-31 18:46:27.969 17003 17660 E Weex    : Weex Window::requestNextFrame 0xd135e880
12-31 18:46:27.969 17003 17660 E Weex    : Weex Window::requestNextFrame page not null
12-31 18:46:27.969 17003 17660 E Weex    : Weex mRequestFrame 0
12-31 18:46:27.969 17003 17029 E Weex    : Weex onFrame 0 1
12-31 18:46:27.969 17003 17029 E Weex    : Weex tickerList 0 
12-31 18:46:27.970 17003 17029 E Weex    : WeexRender layout start 0
12-31 18:46:27.970 17003 17029 E Weex    : WeexRender layout end used 0.042236
12-31 18:46:27.986 17003 17003 E Weex    : Weex window Invalidate
12-31 18:46:27.987 17003 17660 E Weex    : Weex Window::requestNextFrame 0xd135e880
12-31 18:46:27.988 17003 17660 E Weex    : Weex Window::requestNextFrame page not null
12-31 18:46:27.988 17003 17660 E Weex    : Weex mRequestFrame 0
12-31 18:46:27.988 17003 17029 E Weex    : Weex onFrame 0 1
12-31 18:46:27.988 17003 17029 E Weex    : Weex tickerList 0 
12-31 18:46:27.988 17003 17029 E Weex    : WeexRender layout start 0
12-31 18:46:27.988 17003 17029 E Weex    : WeexRender layout end used 0.042725
12-31 18:46:28.003 17003 17003 E Weex    : Weex window Invalidate
12-31 18:46:28.003 17003 17660 E Weex    : Weex Window::requestNextFrame 0xd135e880
12-31 18:46:28.003 17003 17660 E Weex    : Weex Window::requestNextFrame page not null
12-31 18:46:28.003 17003 17660 E Weex    : Weex mRequestFrame 0
12-31 18:46:28.004 17003 17029 E Weex    : Weex onFrame 0 1
12-31 18:46:28.004 17003 17029 E Weex    : Weex tickerList 0 
12-31 18:46:28.004 17003 17029 E Weex    : WeexRender layout start 0
12-31 18:46:28.004 17003 17029 E Weex    : WeexRender layout end used 0.043701
12-31 18:46:28.019 17003 17003 E Weex    : Weex window Invalidate
12-31 18:46:28.020 17003 17660 E Weex    : Weex Window::requestNextFrame 0xd135e880
12-31 18:46:28.020 17003 17660 E Weex    : Weex Window::requestNextFrame page not null
12-31 18:46:28.020 17003 17660 E Weex    : Weex mRequestFrame 0
12-31 18:46:28.021 17003 17029 E Weex    : Weex onFrame 0 1
12-31 18:46:28.021 17003 17029 E Weex    : Weex tickerList 0 
12-31 18:46:28.021 17003 17029 E Weex    : WeexRender layout start 0
12-31 18:46:28.021 17003 17029 E Weex    : WeexRender layout end used 0.045410
12-31 18:46:28.036 17003 17003 E Weex    : Weex window Invalidate
12-31 18:46:28.037 17003 17660 E Weex    : Weex Window::requestNextFrame 0xd135e880
12-31 18:46:28.037 17003 17660 E Weex    : Weex Window::requestNextFrame page not null
12-31 18:46:28.037 17003 17660 E Weex    : Weex mRequestFrame 0
12-31 18:46:28.037 17003 17029 E Weex    : Weex onFrame 0 1
12-31 18:46:28.037 17003 17029 E Weex    : Weex tickerList 0 
12-31 18:46:28.037 17003 17029 E Weex    : WeexRender layout start 0
12-31 18:46:28.037 17003 17029 E Weex    : WeexRender layout end used 0.017578
12-31 18:46:28.053 17003 17003 E Weex    : Weex window Invalidate
12-31 18:46:28.054 17003 17660 E Weex    : Weex Window::requestNextFrame 0xd135e880
12-31 18:46:28.054 17003 17660 E Weex    : Weex Window::requestNextFrame page not null
12-31 18:46:28.054 17003 17660 E Weex    : Weex mRequestFrame 0
12-31 18:46:28.054 17003 17029 E Weex    : Weex onFrame 0 1
12-31 18:46:28.054 17003 17029 E Weex    : Weex tickerList 0 
12-31 18:46:28.054 17003 17029 E Weex    : WeexRender layout start 0
12-31 18:46:28.054 17003 17029 E Weex    : WeexRender layout end used 0.017090
12-31 18:46:28.071 17003 17003 E Weex    : Weex window Invalidate
12-31 18:46:28.071 17003 17660 E Weex    : Weex Window::requestNextFrame 0xd135e880
12-31 18:46:28.071 17003 17660 E Weex    : Weex Window::requestNextFrame page not null
12-31 18:46:28.071 17003 17660 E Weex    : Weex mRequestFrame 0
12-31 18:46:28.071 17003 17029 E Weex    : Weex onFrame 0 1
12-31 18:46:28.071 17003 17029 E Weex    : Weex tickerList 0 
12-31 18:46:28.071 17003 17029 E Weex    : WeexRender layout start 0
12-31 18:46:28.071 17003 17029 E Weex    : WeexRender layout end used 0.016602
12-31 18:46:28.087 17003 17003 E Weex    : Weex window Invalidate
12-31 18:46:28.088 17003 17660 E Weex    : Weex Window::requestNextFrame 0xd135e880
12-31 18:46:28.088 17003 17660 E Weex    : Weex Window::requestNextFrame page not null
12-31 18:46:28.088 17003 17660 E Weex    : Weex mRequestFrame 0
12-31 18:46:28.088 17003 17029 E Weex    : Weex onFrame 0 1
12-31 18:46:28.088 17003 17029 E Weex    : Weex tickerList 0 
12-31 18:46:28.088 17003 17029 E Weex    : WeexRender layout start 0
12-31 18:46:28.088 17003 17029 E Weex    : WeexRender layout end used 0.018311
12-31 18:46:28.104 17003 17003 E Weex    : Weex window Invalidate
12-31 18:46:28.104 17003 17660 E Weex    : Weex Window::requestNextFrame 0xd135e880
12-31 18:46:28.104 17003 17660 E Weex    : Weex Window::requestNextFrame page not null
12-31 18:46:28.104 17003 17660 E Weex    : Weex mRequestFrame 0
12-31 18:46:28.104 17003 17029 E Weex    : Weex onFrame 0 1
12-31 18:46:28.104 17003 17029 E Weex    : Weex tickerList 0 
12-31 18:46:28.104 17003 17029 E Weex    : WeexRender layout start 0
12-31 18:46:28.104 17003 17029 E Weex    : WeexRender layout end used 0.017822
12-31 18:46:28.120 17003 17003 E Weex    : Weex window Invalidate
12-31 18:46:28.121 17003 17660 E Weex    : Weex Window::requestNextFrame 0xd135e880
12-31 18:46:28.121 17003 17660 E Weex    : Weex Window::requestNextFrame page not null
12-31 18:46:28.121 17003 17660 E Weex    : Weex mRequestFrame 0
12-31 18:46:28.121 17003 17029 E Weex    : Weex onFrame 0 1
12-31 18:46:28.121 17003 17029 E Weex    : Weex tickerList 0 
12-31 18:46:28.121 17003 17029 E Weex    : WeexRender layout start 0
12-31 18:46:28.122 17003 17029 E Weex    : WeexRender layout end used 0.018555
12-31 18:46:28.702 17003 17029 E Weex    : Page Remove 186257251
12-31 18:46:28.776 17003 17029 E Weex    : Page Create 61033969
12-31 18:46:28.836 17003 17003 E Weex    : Weex window Invalidate
12-31 18:46:28.846 17003 17664 E Weex    : Window::attachPage 0x0  61033969 
12-31 18:46:28.847 17003 17029 E Weex    : WeexRender mark Diry
12-31 18:46:28.847 17003 17029 E Weex    : Weex mRequestFrame 0
12-31 18:46:28.847 17003 17029 E Weex    : Window::attachPage Done
12-31 18:46:28.847 17003 17029 E Weex    : Page Create 61033969
12-31 18:46:28.847 17003 17029 E Weex    : Weex onFrame 1 1
12-31 18:46:28.847 17003 17029 E Weex    : Weex tickerList 0 
12-31 18:46:28.847 17003 17029 E Weex    : WeexRender layout start 1
12-31 18:46:28.847 17003 17029 E Weex    : WeexRender layout end used 0.636963
12-31 18:46:28.848 17003 17029 E Weex    : Window::setWindowPaintRecords
12-31 18:46:28.850 17003 17664 E Weex    : Weex Window::requestNextFrame 0xb8690920
12-31 18:46:28.850 17003 17664 E Weex    : Weex Window::requestNextFrame page not null
12-31 18:46:28.850 17003 17664 E Weex    : Weex mRequestFrame 0
12-31 18:46:28.850 17003 17029 E Weex    : Weex onFrame 0 1
12-31 18:46:28.851 17003 17029 E Weex    : Weex tickerList 0 
12-31 18:46:28.851 17003 17029 E Weex    : WeexRender layout start 0
12-31 18:46:28.851 17003 17029 E Weex    : WeexRender layout end used 0.006348
12-31 18:46:28.851 17003 17003 E Weex    : Weex window Invalidate
12-31 18:46:28.861 17003 17664 E Weex    : Weex Window::requestNextFrame 0xb8690920
12-31 18:46:28.861 17003 17664 E Weex    : Weex Window::requestNextFrame page not null
12-31 18:46:28.861 17003 17664 E Weex    : Weex mRequestFrame 0
12-31 18:46:28.861 17003 17029 E Weex    : Weex onFrame 0 1
12-31 18:46:28.861 17003 17029 E Weex    : Weex tickerList 0 
12-31 18:46:28.861 17003 17029 E Weex    : WeexRender layout start 0
12-31 18:46:28.861 17003 17029 E Weex    : WeexRender layout end used 0.006104
12-31 18:46:28.863 17003 17003 E Weex    : Weex window Invalidate
12-31 18:46:28.864 17003 17664 E Weex    : Weex Window::requestNextFrame 0xb8690920
12-31 18:46:28.864 17003 17664 E Weex    : Weex Window::requestNextFrame page not null
12-31 18:46:28.864 17003 17664 E Weex    : Weex mRequestFrame 0
12-31 18:46:28.864 17003 17029 E Weex    : Weex onFrame 0 1
12-31 18:46:28.864 17003 17029 E Weex    : Weex tickerList 0 
12-31 18:46:28.864 17003 17029 E Weex    : WeexRender layout start 0
12-31 18:46:28.864 17003 17029 E Weex    : WeexRender layout end used 0.006104
12-31 18:46:28.880 17003 17003 E Weex    : Weex window Invalidate
12-31 18:46:28.881 17003 17664 E Weex    : Weex Window::requestNextFrame 0xb8690920
12-31 18:46:28.881 17003 17664 E Weex    : Weex Window::requestNextFrame page not null
12-31 18:46:28.881 17003 17664 E Weex    : Weex mRequestFrame 0
12-31 18:46:28.881 17003 17029 E Weex    : Weex onFrame 0 1
12-31 18:46:28.881 17003 17029 E Weex    : Weex tickerList 0 
12-31 18:46:28.881 17003 17029 E Weex    : WeexRender layout start 0
12-31 18:46:28.881 17003 17029 E Weex    : WeexRender layout end used 0.006592
12-31 18:46:28.897 17003 17003 E Weex    : Weex window Invalidate
12-31 18:46:28.897 17003 17664 E Weex    : Weex Window::requestNextFrame 0xb8690920
12-31 18:46:28.897 17003 17664 E Weex    : Weex Window::requestNextFrame page not null
12-31 18:46:28.897 17003 17664 E Weex    : Weex mRequestFrame 0
12-31 18:46:28.898 17003 17029 E Weex    : Weex onFrame 0 1
12-31 18:46:28.898 17003 17029 E Weex    : Weex tickerList 0 
12-31 18:46:28.898 17003 17029 E Weex    : WeexRender layout start 0
12-31 18:46:28.898 17003 17029 E Weex    : WeexRender layout end used 0.006348
12-31 18:46:28.914 17003 17003 E Weex    : Weex window Invalidate
12-31 18:46:28.914 17003 17664 E Weex    : Weex Window::requestNextFrame 0xb8690920
12-31 18:46:28.914 17003 17664 E Weex    : Weex Window::requestNextFrame page not null
12-31 18:46:28.914 17003 17664 E Weex    : Weex mRequestFrame 0
12-31 18:46:28.914 17003 17029 E Weex    : Weex onFrame 0 1
12-31 18:46:28.914 17003 17029 E Weex    : Weex tickerList 0 
12-31 18:46:28.914 17003 17029 E Weex    : WeexRender layout start 0
12-31 18:46:28.914 17003 17029 E Weex    : WeexRender layout end used 0.006348
12-31 18:46:28.931 17003 17003 E Weex    : Weex window Invalidate
12-31 18:46:28.931 17003 17664 E Weex    : Weex Window::requestNextFrame 0xb8690920
12-31 18:46:28.931 17003 17664 E Weex    : Weex Window::requestNextFrame page not null
12-31 18:46:28.931 17003 17664 E Weex    : Weex mRequestFrame 0
12-31 18:46:28.931 17003 17029 E Weex    : Weex onFrame 0 1
12-31 18:46:28.931 17003 17029 E Weex    : Weex tickerList 0 
12-31 18:46:28.931 17003 17029 E Weex    : WeexRender layout start 0
12-31 18:46:28.931 17003 17029 E Weex    : WeexRender layout end used 0.005859
12-31 18:46:28.948 17003 17003 E Weex    : Weex window Invalidate
12-31 18:46:28.948 17003 17664 E Weex    : Weex Window::requestNextFrame 0xb8690920
12-31 18:46:28.948 17003 17664 E Weex    : Weex Window::requestNextFrame page not null
12-31 18:46:28.948 17003 17664 E Weex    : Weex mRequestFrame 0
12-31 18:46:28.948 17003 17029 E Weex    : Weex onFrame 0 1
12-31 18:46:28.948 17003 17029 E Weex    : Weex tickerList 0 
12-31 18:46:28.948 17003 17029 E Weex    : WeexRender layout start 0
12-31 18:46:28.948 17003 17029 E Weex    : WeexRender layout end used 0.005859
12-31 18:46:28.965 17003 17003 E Weex    : Weex window Invalidate
12-31 18:46:28.965 17003 17664 E Weex    : Weex Window::requestNextFrame 0xb8690920
12-31 18:46:28.965 17003 17664 E Weex    : Weex Window::requestNextFrame page not null
12-31 18:46:28.965 17003 17664 E Weex    : Weex mRequestFrame 0
12-31 18:46:28.965 17003 17029 E Weex    : Weex onFrame 0 1
12-31 18:46:28.965 17003 17029 E Weex    : Weex tickerList 0 
12-31 18:46:28.965 17003 17029 E Weex    : WeexRender layout start 0
12-31 18:46:28.965 17003 17029 E Weex    : WeexRender layout end used 0.005859
12-31 18:46:28.981 17003 17003 E Weex    : Weex window Invalidate
12-31 18:46:28.982 17003 17664 E Weex    : Weex Window::requestNextFrame 0xb8690920
12-31 18:46:28.982 17003 17664 E Weex    : Weex Window::requestNextFrame page not null
12-31 18:46:28.982 17003 17664 E Weex    : Weex mRequestFrame 0
12-31 18:46:28.982 17003 17029 E Weex    : Weex onFrame 0 1
12-31 18:46:28.982 17003 17029 E Weex    : Weex tickerList 0 
12-31 18:46:28.982 17003 17029 E Weex    : WeexRender layout start 0
12-31 18:46:28.982 17003 17029 E Weex    : WeexRender layout end used 0.005615
12-31 18:46:28.998 17003 17003 E Weex    : Weex window Invalidate
12-31 18:46:28.999 17003 17664 E Weex    : Weex Window::requestNextFrame 0xb8690920
12-31 18:46:28.999 17003 17664 E Weex    : Weex Window::requestNextFrame page not null
12-31 18:46:28.999 17003 17664 E Weex    : Weex mRequestFrame 0
12-31 18:46:28.999 17003 17029 E Weex    : Weex onFrame 0 1
12-31 18:46:28.999 17003 17029 E Weex    : Weex tickerList 0 
12-31 18:46:28.999 17003 17029 E Weex    : WeexRender layout start 0
12-31 18:46:28.999 17003 17029 E Weex    : WeexRender layout end used 0.006348
12-31 18:46:29.015 17003 17003 E Weex    : Weex window Invalidate
12-31 18:46:29.015 17003 17664 E Weex    : Weex Window::requestNextFrame 0xb8690920
12-31 18:46:29.015 17003 17664 E Weex    : Weex Window::requestNextFrame page not null
12-31 18:46:29.015 17003 17664 E Weex    : Weex mRequestFrame 0
12-31 18:46:29.016 17003 17029 E Weex    : Weex onFrame 0 1
12-31 18:46:29.016 17003 17029 E Weex    : Weex tickerList 0 
12-31 18:46:29.016 17003 17029 E Weex    : WeexRender layout start 0
12-31 18:46:29.016 17003 17029 E Weex    : WeexRender layout end used 0.006104
12-31 18:46:29.032 17003 17003 E Weex    : Weex window Invalidate
12-31 18:46:29.032 17003 17664 E Weex    : Weex Window::requestNextFrame 0xb8690920
12-31 18:46:29.032 17003 17664 E Weex    : Weex Window::requestNextFrame page not null
12-31 18:46:29.032 17003 17664 E Weex    : Weex mRequestFrame 0
12-31 18:46:29.033 17003 17029 E Weex    : Weex onFrame 0 1
12-31 18:46:29.033 17003 17029 E Weex    : Weex tickerList 0 
12-31 18:46:29.033 17003 17029 E Weex    : WeexRender layout start 0
12-31 18:46:29.033 17003 17029 E Weex    : WeexRender layout end used 0.006104
12-31 18:46:29.049 17003 17003 E Weex    : Weex window Invalidate
12-31 18:46:29.049 17003 17664 E Weex    : Weex Window::requestNextFrame 0xb8690920
12-31 18:46:29.049 17003 17664 E Weex    : Weex Window::requestNextFrame page not null
12-31 18:46:29.049 17003 17664 E Weex    : Weex mRequestFrame 0
12-31 18:46:29.049 17003 17029 E Weex    : Weex onFrame 0 1
12-31 18:46:29.049 17003 17029 E Weex    : Weex tickerList 0 
12-31 18:46:29.050 17003 17029 E Weex    : WeexRender layout start 0
12-31 18:46:29.050 17003 17029 E Weex    : WeexRender layout end used 0.006104
12-31 18:46:29.066 17003 17003 E Weex    : Weex window Invalidate
12-31 18:46:29.066 17003 17664 E Weex    : Weex Window::requestNextFrame 0xb8690920
12-31 18:46:29.066 17003 17664 E Weex    : Weex Window::requestNextFrame page not null
12-31 18:46:29.066 17003 17664 E Weex    : Weex mRequestFrame 0
12-31 18:46:29.066 17003 17029 E Weex    : Weex onFrame 0 1
12-31 18:46:29.066 17003 17029 E Weex    : Weex tickerList 0 
12-31 18:46:29.066 17003 17029 E Weex    : WeexRender layout start 0
12-31 18:46:29.066 17003 17029 E Weex    : WeexRender layout end used 0.005615
12-31 18:46:29.083 17003 17003 E Weex    : Weex window Invalidate
12-31 18:46:29.083 17003 17664 E Weex    : Weex Window::requestNextFrame 0xb8690920
12-31 18:46:29.083 17003 17664 E Weex    : Weex Window::requestNextFrame page not null
12-31 18:46:29.083 17003 17664 E Weex    : Weex mRequestFrame 0
12-31 18:46:29.083 17003 17029 E Weex    : Weex onFrame 0 1
12-31 18:46:29.083 17003 17029 E Weex    : Weex tickerList 0 
12-31 18:46:29.083 17003 17029 E Weex    : WeexRender layout start 0
12-31 18:46:29.083 17003 17029 E Weex    : WeexRender layout end used 0.005371
12-31 18:46:29.100 17003 17003 E Weex    : Weex window Invalidate
12-31 18:46:29.100 17003 17664 E Weex    : Weex Window::requestNextFrame 0xb8690920
12-31 18:46:29.100 17003 17664 E Weex    : Weex Window::requestNextFrame page not null
12-31 18:46:29.100 17003 17664 E Weex    : Weex mRequestFrame 0
12-31 18:46:29.100 17003 17029 E Weex    : Weex onFrame 0 1
12-31 18:46:29.100 17003 17029 E Weex    : Weex tickerList 0 
12-31 18:46:29.100 17003 17029 E Weex    : WeexRender layout start 0
12-31 18:46:29.100 17003 17029 E Weex    : WeexRender layout end used 0.005615
12-31 18:46:29.117 17003 17003 E Weex    : Weex window Invalidate
12-31 18:46:29.117 17003 17664 E Weex    : Weex Window::requestNextFrame 0xb8690920
12-31 18:46:29.117 17003 17664 E Weex    : Weex Window::requestNextFrame page not null
12-31 18:46:29.117 17003 17664 E Weex    : Weex mRequestFrame 0
12-31 18:46:29.117 17003 17029 E Weex    : Weex onFrame 0 1
12-31 18:46:29.117 17003 17029 E Weex    : Weex tickerList 0 
12-31 18:46:29.117 17003 17029 E Weex    : WeexRender layout start 0
12-31 18:46:29.117 17003 17029 E Weex    : WeexRender layout end used 0.005859
12-31 18:46:29.133 17003 17003 E Weex    : Weex window Invalidate
12-31 18:46:29.134 17003 17664 E Weex    : Weex Window::requestNextFrame 0xb8690920
12-31 18:46:29.134 17003 17664 E Weex    : Weex Window::requestNextFrame page not null
12-31 18:46:29.134 17003 17664 E Weex    : Weex mRequestFrame 0
12-31 18:46:29.134 17003 17029 E Weex    : Weex onFrame 0 1
12-31 18:46:29.134 17003 17029 E Weex    : Weex tickerList 0 
12-31 18:46:29.134 17003 17029 E Weex    : WeexRender layout start 0
12-31 18:46:29.134 17003 17029 E Weex    : WeexRender layout end used 0.005615
12-31 18:46:29.150 17003 17003 E Weex    : Weex window Invalidate
12-31 18:46:29.150 17003 17664 E Weex    : Weex Window::requestNextFrame 0xb8690920
12-31 18:46:29.150 17003 17664 E Weex    : Weex Window::requestNextFrame page not null
12-31 18:46:29.150 17003 17664 E Weex    : Weex mRequestFrame 0
12-31 18:46:29.150 17003 17029 E Weex    : Weex onFrame 0 1
12-31 18:46:29.150 17003 17029 E Weex    : Weex tickerList 0 
12-31 18:46:29.150 17003 17029 E Weex    : WeexRender layout start 0
12-31 18:46:29.150 17003 17029 E Weex    : WeexRender layout end used 0.011963
12-31 18:46:29.167 17003 17003 E Weex    : Weex window Invalidate
12-31 18:46:29.167 17003 17664 E Weex    : Weex Window::requestNextFrame 0xb8690920
12-31 18:46:29.167 17003 17664 E Weex    : Weex Window::requestNextFrame page not null
12-31 18:46:29.167 17003 17664 E Weex    : Weex mRequestFrame 0
12-31 18:46:29.167 17003 17029 E Weex    : Weex onFrame 0 1
12-31 18:46:29.167 17003 17029 E Weex    : Weex tickerList 0 
12-31 18:46:29.167 17003 17029 E Weex    : WeexRender layout start 0
12-31 18:46:29.167 17003 17029 E Weex    : WeexRender layout end used 0.012695
12-31 18:46:29.184 17003 17003 E Weex    : Weex window Invalidate
12-31 18:46:29.184 17003 17664 E Weex    : Weex Window::requestNextFrame 0xb8690920
12-31 18:46:29.184 17003 17664 E Weex    : Weex Window::requestNextFrame page not null
12-31 18:46:29.184 17003 17664 E Weex    : Weex mRequestFrame 0
12-31 18:46:29.184 17003 17029 E Weex    : Weex onFrame 0 1
12-31 18:46:29.185 17003 17029 E Weex    : Weex tickerList 0 
12-31 18:46:29.185 17003 17029 E Weex    : WeexRender layout start 0
12-31 18:46:29.185 17003 17029 E Weex    : WeexRender layout end used 0.013428
12-31 18:46:29.201 17003 17003 E Weex    : Weex window Invalidate
12-31 18:46:29.201 17003 17664 E Weex    : Weex Window::requestNextFrame 0xb8690920
12-31 18:46:29.201 17003 17664 E Weex    : Weex Window::requestNextFrame page not null
12-31 18:46:29.201 17003 17664 E Weex    : Weex mRequestFrame 0
12-31 18:46:29.201 17003 17029 E Weex    : Weex onFrame 0 1
12-31 18:46:29.201 17003 17029 E Weex    : Weex tickerList 0 
12-31 18:46:29.201 17003 17029 E Weex    : WeexRender layout start 0
12-31 18:46:29.201 17003 17029 E Weex    : WeexRender layout end used 0.012451
12-31 18:46:29.218 17003 17003 E Weex    : Weex window Invalidate
12-31 18:46:29.218 17003 17664 E Weex    : Weex Window::requestNextFrame 0xb8690920
12-31 18:46:29.218 17003 17664 E Weex    : Weex Window::requestNextFrame page not null
12-31 18:46:29.218 17003 17664 E Weex    : Weex mRequestFrame 0
12-31 18:46:29.218 17003 17029 E Weex    : Weex onFrame 0 1
12-31 18:46:29.218 17003 17029 E Weex    : Weex tickerList 0 
12-31 18:46:29.218 17003 17029 E Weex    : WeexRender layout start 0
12-31 18:46:29.218 17003 17029 E Weex    : WeexRender layout end used 0.011963
12-31 18:46:29.235 17003 17003 E Weex    : Weex window Invalidate
12-31 18:46:29.235 17003 17664 E Weex    : Weex Window::requestNextFrame 0xb8690920
12-31 18:46:29.235 17003 17664 E Weex    : Weex Window::requestNextFrame page not null
12-31 18:46:29.235 17003 17664 E Weex    : Weex mRequestFrame 0
12-31 18:46:29.235 17003 17029 E Weex    : Weex onFrame 0 1
12-31 18:46:29.235 17003 17029 E Weex    : Weex tickerList 0 
12-31 18:46:29.235 17003 17029 E Weex    : WeexRender layout start 0
12-31 18:46:29.235 17003 17029 E Weex    : WeexRender layout end used 0.013428
12-31 18:46:29.252 17003 17003 E Weex    : Weex window Invalidate
12-31 18:46:29.252 17003 17664 E Weex    : Weex Window::requestNextFrame 0xb8690920
12-31 18:46:29.252 17003 17664 E Weex    : Weex Window::requestNextFrame page not null
12-31 18:46:29.252 17003 17664 E Weex    : Weex mRequestFrame 0
12-31 18:46:29.252 17003 17029 E Weex    : Weex onFrame 0 1
12-31 18:46:29.252 17003 17029 E Weex    : Weex tickerList 0 
12-31 18:46:29.252 17003 17029 E Weex    : WeexRender layout start 0
12-31 18:46:29.252 17003 17029 E Weex    : WeexRender layout end used 0.012695
12-31 18:46:29.268 17003 17003 E Weex    : Weex window Invalidate
12-31 18:46:29.268 17003 17664 E Weex    : Weex Window::requestNextFrame 0xb8690920
12-31 18:46:29.268 17003 17664 E Weex    : Weex Window::requestNextFrame page not null
12-31 18:46:29.268 17003 17664 E Weex    : Weex mRequestFrame 0
12-31 18:46:29.269 17003 17029 E Weex    : Weex onFrame 0 1
12-31 18:46:29.269 17003 17029 E Weex    : Weex tickerList 0 
12-31 18:46:29.269 17003 17029 E Weex    : WeexRender layout start 0
12-31 18:46:29.269 17003 17029 E Weex    : WeexRender layout end used 0.012939
12-31 18:46:29.285 17003 17003 E Weex    : Weex window Invalidate
12-31 18:46:29.286 17003 17664 E Weex    : Weex Window::requestNextFrame 0xb8690920
12-31 18:46:29.286 17003 17664 E Weex    : Weex Window::requestNextFrame page not null
12-31 18:46:29.286 17003 17664 E Weex    : Weex mRequestFrame 0
12-31 18:46:29.286 17003 17029 E Weex    : Weex onFrame 0 1
12-31 18:46:29.286 17003 17029 E Weex    : Weex tickerList 0 
12-31 18:46:29.286 17003 17029 E Weex    : WeexRender layout start 0
12-31 18:46:29.286 17003 17029 E Weex    : WeexRender layout end used 0.049316
12-31 18:46:29.302 17003 17003 E Weex    : Weex window Invalidate
12-31 18:46:29.302 17003 17664 E Weex    : Weex Window::requestNextFrame 0xb8690920
12-31 18:46:29.302 17003 17664 E Weex    : Weex Window::requestNextFrame page not null
12-31 18:46:29.302 17003 17664 E Weex    : Weex mRequestFrame 0
12-31 18:46:29.303 17003 17029 E Weex    : Weex onFrame 0 1
12-31 18:46:29.303 17003 17029 E Weex    : Weex tickerList 0 
12-31 18:46:29.303 17003 17029 E Weex    : WeexRender layout start 0
12-31 18:46:29.303 17003 17029 E Weex    : WeexRender layout end used 0.046387
12-31 18:46:29.319 17003 17003 E Weex    : Weex window Invalidate
12-31 18:46:29.319 17003 17664 E Weex    : Weex Window::requestNextFrame 0xb8690920
12-31 18:46:29.319 17003 17664 E Weex    : Weex Window::requestNextFrame page not null
12-31 18:46:29.319 17003 17664 E Weex    : Weex mRequestFrame 0
12-31 18:46:29.320 17003 17029 E Weex    : Weex onFrame 0 1
12-31 18:46:29.320 17003 17029 E Weex    : Weex tickerList 0 
12-31 18:46:29.320 17003 17029 E Weex    : WeexRender layout start 0
12-31 18:46:29.320 17003 17029 E Weex    : WeexRender layout end used 0.013428
12-31 18:46:29.336 17003 17003 E Weex    : Weex window Invalidate
12-31 18:46:29.336 17003 17664 E Weex    : Weex Window::requestNextFrame 0xb8690920
12-31 18:46:29.336 17003 17664 E Weex    : Weex Window::requestNextFrame page not null
12-31 18:46:29.336 17003 17664 E Weex    : Weex mRequestFrame 0
12-31 18:46:29.336 17003 17029 E Weex    : Weex onFrame 0 1
12-31 18:46:29.336 17003 17029 E Weex    : Weex tickerList 0 
12-31 18:46:29.336 17003 17029 E Weex    : WeexRender layout start 0
12-31 18:46:29.336 17003 17029 E Weex    : WeexRender layout end used 0.014160
12-31 18:46:29.353 17003 17003 E Weex    : Weex window Invalidate
12-31 18:46:29.353 17003 17664 E Weex    : Weex Window::requestNextFrame 0xb8690920
12-31 18:46:29.353 17003 17664 E Weex    : Weex Window::requestNextFrame page not null
12-31 18:46:29.353 17003 17664 E Weex    : Weex mRequestFrame 0
12-31 18:46:29.353 17003 17029 E Weex    : Weex onFrame 0 1
12-31 18:46:29.353 17003 17029 E Weex    : Weex tickerList 0 
12-31 18:46:29.353 17003 17029 E Weex    : WeexRender layout start 0
12-31 18:46:29.353 17003 17029 E Weex    : WeexRender layout end used 0.013184
12-31 18:46:29.370 17003 17003 E Weex    : Weex window Invalidate
12-31 18:46:29.370 17003 17664 E Weex    : Weex Window::requestNextFrame 0xb8690920
12-31 18:46:29.370 17003 17664 E Weex    : Weex Window::requestNextFrame page not null
12-31 18:46:29.370 17003 17664 E Weex    : Weex mRequestFrame 0
12-31 18:46:29.370 17003 17029 E Weex    : Weex onFrame 0 1
12-31 18:46:29.370 17003 17029 E Weex    : Weex tickerList 0 
12-31 18:46:29.370 17003 17029 E Weex    : WeexRender layout start 0
12-31 18:46:29.370 17003 17029 E Weex    : WeexRender layout end used 0.012695
12-31 18:46:29.387 17003 17003 E Weex    : Weex window Invalidate
12-31 18:46:29.387 17003 17664 E Weex    : Weex Window::requestNextFrame 0xb8690920
12-31 18:46:29.387 17003 17664 E Weex    : Weex Window::requestNextFrame page not null
12-31 18:46:29.387 17003 17664 E Weex    : Weex mRequestFrame 0
12-31 18:46:29.388 17003 17029 E Weex    : Weex onFrame 0 1
12-31 18:46:29.388 17003 17029 E Weex    : Weex tickerList 0 
12-31 18:46:29.388 17003 17029 E Weex    : WeexRender layout start 0
12-31 18:46:29.388 17003 17029 E Weex    : WeexRender layout end used 0.013916
12-31 18:46:29.404 17003 17003 E Weex    : Weex window Invalidate
12-31 18:46:29.404 17003 17664 E Weex    : Weex Window::requestNextFrame 0xb8690920
12-31 18:46:29.404 17003 17664 E Weex    : Weex Window::requestNextFrame page not null
12-31 18:46:29.404 17003 17664 E Weex    : Weex mRequestFrame 0
12-31 18:46:29.404 17003 17029 E Weex    : Weex onFrame 0 1
12-31 18:46:29.404 17003 17029 E Weex    : Weex tickerList 0 
12-31 18:46:29.404 17003 17029 E Weex    : WeexRender layout start 0
12-31 18:46:29.404 17003 17029 E Weex    : WeexRender layout end used 0.014160
12-31 18:46:29.421 17003 17003 E Weex    : Weex window Invalidate
12-31 18:46:29.421 17003 17664 E Weex    : Weex Window::requestNextFrame 0xb8690920
12-31 18:46:29.421 17003 17664 E Weex    : Weex Window::requestNextFrame page not null
12-31 18:46:29.421 17003 17664 E Weex    : Weex mRequestFrame 0
12-31 18:46:29.421 17003 17029 E Weex    : Weex onFrame 0 1
12-31 18:46:29.421 17003 17029 E Weex    : Weex tickerList 0 
12-31 18:46:29.421 17003 17029 E Weex    : WeexRender layout start 0
12-31 18:46:29.421 17003 17029 E Weex    : WeexRender layout end used 0.013672
12-31 18:46:29.437 17003 17003 E Weex    : Weex window Invalidate
12-31 18:46:29.438 17003 17664 E Weex    : Weex Window::requestNextFrame 0xb8690920
12-31 18:46:29.438 17003 17664 E Weex    : Weex Window::requestNextFrame page not null
12-31 18:46:29.438 17003 17664 E Weex    : Weex mRequestFrame 0
12-31 18:46:29.438 17003 17029 E Weex    : Weex onFrame 0 1
12-31 18:46:29.438 17003 17029 E Weex    : Weex tickerList 0 
12-31 18:46:29.438 17003 17029 E Weex    : WeexRender layout start 0
12-31 18:46:29.438 17003 17029 E Weex    : WeexRender layout end used 0.012939
12-31 18:46:29.454 17003 17003 E Weex    : Weex window Invalidate
12-31 18:46:29.455 17003 17664 E Weex    : Weex Window::requestNextFrame 0xb8690920
12-31 18:46:29.455 17003 17664 E Weex    : Weex Window::requestNextFrame page not null
12-31 18:46:29.455 17003 17664 E Weex    : Weex mRequestFrame 0
12-31 18:46:29.455 17003 17029 E Weex    : Weex onFrame 0 1
12-31 18:46:29.455 17003 17029 E Weex    : Weex tickerList 0 
12-31 18:46:29.455 17003 17029 E Weex    : WeexRender layout start 0
12-31 18:46:29.455 17003 17029 E Weex    : WeexRender layout end used 0.012695
12-31 18:46:29.472 17003 17003 E Weex    : Weex window Invalidate
12-31 18:46:29.472 17003 17664 E Weex    : Weex Window::requestNextFrame 0xb8690920
12-31 18:46:29.472 17003 17664 E Weex    : Weex Window::requestNextFrame page not null
12-31 18:46:29.472 17003 17664 E Weex    : Weex mRequestFrame 0
12-31 18:46:29.473 17003 17029 E Weex    : Weex onFrame 0 1
12-31 18:46:29.473 17003 17029 E Weex    : Weex tickerList 0 
12-31 18:46:29.473 17003 17029 E Weex    : WeexRender layout start 0
12-31 18:46:29.473 17003 17029 E Weex    : WeexRender layout end used 0.013672
12-31 18:46:29.488 17003 17003 E Weex    : Weex window Invalidate
12-31 18:46:29.488 17003 17664 E Weex    : Weex Window::requestNextFrame 0xb8690920
12-31 18:46:29.488 17003 17664 E Weex    : Weex Window::requestNextFrame page not null
12-31 18:46:29.488 17003 17664 E Weex    : Weex mRequestFrame 0
12-31 18:46:29.489 17003 17029 E Weex    : Weex onFrame 0 1
12-31 18:46:29.489 17003 17029 E Weex    : Weex tickerList 0 
12-31 18:46:29.489 17003 17029 E Weex    : WeexRender layout start 0
12-31 18:46:29.489 17003 17029 E Weex    : WeexRender layout end used 0.017334
12-31 18:46:29.505 17003 17003 E Weex    : Weex window Invalidate
12-31 18:46:29.506 17003 17664 E Weex    : Weex Window::requestNextFrame 0xb8690920
12-31 18:46:29.506 17003 17664 E Weex    : Weex Window::requestNextFrame page not null
12-31 18:46:29.506 17003 17664 E Weex    : Weex mRequestFrame 0
12-31 18:46:29.506 17003 17029 E Weex    : Weex onFrame 0 1
12-31 18:46:29.506 17003 17029 E Weex    : Weex tickerList 0 
12-31 18:46:29.506 17003 17029 E Weex    : WeexRender layout start 0
12-31 18:46:29.506 17003 17029 E Weex    : WeexRender layout end used 0.018799
12-31 18:46:29.522 17003 17003 E Weex    : Weex window Invalidate
12-31 18:46:29.523 17003 17664 E Weex    : Weex Window::requestNextFrame 0xb8690920
12-31 18:46:29.523 17003 17664 E Weex    : Weex Window::requestNextFrame page not null
12-31 18:46:29.523 17003 17664 E Weex    : Weex mRequestFra